Component: ARM Compiler 5.06 update 3 (build 300) Tool: armlink [4d35c9]

==============================================================================

Section Cross References

    startup_stm32f407xx.o(RESET) refers to startup_stm32f407xx.o(STACK) for __initial_sp
    startup_stm32f407xx.o(RESET) refers to startup_stm32f407xx.o(.text) for Reset_Handler
    startup_stm32f407xx.o(RESET) refers to stm32f4xx_it.o(i.NMI_Handler) for NMI_Handler
    startup_stm32f407xx.o(RESET) refers to stm32f4xx_it.o(i.HardFault_Handler) for HardFault_Handler
    startup_stm32f407xx.o(RESET) refers to stm32f4xx_it.o(i.MemManage_Handler) for MemManage_Handler
    startup_stm32f407xx.o(RESET) refers to stm32f4xx_it.o(i.BusFault_Handler) for BusFault_Handler
    startup_stm32f407xx.o(RESET) refers to stm32f4xx_it.o(i.UsageFault_Handler) for UsageFault_Handler
    startup_stm32f407xx.o(RESET) refers to stm32f4xx_it.o(i.SVC_Handler) for SVC_Handler
    startup_stm32f407xx.o(RESET) refers to stm32f4xx_it.o(i.DebugMon_Handler) for DebugMon_Handler
    startup_stm32f407xx.o(RESET) refers to stm32f4xx_it.o(i.PendSV_Handler) for PendSV_Handler
    startup_stm32f407xx.o(RESET) refers to stm32f4xx_it.o(i.SysTick_Handler) for SysTick_Handler
    startup_stm32f407xx.o(.text) refers to system_stm32f4xx.o(i.SystemInit) for SystemInit
    startup_stm32f407xx.o(.text) refers to entry.o(.ARM.Collect$$$$00000000) for __main
    stm32f4xx_hal_msp.o(i.HAL_MspInit) refers to stm32f4xx_hal_cortex.o(i.HAL_NVIC_SetPriorityGrouping) for HAL_NVIC_SetPriorityGrouping
    stm32f4xx_hal_msp.o(i.HAL_MspInit) refers to stm32f4xx_hal_cortex.o(i.HAL_NVIC_SetPriority) for HAL_NVIC_SetPriority
    usart.o(i.HAL_UART_MspDeInit) refers to stm32f4xx_hal_gpio.o(i.HAL_GPIO_DeInit) for HAL_GPIO_DeInit
    usart.o(i.HAL_UART_MspInit) refers to stm32f4xx_hal_gpio.o(i.HAL_GPIO_Init) for HAL_GPIO_Init
    usart.o(i.MX_USART1_UART_Init) refers to stm32f4xx_hal_uart.o(i.HAL_UART_Init) for HAL_UART_Init
    usart.o(i.MX_USART1_UART_Init) refers to main.o(i._Error_Handler) for _Error_Handler
    usart.o(i.MX_USART1_UART_Init) refers to usart.o(.bss) for .bss
    usart.o(i.fputc) refers to stm32f4xx_hal_uart.o(i.HAL_UART_Transmit) for HAL_UART_Transmit
    usart.o(i.fputc) refers to usart.o(.bss) for .bss
    stm32f4xx_it.o(i.SysTick_Handler) refers to stm32f4xx_hal.o(i.HAL_IncTick) for HAL_IncTick
    stm32f4xx_it.o(i.SysTick_Handler) refers to stm32f4xx_hal_cortex.o(i.HAL_SYSTICK_IRQHandler) for HAL_SYSTICK_IRQHandler
    gpio.o(i.MX_GPIO_Init) refers to stm32f4xx_hal_gpio.o(i.HAL_GPIO_WritePin) for HAL_GPIO_WritePin
    gpio.o(i.MX_GPIO_Init) refers to stm32f4xx_hal_gpio.o(i.HAL_GPIO_Init) for HAL_GPIO_Init
    main.o(i.SystemClock_Config) refers to stm32f4xx_hal_rcc.o(i.HAL_RCC_OscConfig) for HAL_RCC_OscConfig
    main.o(i.SystemClock_Config) refers to stm32f4xx_hal_rcc.o(i.HAL_RCC_ClockConfig) for HAL_RCC_ClockConfig
    main.o(i.SystemClock_Config) refers to stm32f4xx_hal_rcc.o(i.HAL_RCC_GetHCLKFreq) for HAL_RCC_GetHCLKFreq
    main.o(i.SystemClock_Config) refers to stm32f4xx_hal_cortex.o(i.HAL_SYSTICK_Config) for HAL_SYSTICK_Config
    main.o(i.SystemClock_Config) refers to stm32f4xx_hal_cortex.o(i.HAL_SYSTICK_CLKSourceConfig) for HAL_SYSTICK_CLKSourceConfig
    main.o(i.SystemClock_Config) refers to stm32f4xx_hal_cortex.o(i.HAL_NVIC_SetPriority) for HAL_NVIC_SetPriority
    main.o(i.main) refers to stm32f4xx_hal.o(i.HAL_Init) for HAL_Init
    main.o(i.main) refers to main.o(i.SystemClock_Config) for SystemClock_Config
    main.o(i.main) refers to gpio.o(i.MX_GPIO_Init) for MX_GPIO_Init
    main.o(i.main) refers to usart.o(i.MX_USART1_UART_Init) for MX_USART1_UART_Init
    main.o(i.main) refers to tim.o(i.MX_TIM7_Init) for MX_TIM7_Init
    main.o(i.main) refers to tim.o(i.delay_ms) for delay_ms
    main.o(i.main) refers to inv_mpu.o(i.mpu_dmp_init) for mpu_dmp_init
    main.o(i.main) refers to inv_mpu.o(i.mpu_mpl_get_data) for mpu_mpl_get_data
    main.o(i.main) refers to mpu9250.o(i.MPU_Get_Accelerometer) for MPU_Get_Accelerometer
    main.o(i.main) refers to mpu9250.o(i.MPU_Get_Gyroscope) for MPU_Get_Gyroscope
    main.o(i.main) refers to mpu9250.o(i.MPU_Get_Temperature) for MPU_Get_Temperature
    main.o(i.main) refers to f2d.o(.text) for __aeabi_f2d
    main.o(i.main) refers to printfa.o(i.__0printf) for __2printf
    myiic.o(i.IIC_Ack) refers to tim.o(i.delay_us) for delay_us
    myiic.o(i.IIC_NAck) refers to tim.o(i.delay_us) for delay_us
    myiic.o(i.IIC_Read_Byte) refers to tim.o(i.delay_us) for delay_us
    myiic.o(i.IIC_Read_Byte) refers to myiic.o(i.IIC_Ack) for IIC_Ack
    myiic.o(i.IIC_Read_Byte) refers to myiic.o(i.IIC_NAck) for IIC_NAck
    myiic.o(i.IIC_Send_Byte) refers to tim.o(i.delay_us) for delay_us
    myiic.o(i.IIC_Start) refers to tim.o(i.delay_us) for delay_us
    myiic.o(i.IIC_Stop) refers to tim.o(i.delay_us) for delay_us
    myiic.o(i.IIC_Wait_Ack) refers to tim.o(i.delay_us) for delay_us
[...]
    DMA1_Stream5_IRQHandler                  0x080001b7   Thumb Code     0  startup_stm32f407xx.o(.text)
    DMA1_Stream6_IRQHandler                  0x080001b7   Thumb Code     0  startup_stm32f407xx.o(.text)
    DMA1_Stream7_IRQHandler                  0x080001b7   Thumb Code     0  startup_stm32f407xx.o(.text)
    DMA2_Stream0_IRQHandler                  0x080001b7   Thumb Code     0  startup_stm32f407xx.o(.text)
    DMA2_Stream1_IRQHandler                  0x080001b7   Thumb Code     0  startup_stm32f407xx.o(.text)
    DMA2_Stream2_IRQHandler                  0x080001b7   Thumb Code     0  startup_stm32f407xx.o(.text)
    DMA2_Stream3_IRQHandler                  0x080001b7   Thumb Code     0  startup_stm32f407xx.o(.text)
    DMA2_Stream4_IRQHandler                  0x080001b7   Thumb Code     0  startup_stm32f407xx.o(.text)
    DMA2_Stream5_IRQHandler                  0x080001b7   Thumb Code     0  startup_stm32f407xx.o(.text)
    DMA2_Stream6_IRQHandler                  0x080001b7   Thumb Code     0  startup_stm32f407xx.o(.text)
    DMA2_Stream7_IRQHandler                  0x080001b7   Thumb Code     0  startup_stm32f407xx.o(.text)
    ETH_IRQHandler                           0x080001b7   Thumb Code     0  startup_stm32f407xx.o(.text)
    ETH_WKUP_IRQHandler                      0x080001b7   Thumb Code     0  startup_stm32f407xx.o(.text)
    EXTI0_IRQHandler                         0x080001b7   Thumb Code     0  startup_stm32f407xx.o(.text)
    EXTI15_10_IRQHandler                     0x080001b7   Thumb Code     0  startup_stm32f407xx.o(.text)
    EXTI1_IRQHandler                         0x080001b7   Thumb Code     0  startup_stm32f407xx.o(.text)
    EXTI2_IRQHandler                         0x080001b7   Thumb Code     0  startup_stm32f407xx.o(.text)
    EXTI3_IRQHandler                         0x080001b7   Thumb Code     0  startup_stm32f407xx.o(.text)
    EXTI4_IRQHandler                         0x080001b7   Thumb Code     0  startup_stm32f407xx.o(.text)
    EXTI9_5_IRQHandler                       0x080001b7   Thumb Code     0  startup_stm32f407xx.o(.text)
    FLASH_IRQHandler                         0x080001b7   Thumb Code     0  startup_stm32f407xx.o(.text)
    FMC_IRQHandler                           0x080001b7   Thumb Code     0  startup_stm32f407xx.o(.text)
    FPU_IRQHandler                           0x080001b7   Thumb Code     0  startup_stm32f407xx.o(.text)
    HASH_RNG_IRQHandler                      0x080001b7   Thumb Code     0  startup_stm32f407xx.o(.text)
    I2C1_ER_IRQHandler                       0x080001b7   Thumb Code     0  startup_stm32f407xx.o(.text)
    I2C1_EV_IRQHandler                       0x080001b7   Thumb Code     0  startup_stm32f407xx.o(.text)
    I2C2_ER_IRQHandler                       0x080001b7   Thumb Code     0  startup_stm32f407xx.o(.text)
    I2C2_EV_IRQHandler                       0x080001b7   Thumb Code     0  startup_stm32f407xx.o(.text)
    I2C3_ER_IRQHandler                       0x080001b7   Thumb Code     0  startup_stm32f407xx.o(.text)
    I2C3_EV_IRQHandler                       0x080001b7   Thumb Code     0  startup_stm32f407xx.o(.text)
    OTG_FS_IRQHandler                        0x080001b7   Thumb Code     0  startup_stm32f407xx.o(.text)
    OTG_FS_WKUP_IRQHandler                   0x080001b7   Thumb Code     0  startup_stm32f407xx.o(.text)
    OTG_HS_EP1_IN_IRQHandler                 0x080001b7   Thumb Code     0  startup_stm32f407xx.o(.text)
    OTG_HS_EP1_OUT_IRQHandler                0x080001b7   Thumb Code     0  startup_stm32f407xx.o(.text)
    OTG_HS_IRQHandler                        0x080001b7   Thumb Code     0  startup_stm32f407xx.o(.text)
    OTG_HS_WKUP_IRQHandler                   0x080001b7   Thumb Code     0  startup_stm32f407xx.o(.text)
    PVD_IRQHandler                           0x080001b7   Thumb Code     0  startup_stm32f407xx.o(.text)
    RCC_IRQHandler                           0x080001b7   Thumb Code     0  startup_stm32f407xx.o(.text)
    RTC_Alarm_IRQHandler                     0x080001b7   Thumb Code     0  startup_stm32f407xx.o(.text)
    RTC_WKUP_IRQHandler                      0x080001b7   Thumb Code     0  startup_stm32f407xx.o(.text)
    SDIO_IRQHandler                          0x080001b7   Thumb Code     0  startup_stm32f407xx.o(.text)
    SPI1_IRQHandler                          0x080001b7   Thumb Code     0  startup_stm32f407xx.o(.text)
    SPI2_IRQHandler                          0x080001b7   Thumb Code     0  startup_stm32f407xx.o(.text)
    SPI3_IRQHandler                          0x080001b7   Thumb Code     0  startup_stm32f407xx.o(.text)
    TAMP_STAMP_IRQHandler                    0x080001b7   Thumb Code     0  startup_stm32f407xx.o(.text)
    TIM1_BRK_TIM9_IRQHandler                 0x080001b7   Thumb Code     0  startup_stm32f407xx.o(.text)
    TIM1_CC_IRQHandler                       0x080001b7   Thumb Code     0  startup_stm32f407xx.o(.text)
    TIM1_TRG_COM_TIM11_IRQHandler            0x080001b7   Thumb Code     0  startup_stm32f407xx.o(.text)
    TIM1_UP_TIM10_IRQHandler                 0x080001b7   Thumb Code     0  startup_stm32f407xx.o(.text)
    TIM2_IRQHandler                          0x080001b7   Thumb Code     0  startup_stm32f407xx.o(.text)
    TIM3_IRQHandler                          0x080001b7   Thumb Code     0  startup_stm32f407xx.o(.text)
    TIM4_IRQHandler                          0x080001b7   Thumb Code     0  startup_stm32f407xx.o(.text)
    TIM5_IRQHandler                          0x080001b7   Thumb Code     0  startup_stm32f407xx.o(.text)
    TIM6_DAC_IRQHandler                      0x080001b7   Thumb Code     0  startup_stm32f407xx.o(.text)
    TIM7_IRQHandler                          0x080001b7   Thumb Code     0  startup_stm32f407xx.o(.text)
    TIM8_BRK_TIM12_IRQHandler                0x080001b7   Thumb Code     0  startup_stm32f407xx.o(.text)
    TIM8_CC_IRQHandler                       0x080001b7   Thumb Code     0  startup_stm32f407xx.o(.text)
    TIM8_TRG_COM_TIM14_IRQHandler            0x080001b7   Thumb Code     0  startup_stm32f407xx.o(.text)
    TIM8_UP_TIM13_IRQHandler                 0x080001b7   Thumb Code     0  startup_stm32f407xx.o(.text)
    UART4_IRQHandler                         0x080001b7   Thumb Code     0  startup_stm32f407xx.o(.text)
    UART5_IRQHandler                         0x080001b7   Thumb Code     0  startup_stm32f407xx.o(.text)
    USART1_IRQHandler                        0x080001b7   Thumb Code     0  startup_stm32f407xx.o(.text)
    USART2_IRQHandler                        0x080001b7   Thumb Code     0  startup_stm32f407xx.o(.text)
    USART3_IRQHandler                        0x080001b7   Thumb Code     0  startup_stm32f407xx.o(.text)
    USART6_IRQHandler                        0x080001b7   Thumb Code     0  startup_stm32f407xx.o(.text)
    WWDG_IRQHandler                          0x080001b7   Thumb Code     0  startup_stm32f407xx.o(.text)
    inv_vector_compass_cal_sensitivity       0x080001c1   Thumb Code     8  compass_vec_cal.o(.text)
    inv_cheap_rand                           0x080003af   Thumb Code    42  compass_vec_cal.o(.text)
    inv_cheap_gaussian                       0x080003d9   Thumb Code   134  compass_vec_cal.o(.text)
    inv_combine_compass_data                 0x0800045f   Thumb Code   416  compass_vec_cal.o(.text)
    inv_set_terms                            0x080005ff   Thumb Code   932  compass_vec_cal.o(.text)
    inv_compute_bias                         0x080009a3   Thumb Code  2142  compass_vec_cal.o(.text)
    inv_center_sum                           0x08001201   Thumb Code  1784  compass_vec_cal.o(.text)
    inv_get_current_calibrated_compass       0x080018f9   Thumb Code    82  compass_vec_cal.o(.text)
    inv_add_compass_block_data               0x0800194b   Thumb Code   172  compass_vec_cal.o(.text)
    inv_check_sim                            0x08001c63   Thumb Code   400  compass_vec_cal.o(.text)
    inv_reset_data_collection                0x08001df3   Thumb Code    50  compass_vec_cal.o(.text)
    inv_process_compass_only_cal             0x08001e25   Thumb Code  1720  compass_vec_cal.o(.text)
    inv_generate_vector_compass_cal          0x080024dd   Thumb Code    62  compass_vec_cal.o(.text)
    inv_start_vector_compass_cal             0x0800251b   Thumb Code    14  compass_vec_cal.o(.text)
    inv_stop_vector_compass_cal              0x08002529   Thumb Code     8  compass_vec_cal.o(.text)
    inv_init_vector_compass_cal              0x08002531   Thumb Code    92  compass_vec_cal.o(.text)
    inv_enable_vector_compass_cal            0x0800258d   Thumb Code    24  compass_vec_cal.o(.text)
    inv_disable_vector_compass_cal           0x080025a5   Thumb Code    22  compass_vec_cal.o(.text)
    inv_init_maxmin                          0x080026b1   Thumb Code    78  fast_no_motion.o(.text)
    inv_fast_nomot_parameter                 0x080026ff   Thumb Code   332  fast_no_motion.o(.text)
    inv_fast_nomot_parameter_3rd             0x0800284b   Thumb Code   190  fast_no_motion.o(.text)
    inv_fast_nomot_set_gyro_bias             0x08002909   Thumb Code   232  fast_no_motion.o(.text)
    inv_set_fast_nomot_compass_threshold     0x080029f1   Thumb Code     8  fast_no_motion.o(.text)
    int_set_fast_nomot_gyro_threshold        0x080029f9   Thumb Code     8  fast_no_motion.o(.text)
    inv_set_fast_nomot_accel_threshold       0x08002a01   Thumb Code     8  fast_no_motion.o(.text)
    inv_get_fast_nomot_compass_param         0x08002a09   Thumb Code    18  fast_no_motion.o(.text)
    inv_get_fast_nomot_accel_param           0x08002a1b   Thumb Code    18  fast_no_motion.o(.text)
    inv_fast_nomot_store_data                0x08002a2d   Thumb Code   140  fast_no_motion.o(.text)
    inv_fast_nomot_store_data_compass        0x08002ab9   Thumb Code    74  fast_no_motion.o(.text)
    inv_fast_nomot_reset_data_compass        0x08002b03   Thumb Code    36  fast_no_motion.o(.text)
    inv_fast_nomot_get_time_elaps            0x08002b27   Thumb Code     8  fast_no_motion.o(.text)
    inv_fast_nomot_parameter_compass         0x08002b2f   Thumb Code    22  fast_no_motion.o(.text)
    inv_get_right_shift_by_rounding          0x08002b45   Thumb Code    76  fast_no_motion.o(.text)
    inv_reset_min_max_gyro_accel_statistics  0x08002b91   Thumb Code    38  fast_no_motion.o(.text)
    inv_record_max_moment_in_no_motion_gyro  0x08002bb7   Thumb Code    32  fast_no_motion.o(.text)
    inv_record_max_moment_in_no_motion_accel 0x08002bd7   Thumb Code    32  fast_no_motion.o(.text)
    inv_record_min_moment_in_motion_gyro     0x08002bf7   Thumb Code    34  fast_no_motion.o(.text)
    inv_record_min_moment_in_motion_accel    0x08002c19   Thumb Code    34  fast_no_motion.o(.text)
    inv_detect_motion_by_gyro_accel          0x08002c3b   Thumb Code   214  fast_no_motion.o(.text)
    inv_sensor_data_preprocess               0x08002d11   Thumb Code   132  fast_no_motion.o(.text)
    inv_generate_fast_nomot                  0x08002d95   Thumb Code   504  fast_no_motion.o(.text)
    inv_set_default_number_of_samples        0x08002f8d   Thumb Code    62  fast_no_motion.o(.text)
    inv_init_fast_nomot                      0x08002fcb   Thumb Code    78  fast_no_motion.o(.text)
    inv_start_fast_nomot                     0x08003019   Thumb Code    56  fast_no_motion.o(.text)
    inv_stop_fast_nomot                      0x08003051   Thumb Code    20  fast_no_motion.o(.text)
    inv_enable_fast_nomot                    0x08003065   Thumb Code    24  fast_no_motion.o(.text)
    inv_disable_fast_nomot                   0x0800307d   Thumb Code    18  fast_no_motion.o(.text)
    inv_get_fnm_gyro_no_motion_param         0x0800308f   Thumb Code     8  fast_no_motion.o(.text)
    inv_fnm_debug_print                      0x08003097   Thumb Code     2  fast_no_motion.o(.text)
    inv_filter_correction_angle              0x08003175   Thumb Code   374  fusion_9axis.o(.text)
    inv_perform_9x_fusion                    0x080032eb   Thumb Code   894  fusion_9axis.o(.text)
    inv_process_9x_sensor_fusion_cb          0x08003669   Thumb Code   120  fusion_9axis.o(.text)
    inv_init_9x_fusion                       0x080036e1   Thumb Code    52  fusion_9axis.o(.text)
    inv_9x_fusion_set_mag_fb                 0x08003715   Thumb Code    10  fusion_9axis.o(.text)
    inv_9x_fusion_enable_jitter_reduction    0x0800371f   Thumb Code    10  fusion_9axis.o(.text)
    inv_9x_fusion_use_timestamps             0x08003729   Thumb Code    10  fusion_9axis.o(.text)
    inv_start_9x_sensor_fusion               0x08003733   Thumb Code    14  fusion_9axis.o(.text)
    inv_stop_9x_sensor_fusion                0x08003741   Thumb Code     8  fusion_9axis.o(.text)
    inv_enable_9x_sensor_fusion              0x08003749   Thumb Code    30  fusion_9axis.o(.text)
    inv_disable_9x_sensor_fusion             0x08003767   Thumb Code     8  fusion_9axis.o(.text)
    inv_init_gyro_ts                         0x08003af9   Thumb Code    46  gyro_tc.o(.text)
    inv_set_gtc_max_temp                     0x08003b27   Thumb Code    10  gyro_tc.o(.text)
    inv_set_gtc_min_temp                     0x08003b31   Thumb Code    10  gyro_tc.o(.text)
    inv_set_gtc_min_diff                     0x08003b3b   Thumb Code    10  gyro_tc.o(.text)
    inv_get_gyro_ts                          0x08003b45   Thumb Code    44  gyro_tc.o(.text)
    inv_set_gyro_ts                          0x08003b71   Thumb Code     4  gyro_tc.o(.text)
    inv_set_gtc_order                        0x08003b75   Thumb Code    16  gyro_tc.o(.text)
    inv_print_gtc_data                       0x08003b85   Thumb Code    62  gyro_tc.o(.text)
    inv_start_gyro_tc                        0x08003bc3   Thumb Code    10  gyro_tc.o(.text)
    inv_stop_gyro_tc                         0x08003bcd   Thumb Code     6  gyro_tc.o(.text)
    inv_enable_gyro_tc                       0x08003bd3   Thumb Code    48  gyro_tc.o(.text)
    inv_disable_gyro_tc                      0x08003c03   Thumb Code    40  gyro_tc.o(.text)
    inv_set_magnetic_disturbance             0x08003c3d   Thumb Code    16  mag_disturb.o(.text)
    inv_init_magnetic_disturbance            0x08003c4d   Thumb Code    68  mag_disturb.o(.text)
    MagDisturbSetDisturbance                 0x08003c91   Thumb Code   108  mag_disturb.o(.text)
    MagDisturbCheckSettling                  0x08003cfd   Thumb Code    68  mag_disturb.o(.text)
    ComputeAngleVelocity                     0x08003d41   Thumb Code    94  mag_disturb.o(.text)
    inv_disable_dip_tracking                 0x08003d9f   Thumb Code    10  mag_disturb.o(.text)
    Mag3ofNormalizedLong                     0x08003da9   Thumb Code    60  mag_disturb.o(.text)
    inv_track_dip_angle                      0x08003de5   Thumb Code   126  mag_disturb.o(.text)
    inv_check_magnetic_disturbance           0x08003e63   Thumb Code   758  mag_disturb.o(.text)
    inv_magnetic_disturbance_process         0x08004159   Thumb Code    50  mag_disturb.o(.text)
    inv_start_magnetic_disturbance           0x0800418b   Thumb Code    14  mag_disturb.o(.text)
    inv_stop_magnetic_disturbance            0x08004199   Thumb Code     8  mag_disturb.o(.text)
    inv_enable_magnetic_disturbance          0x080041a1   Thumb Code    40  mag_disturb.o(.text)
    inv_disable_magnetic_disturbance         0x080041c9   Thumb Code    22  mag_disturb.o(.text)
    inv_enable_dip_tracking                  0x080041df   Thumb Code    14  mag_disturb.o(.text)
    inv_get_magnetic_disturbance_state       0x080041ed   Thumb Code     8  mag_disturb.o(.text)
    inv_generate_gyro_quaternion             0x080045b5   Thumb Code   348  quaternion_supervisor.o(.text)
    inv_set_quaternion                       0x080048c7   Thumb Code    36  quaternion_supervisor.o(.text)
    inv_generate_accel_gyro_quaternion       0x080048eb   Thumb Code   468  quaternion_supervisor.o(.text)
    inv_stop_quaternion                      0x08004b03   Thumb Code     6  quaternion_supervisor.o(.text)
    inv_init_quaternion                      0x08004b09   Thumb Code    34  quaternion_supervisor.o(.text)
    inv_start_quaternion                     0x08004b2b   Thumb Code    34  quaternion_supervisor.o(.text)
    inv_enable_quaternion                    0x08004b4d   Thumb Code    24  quaternion_supervisor.o(.text)
    inv_disable_quaternion                   0x08004b65   Thumb Code    20  quaternion_supervisor.o(.text)
    inv_init_accel_maxmin                    0x08004b91   Thumb Code    34  accel_auto_cal.o(.text)
    inv_record_good_accel_maxmin             0x08004bb3   Thumb Code    58  accel_auto_cal.o(.text)
    inv_get_current_calibrated_accel         0x08004bed   Thumb Code    70  accel_auto_cal.o(.text)
    inv_sort_order_4_T                       0x08004fdd   Thumb Code   134  accel_auto_cal.o(.text)
    inv_init_check_sample_balance            0x08005063   Thumb Code    36  accel_auto_cal.o(.text)
    inv_init_check_sample_balance_parameter  0x08005087   Thumb Code    28  accel_auto_cal.o(.text)
    inv_add_accel_block_data                 0x080050a3   Thumb Code   180  accel_auto_cal.o(.text)
    inv_add_vector_block_data                0x08005157   Thumb Code   152  accel_auto_cal.o(.text)
    inv_check_sample_balance                 0x080051ef   Thumb Code   372  accel_auto_cal.o(.text)
    inv_auto_calibrate                       0x080053b5   Thumb Code   828  accel_auto_cal.o(.text)
    inv_init_in_use_auto_calibration         0x080056f1   Thumb Code    92  accel_auto_cal.o(.text)
    inv_start_in_use_auto_calibration        0x0800574d   Thumb Code    14  accel_auto_cal.o(.text)
    inv_stop_in_use_auto_calibration         0x0800575b   Thumb Code     8  accel_auto_cal.o(.text)
    inv_enable_in_use_auto_calibration       0x08005763   Thumb Code    24  accel_auto_cal.o(.text)
    inv_disable_in_use_auto_calibration      0x0800577b   Thumb Code    22  accel_auto_cal.o(.text)
    inv_get_accel_bias_stage                 0x08005791   Thumb Code     6  accel_auto_cal.o(.text)
    __aeabi_uldivmod                         0x080057d5   Thumb Code    98  uldiv.o(.text)
    __aeabi_ldivmod                          0x08005837   Thumb Code    98  ldiv.o(.text)
    __aeabi_llsl                             0x08005899   Thumb Code    30  llshl.o(.text)
    _ll_shift_l                              0x08005899   Thumb Code     0  llshl.o(.text)
    __aeabi_lasr                             0x080058b7   Thumb Code    36  llsshr.o(.text)
    _ll_sshift_r                             0x080058b7   Thumb Code     0  llsshr.o(.text)
    ___aeabi_memcpy8$move                    0x080058db   Thumb Code     0  memmovea.o(.text)
    __aeabi_memcpy                           0x080058db   Thumb Code    64  memmovea.o(.text)
    __aeabi_memcpy4                          0x080058db   Thumb Code     0  memmovea.o(.text)
    __aeabi_memmove                          0x080058db   Thumb Code     0  memmovea.o(.text)
    __aeabi_memmove4                         0x080058db   Thumb Code     0  memmovea.o(.text)
    __aeabi_memmove8                         0x080058db   Thumb Code     0  memmovea.o(.text)
    __aeabi_memset                           0x0800591b   Thumb Code    14  memseta.o(.text)
    __aeabi_memset4                          0x0800591b   Thumb Code     0  memseta.o(.text)
    __aeabi_memset8                          0x0800591b   Thumb Code     0  memseta.o(.text)
    __aeabi_memclr                           0x08005929   Thumb Code     4  memseta.o(.text)
    __aeabi_memclr4                          0x08005929   Thumb Code     0  memseta.o(.text)
    __aeabi_memclr8                          0x08005929   Thumb Code     0  memseta.o(.text)
    _memset$wrapper                          0x0800592d   Thumb Code    18  memseta.o(.text)
    memcmp                                   0x0800593f   Thumb Code    26  memcmp.o(.text)
    __aeabi_dadd                             0x08005959   Thumb Code   322  dadd.o(.text)
    __aeabi_dsub                             0x08005a9b   Thumb Code     6  dadd.o(.text)
    __aeabi_drsub                            0x08005aa1   Thumb Code     6  dadd.o(.text)
    __aeabi_dmul                             0x08005aa7   Thumb Code   228  dmul.o(.text)
    __aeabi_ddiv                             0x08005b8b   Thumb Code   222  ddiv.o(.text)
    __aeabi_l2f                              0x08005c69   Thumb Code    44  ffltl.o(.text)
    __aeabi_i2d                              0x08005c95   Thumb Code    34  dflti.o(.text)
    __aeabi_f2lz                             0x08005cb7   Thumb Code    66  ffixl.o(.text)
    __aeabi_d2iz                             0x08005cf9   Thumb Code    62  dfixi.o(.text)
    __aeabi_f2d                              0x08005d37   Thumb Code    38  f2d.o(.text)
    __aeabi_cdcmpeq                          0x08005d5d   Thumb Code     0  cdcmple.o(.text)
    __aeabi_cdcmple                          0x08005d5d   Thumb Code    48  cdcmple.o(.text)
    __aeabi_cdrcmple                         0x08005d8d   Thumb Code    48  cdrcmple.o(.text)
    __aeabi_d2f                              0x08005dbd   Thumb Code    56  d2f.o(.text)
    __aeabi_uidiv                            0x08005df5   Thumb Code     0  uidiv.o(.text)
    __aeabi_uidivmod                         0x08005df5   Thumb Code    44  uidiv.o(.text)
    __aeabi_llsr                             0x08005e21   Thumb Code    32  llushr.o(.text)
    _ll_ushift_r                             0x08005e21   Thumb Code     0  llushr.o(.text)
    __I$use$fp                               0x08005e41   Thumb Code     0  iusefp.o(.text)
    _float_round                             0x08005e41   Thumb Code    18  fepilogue.o(.text)
    _float_epilogue                          0x08005e53   Thumb Code    92  fepilogue.o(.text)
    _double_round                            0x08005eaf   Thumb Code    30  depilogue.o(.text)
    _double_epilogue                         0x08005ecd   Thumb Code   156  depilogue.o(.text)
    _dsqrt                                   0x08005f69   Thumb Code   162  dsqrt.o(.text)
    __aeabi_d2ulz                            0x0800600b   Thumb Code    48  dfixul.o(.text)
    __scatterload                            0x0800603d   Thumb Code    28  init.o(.text)
    __scatterload_rt2                        0x0800603d   Thumb Code     0  init.o(.text)
    __aeabi_ui2d                             0x08006061   Thumb Code    26  dfltui.o(.text)
    BusFault_Handler                         0x0800607b   Thumb Code     2  stm32f4xx_it.o(i.BusFault_Handler)
    DebugMon_Handler                         0x0800607d   Thumb Code     2  stm32f4xx_it.o(i.DebugMon_Handler)
    HAL_Delay                                0x08006081   Thumb Code    32  stm32f4xx_hal.o(i.HAL_Delay)
    HAL_GPIO_Init                            0x080060a5   Thumb Code   402  stm32f4xx_hal_gpio.o(i.HAL_GPIO_Init)
    HAL_GPIO_WritePin                        0x08006265   Thumb Code    10  stm32f4xx_hal_gpio.o(i.HAL_GPIO_WritePin)
    HAL_GetTick                              0x08006271   Thumb Code     6  stm32f4xx_hal.o(i.HAL_GetTick)
    HAL_IncTick                              0x0800627d   Thumb Code    12  stm32f4xx_hal.o(i.HAL_IncTick)
    HAL_Init                                 0x0800628d   Thumb Code    48  stm32f4xx_hal.o(i.HAL_Init)
    HAL_InitTick                             0x080062c1   Thumb Code    54  stm32f4xx_hal.o(i.HAL_InitTick)
    HAL_MspInit                              0x08006301   Thumb Code    88  stm32f4xx_hal_msp.o(i.HAL_MspInit)
    HAL_NVIC_SetPriority                     0x08006359   Thumb Code    60  stm32f4xx_hal_cortex.o(i.HAL_NVIC_SetPriority)
    HAL_NVIC_SetPriorityGrouping             0x08006399   Thumb Code    26  stm32f4xx_hal_cortex.o(i.HAL_NVIC_SetPriorityGrouping)
    HAL_RCC_ClockConfig                      0x080063bd   Thumb Code   286  stm32f4xx_hal_rcc.o(i.HAL_RCC_ClockConfig)
    HAL_RCC_GetHCLKFreq                      0x080064ed   Thumb Code     6  stm32f4xx_hal_rcc.o(i.HAL_RCC_GetHCLKFreq)
    HAL_RCC_GetPCLK1Freq                     0x080064f9   Thumb Code    20  stm32f4xx_hal_rcc.o(i.HAL_RCC_GetPCLK1Freq)
    HAL_RCC_GetPCLK2Freq                     0x08006519   Thumb Code    20  stm32f4xx_hal_rcc.o(i.HAL_RCC_GetPCLK2Freq)
    HAL_RCC_GetSysClockFreq                  0x08006539   Thumb Code    88  stm32f4xx_hal_rcc.o(i.HAL_RCC_GetSysClockFreq)
    HAL_RCC_OscConfig                        0x08006599   Thumb Code   766  stm32f4xx_hal_rcc.o(i.HAL_RCC_OscConfig)
    HAL_SYSTICK_CLKSourceConfig              0x080068ad   Thumb Code    24  stm32f4xx_hal_cortex.o(i.HAL_SYSTICK_CLKSourceConfig)
    HAL_SYSTICK_Callback                     0x080068c5   Thumb Code     2  stm32f4xx_hal_cortex.o(i.HAL_SYSTICK_Callback)
    HAL_SYSTICK_Config                       0x080068c7   Thumb Code    40  stm32f4xx_hal_cortex.o(i.HAL_SYSTICK_Config)
    HAL_SYSTICK_IRQHandler                   0x080068ef   Thumb Code     8  stm32f4xx_hal_cortex.o(i.HAL_SYSTICK_IRQHandler)
    HAL_TIMEx_MasterConfigSynchronization    0x080068f7   Thumb Code    80  stm32f4xx_hal_tim_ex.o(i.HAL_TIMEx_MasterConfigSynchronization)
    HAL_TIM_Base_Init                        0x08006947   Thumb Code    54  stm32f4xx_hal_tim.o(i.HAL_TIM_Base_Init)
    HAL_TIM_Base_MspInit                     0x0800697d   Thumb Code    30  tim.o(i.HAL_TIM_Base_MspInit)
    HAL_TIM_Base_Start                       0x080069a5   Thumb Code    26  stm32f4xx_hal_tim.o(i.HAL_TIM_Base_Start)
    HAL_TIM_Base_Stop                        0x080069bf   Thumb Code    44  stm32f4xx_hal_tim.o(i.HAL_TIM_Base_Stop)
    HAL_UART_Init                            0x080069eb   Thumb Code    98  stm32f4xx_hal_uart.o(i.HAL_UART_Init)
    HAL_UART_MspInit                         0x08006a4d   Thumb Code    64  usart.o(i.HAL_UART_MspInit)
    HAL_UART_Transmit                        0x08006a99   Thumb Code   186  stm32f4xx_hal_uart.o(i.HAL_UART_Transmit)
    HardFault_Handler                        0x08006b53   Thumb Code     2  stm32f4xx_it.o(i.HardFault_Handler)
    IIC_Ack                                  0x08006b55   Thumb Code    56  myiic.o(i.IIC_Ack)
    IIC_Init                                 0x08006b95   Thumb Code    14  myiic.o(i.IIC_Init)
    IIC_NAck                                 0x08006ba9   Thumb Code    56  myiic.o(i.IIC_NAck)
    IIC_Read_Byte                            0x08006be9   Thumb Code    96  myiic.o(i.IIC_Read_Byte)
    IIC_Send_Byte                            0x08006c51   Thumb Code    86  myiic.o(i.IIC_Send_Byte)
    IIC_Start                                0x08006cb1   Thumb Code    56  myiic.o(i.IIC_Start)
    IIC_Stop                                 0x08006cf1   Thumb Code    58  myiic.o(i.IIC_Stop)
    IIC_Wait_Ack                             0x08006d35   Thumb Code    74  myiic.o(i.IIC_Wait_Ack)
    MPU_Get_Accelerometer                    0x08006d89   Thumb Code    50  mpu9250.o(i.MPU_Get_Accelerometer)
    MPU_Get_Gyroscope                        0x08006dbb   Thumb Code    50  mpu9250.o(i.MPU_Get_Gyroscope)
    MPU_Get_Temperature                      0x08006ded   Thumb Code    60  mpu9250.o(i.MPU_Get_Temperature)
    MPU_Read_Len                             0x08006e39   Thumb Code   106  mpu9250.o(i.MPU_Read_Len)
    MPU_Write_Len                            0x08006ea3   Thumb Code    82  mpu9250.o(i.MPU_Write_Len)
    MX_GPIO_Init                             0x08006ef5   Thumb Code    92  gpio.o(i.MX_GPIO_Init)
    MX_TIM7_Init                             0x08006f59   Thumb Code    62  tim.o(i.MX_TIM7_Init)
    MX_USART1_UART_Init                      0x08006fb1   Thumb Code    52  usart.o(i.MX_USART1_UART_Init)
    MemManage_Handler                        0x08006ffd   Thumb Code     2  stm32f4xx_it.o(i.MemManage_Handler)
    NMI_Handler                              0x08006fff   Thumb Code     2  stm32f4xx_it.o(i.NMI_Handler)
    PendSV_Handler                           0x08007021   Thumb Code     2  stm32f4xx_it.o(i.PendSV_Handler)
    SVC_Handler                              0x08007023   Thumb Code     2  stm32f4xx_it.o(i.SVC_Handler)
    SysTick_Handler                          0x08007025   Thumb Code    14  stm32f4xx_it.o(i.SysTick_Handler)
    SystemClock_Config                       0x08007035   Thumb Code   148  main.o(i.SystemClock_Config)
    SystemInit                               0x080070d1   Thumb Code    66  system_stm32f4xx.o(i.SystemInit)
    TIM_Base_SetConfig                       0x08007125   Thumb Code   148  stm32f4xx_hal_tim.o(i.TIM_Base_SetConfig)
    UsageFault_Handler                       0x080074f3   Thumb Code     2  stm32f4xx_it.o(i.UsageFault_Handler)
    _Error_Handler                           0x080074f5   Thumb Code     2  main.o(i._Error_Handler)
    _MLPrintLog                              0x080074f7   Thumb Code   150  log_stm32.o(i._MLPrintLog)
    __0printf                                0x0800758d   Thumb Code    22  printfa.o(i.__0printf)
    __1printf                                0x0800758d   Thumb Code     0  printfa.o(i.__0printf)
    __2printf                                0x0800758d   Thumb Code     0  printfa.o(i.__0printf)
    __c89printf                              0x0800758d   Thumb Code     0  printfa.o(i.__0printf)
    printf                                   0x0800758d   Thumb Code     0  printfa.o(i.__0printf)
    __0vsprintf                              0x080075ad   Thumb Code    30  printfa.o(i.__0vsprintf)
    __1vsprintf                              0x080075ad   Thumb Code     0  printfa.o(i.__0vsprintf)
    __2vsprintf                              0x080075ad   Thumb Code     0  printfa.o(i.__0vsprintf)
    __c89vsprintf                            0x080075ad   Thumb Code     0  printfa.o(i.__0vsprintf)
    vsprintf                                 0x080075ad   Thumb Code     0  printfa.o(i.__0vsprintf)
    __ARM_fpclassify                         0x080075d1   Thumb Code    48  fpclassify.o(i.__ARM_fpclassify)
    __ARM_fpclassifyf                        0x08007601   Thumb Code    38  fpclassifyf.o(i.__ARM_fpclassifyf)
    __hardfp_acosf                           0x08007629   Thumb Code   234  acosf.o(i.__hardfp_acosf)
    __hardfp_atan2f                          0x08007741   Thumb Code   502  atan2f.o(i.__hardfp_atan2f)
    __hardfp_cos                             0x08007991   Thumb Code   180  cos.o(i.__hardfp_cos)
    __hardfp_cosf                            0x08007a59   Thumb Code   280  cosf.o(i.__hardfp_cosf)
    __hardfp_fabs                            0x08007ba9   Thumb Code    20  fabs.o(i.__hardfp_fabs)
    __hardfp_log                             0x08007bc1   Thumb Code   872  log.o(i.__hardfp_log)
    __hardfp_sinf                            0x08007f85   Thumb Code   344  sinf.o(i.__hardfp_sinf)
    __hardfp_sqrt                            0x08008115   Thumb Code   122  sqrt.o(i.__hardfp_sqrt)
    __hardfp_sqrtf                           0x0800818f   Thumb Code    58  sqrtf.o(i.__hardfp_sqrtf)
    __ieee754_rem_pio2                       0x080081c9   Thumb Code   938  rred.o(i.__ieee754_rem_pio2)
    __kernel_cos                             0x08008601   Thumb Code   322  cos_i.o(i.__kernel_cos)
    __kernel_poly                            0x08008771   Thumb Code   248  poly.o(i.__kernel_poly)
    __kernel_sin                             0x08008869   Thumb Code   280  sin_i.o(i.__kernel_sin)
    __mathlib_dbl_divzero                    0x08008999   Thumb Code    28  dunder.o(i.__mathlib_dbl_divzero)
    __mathlib_dbl_infnan                     0x080089c9   Thumb Code    20  dunder.o(i.__mathlib_dbl_infnan)
    __mathlib_dbl_invalid                    0x080089e1   Thumb Code    24  dunder.o(i.__mathlib_dbl_invalid)
    __mathlib_dbl_underflow                  0x08008a01   Thumb Code    24  dunder.o(i.__mathlib_dbl_underflow)
    __mathlib_flt_infnan                     0x08008a21   Thumb Code     6  funder.o(i.__mathlib_flt_infnan)
    __mathlib_flt_infnan2                    0x08008a27   Thumb Code     6  funder.o(i.__mathlib_flt_infnan2)
    __mathlib_flt_invalid                    0x08008a2d   Thumb Code    10  funder.o(i.__mathlib_flt_invalid)
    __mathlib_flt_underflow                  0x08008a3d   Thumb Code    10  funder.o(i.__mathlib_flt_underflow)
    __mathlib_rredf2                         0x08008a4d   Thumb Code   316  rredf.o(i.__mathlib_rredf2)
    __scatterload_copy                       0x08008bd1   Thumb Code    14  handlers.o(i.__scatterload_copy)
    __scatterload_null                       0x08008bdf   Thumb Code     2  handlers.o(i.__scatterload_null)
    __scatterload_zeroinit                   0x08008be1   Thumb Code    14  handlers.o(i.__scatterload_zeroinit)
    __set_errno                              0x08008bf1   Thumb Code     6  errno.o(i.__set_errno)
    delay_ms                                 0x08009a81   Thumb Code     4  tim.o(i.delay_ms)
    delay_us                                 0x08009a85   Thumb Code    48  tim.o(i.delay_us)
    dmp_enable_6x_lp_quat                    0x08009ab9   Thumb Code    58  inv_mpu_dmp_motion_driver.o(i.dmp_enable_6x_lp_quat)
    dmp_enable_feature                       0x08009af5   Thumb Code   468  inv_mpu_dmp_motion_driver.o(i.dmp_enable_feature)
    dmp_enable_gyro_cal                      0x08009cd1   Thumb Code    32  inv_mpu_dmp_motion_driver.o(i.dmp_enable_gyro_cal)
    dmp_enable_lp_quat                       0x08009d09   Thumb Code    58  inv_mpu_dmp_motion_driver.o(i.dmp_enable_lp_quat)
    dmp_load_motion_driver_firmware          0x08009d45   Thumb Code    16  inv_mpu_dmp_motion_driver.o(i.dmp_load_motion_driver_firmware)
    dmp_read_fifo                            0x08009d59   Thumb Code   328  inv_mpu_dmp_motion_driver.o(i.dmp_read_fifo)
    dmp_set_accel_bias                       0x08009ea5   Thumb Code   210  inv_mpu_dmp_motion_driver.o(i.dmp_set_accel_bias)
    dmp_set_fifo_rate                        0x08009f7d   Thumb Code    82  inv_mpu_dmp_motion_driver.o(i.dmp_set_fifo_rate)
    dmp_set_gyro_bias                        0x08009fe1   Thumb Code   196  inv_mpu_dmp_motion_driver.o(i.dmp_set_gyro_bias)
    dmp_set_orientation                      0x0800a0ad   Thumb Code   246  inv_mpu_dmp_motion_driver.o(i.dmp_set_orientation)
    dmp_set_shake_reject_thresh              0x0800a1b9   Thumb Code    48  inv_mpu_dmp_motion_driver.o(i.dmp_set_shake_reject_thresh)
    dmp_set_shake_reject_time                0x0800a1e9   Thumb Code    32  inv_mpu_dmp_motion_driver.o(i.dmp_set_shake_reject_time)
    dmp_set_shake_reject_timeout             0x0800a209   Thumb Code    32  inv_mpu_dmp_motion_driver.o(i.dmp_set_shake_reject_timeout)
    dmp_set_tap_axes                         0x0800a229   Thumb Code    64  inv_mpu_dmp_motion_driver.o(i.dmp_set_tap_axes)
    dmp_set_tap_count                        0x0800a269   Thumb Code    34  inv_mpu_dmp_motion_driver.o(i.dmp_set_tap_count)
    dmp_set_tap_thresh                       0x0800a28d   Thumb Code   314  inv_mpu_dmp_motion_driver.o(i.dmp_set_tap_thresh)
    dmp_set_tap_time                         0x0800a3ed   Thumb Code    32  inv_mpu_dmp_motion_driver.o(i.dmp_set_tap_time)
    dmp_set_tap_time_multi                   0x0800a40d   Thumb Code    32  inv_mpu_dmp_motion_driver.o(i.dmp_set_tap_time_multi)
    fabs                                     0x0800a42d   Thumb Code    24  fabs.o(i.fabs)
    fputc                                    0x0800a445   Thumb Code    20  usart.o(i.fputc)
    inv_apply_calibration                    0x0800ada1   Thumb Code   106  data_builder.o(i.inv_apply_calibration)
    inv_build_accel                          0x0800ae0d   Thumb Code    96  data_builder.o(i.inv_build_accel)
    inv_build_compass                        0x0800ae75   Thumb Code   124  data_builder.o(i.inv_build_compass)
    inv_build_gyro                           0x0800aef9   Thumb Code    42  data_builder.o(i.inv_build_gyro)
    inv_build_temp                           0x0800af29   Thumb Code    24  data_builder.o(i.inv_build_temp)
    inv_compass_angle                        0x0800af45   Thumb Code   162  ml_math_func.o(i.inv_compass_angle)
    inv_convert_to_body_with_scale           0x0800aff1   Thumb Code    90  ml_math_func.o(i.inv_convert_to_body_with_scale)
    inv_enable_eMPL_outputs                  0x0800b09d   Thumb Code    20  empl_outputs.o(i.inv_enable_eMPL_outputs)
    inv_enable_results_holder                0x0800b0b9   Thumb Code    22  results_holder.o(i.inv_enable_results_holder)
    inv_execute_mpl_start_notification       0x0800b0d5   Thumb Code    36  start_manager.o(i.inv_execute_mpl_start_notification)
    inv_execute_on_data                      0x0800b0fd   Thumb Code   118  data_builder.o(i.inv_execute_on_data)
    inv_generate_results                     0x0800b225   Thumb Code    10  results_holder.o(i.inv_generate_results)
    inv_get_6axis_quaternion                 0x0800b235   Thumb Code    14  results_holder.o(i.inv_get_6axis_quaternion)
    inv_get_acc_state                        0x0800b249   Thumb Code     6  results_holder.o(i.inv_get_acc_state)
    inv_get_accel_accuracy                   0x0800b255   Thumb Code     6  data_builder.o(i.inv_get_accel_accuracy)
    inv_get_accel_on                         0x0800b261   Thumb Code    12  data_builder.o(i.inv_get_accel_on)
    inv_get_accel_set                        0x0800b271   Thumb Code    34  data_builder.o(i.inv_get_accel_set)
    inv_get_compass_bias                     0x0800b299   Thumb Code    14  data_builder.o(i.inv_get_compass_bias)
    inv_get_compass_correction               0x0800b2ad   Thumb Code    20  results_holder.o(i.inv_get_compass_correction)
    inv_get_compass_on                       0x0800b2c5   Thumb Code    12  data_builder.o(i.inv_get_compass_on)
    inv_get_compass_soft_iron_output_data    0x0800b2d5   Thumb Code    24  data_builder.o(i.inv_get_compass_soft_iron_output_data)
    inv_get_compass_state                    0x0800b2f1   Thumb Code     6  results_holder.o(i.inv_get_compass_state)
    inv_get_gravity                          0x0800b2fd   Thumb Code    80  results_holder.o(i.inv_get_gravity)
    inv_get_gyro                             0x0800b351   Thumb Code    10  data_builder.o(i.inv_get_gyro)
    inv_get_gyro_accuracy                    0x0800b361   Thumb Code     6  data_builder.o(i.inv_get_gyro_accuracy)
    inv_get_gyro_bias                        0x0800b36d   Thumb Code    26  data_builder.o(i.inv_get_gyro_bias)
    inv_get_gyro_bias_tc_set                 0x0800b391   Thumb Code    20  data_builder.o(i.inv_get_gyro_bias_tc_set)
    inv_get_gyro_on                          0x0800b3a9   Thumb Code    10  data_builder.o(i.inv_get_gyro_on)
    inv_get_gyro_sum_of_sqr                  0x0800b3b9   Thumb Code    24  ml_math_func.o(i.inv_get_gyro_sum_of_sqr)
    inv_get_large_mag_field                  0x0800b3d1   Thumb Code     6  results_holder.o(i.inv_get_large_mag_field)
    inv_get_last_timestamp                   0x0800b3dd   Thumb Code    66  data_builder.o(i.inv_get_last_timestamp)
    inv_get_linear_accel                     0x0800b425   Thumb Code    58  results_holder.o(i.inv_get_linear_accel)
    inv_get_linear_accel_float               0x0800b461   Thumb Code    62  results_holder.o(i.inv_get_linear_accel_float)
    inv_get_local_field                      0x0800b4a5   Thumb Code    10  results_holder.o(i.inv_get_local_field)
    inv_get_mag_accuracy                     0x0800b4b5   Thumb Code    20  data_builder.o(i.inv_get_mag_accuracy)
    inv_get_motion_state                     0x0800b4d1   Thumb Code    12  results_holder.o(i.inv_get_motion_state)
    inv_get_quaternion                       0x0800b4e1   Thumb Code    48  results_holder.o(i.inv_get_quaternion)
    inv_get_quaternion_set                   0x0800b515   Thumb Code    56  results_holder.o(i.inv_get_quaternion_set)
    inv_get_sensor_type_euler                0x0800b54d   Thumb Code   412  empl_outputs.o(i.inv_get_sensor_type_euler)
    inv_get_sensor_type_gravity              0x0800b70d   Thumb Code    88  hal_outputs.o(i.inv_get_sensor_type_gravity)
    inv_got_compass_bias                     0x0800b76d   Thumb Code     6  results_holder.o(i.inv_got_compass_bias)
    inv_init_data_builder                    0x0800b779   Thumb Code    44  data_builder.o(i.inv_init_data_builder)
    inv_init_mpl                             0x0800b7b5   Thumb Code    94  mpl.o(i.inv_init_mpl)
    inv_init_results_holder                  0x0800b82d   Thumb Code    40  results_holder.o(i.inv_init_results_holder)
    inv_init_start_manager                   0x0800b85d   Thumb Code    14  start_manager.o(i.inv_init_start_manager)
    inv_init_storage_manager                 0x0800b871   Thumb Code    20  storage_manager.o(i.inv_init_storage_manager)
    inv_orientation_matrix_to_scalar         0x0800b889   Thumb Code    34  ml_math_func.o(i.inv_orientation_matrix_to_scalar)
    inv_q29_mult                             0x0800b8ab   Thumb Code    12  ml_math_func.o(i.inv_q29_mult)
    inv_q30_mult                             0x0800b8b7   Thumb Code    12  ml_math_func.o(i.inv_q30_mult)
    inv_q_add                                0x0800b8c3   Thumb Code    36  ml_math_func.o(i.inv_q_add)
    inv_q_addf                               0x0800b8e7   Thumb Code    66  ml_math_func.o(i.inv_q_addf)
    inv_q_invert                             0x0800b929   Thumb Code    24  ml_math_func.o(i.inv_q_invert)
    inv_q_invertf                            0x0800b941   Thumb Code    46  ml_math_func.o(i.inv_q_invertf)
    inv_q_mult                               0x0800b96f   Thumb Code   176  ml_math_func.o(i.inv_q_mult)
    inv_q_multf                              0x0800ba1f   Thumb Code   210  ml_math_func.o(i.inv_q_multf)
    inv_q_norm4                              0x0800baf1   Thumb Code   126  ml_math_func.o(i.inv_q_norm4)
    inv_q_normalizef                         0x0800bb75   Thumb Code   170  ml_math_func.o(i.inv_q_normalizef)
    inv_q_rotate                             0x0800bc25   Thumb Code    64  ml_math_func.o(i.inv_q_rotate)
    inv_quaternion_to_rotation               0x0800bc65   Thumb Code   218  ml_math_func.o(i.inv_quaternion_to_rotation)
    inv_register_data_cb                     0x0800bd41   Thumb Code   154  data_builder.o(i.inv_register_data_cb)
    inv_register_load_store                  0x0800bde9   Thumb Code   100  storage_manager.o(i.inv_register_load_store)
    inv_register_mpl_start_notification      0x0800be51   Thumb Code    28  start_manager.o(i.inv_register_mpl_start_notification)
    inv_reset_compass_soft_iron_matrix       0x0800be71   Thumb Code    68  data_builder.o(i.inv_reset_compass_soft_iron_matrix)
    inv_set_accel_accuracy                   0x0800bf09   Thumb Code    22  data_builder.o(i.inv_set_accel_accuracy)
    inv_set_accel_bias_found                 0x0800bf25   Thumb Code     6  results_holder.o(i.inv_set_accel_bias_found)
    inv_set_accel_bias_mask                  0x0800bf31   Thumb Code    72  data_builder.o(i.inv_set_accel_bias_mask)
    inv_set_accel_orientation_and_scale      0x0800bf81   Thumb Code     8  data_builder.o(i.inv_set_accel_orientation_and_scale)
    inv_set_accel_sample_rate                0x0800bf8d   Thumb Code    34  data_builder.o(i.inv_set_accel_sample_rate)
    inv_set_compass_bias                     0x0800bfb9   Thumb Code    68  data_builder.o(i.inv_set_compass_bias)
    inv_set_compass_bias_error               0x0800c001   Thumb Code    10  results_holder.o(i.inv_set_compass_bias_error)
    inv_set_compass_bias_found               0x0800c011   Thumb Code     6  results_holder.o(i.inv_set_compass_bias_found)
    inv_set_compass_correction               0x0800c01d   Thumb Code    28  results_holder.o(i.inv_set_compass_correction)
    inv_set_compass_disturbance              0x0800c03d   Thumb Code     8  data_builder.o(i.inv_set_compass_disturbance)
    inv_set_compass_orientation_and_scale    0x0800c049   Thumb Code    12  data_builder.o(i.inv_set_compass_orientation_and_scale)
    inv_set_compass_sample_rate              0x0800c059   Thumb Code    34  data_builder.o(i.inv_set_compass_sample_rate)
    inv_set_compass_soft_iron_input_data     0x0800c085   Thumb Code    70  data_builder.o(i.inv_set_compass_soft_iron_input_data)
    inv_set_compass_state                    0x0800c0d5   Thumb Code     6  results_holder.o(i.inv_set_compass_state)
    inv_set_gyro_bias                        0x0800c161   Thumb Code    88  data_builder.o(i.inv_set_gyro_bias)
    inv_set_gyro_orientation_and_scale       0x0800c1bd   Thumb Code     8  data_builder.o(i.inv_set_gyro_orientation_and_scale)
    inv_set_gyro_sample_rate                 0x0800c1c9   Thumb Code    30  data_builder.o(i.inv_set_gyro_sample_rate)
    inv_set_message                          0x0800c1f1   Thumb Code    16  message_layer.o(i.inv_set_message)
    inv_set_motion_state                     0x0800c205   Thumb Code    48  results_holder.o(i.inv_set_motion_state)
    inv_start_mpl                            0x0800c249   Thumb Code    34  mpl.o(i.inv_start_mpl)
    inv_start_results_holder                 0x0800c285   Thumb Code    18  results_holder.o(i.inv_start_results_holder)
    inv_store_gaming_quaternion              0x0800c29d   Thumb Code    28  results_holder.o(i.inv_store_gaming_quaternion)
    inv_unregister_data_cb                   0x0800c2bd   Thumb Code    70  data_builder.o(i.inv_unregister_data_cb)
    inv_unregister_mpl_start_notification    0x0800c309   Thumb Code    66  start_manager.o(i.inv_unregister_mpl_start_notification)
    main                                     0x0800c351   Thumb Code   160  main.o(i.main)
    mget_ms                                  0x0800c43d   Thumb Code     2  inv_mpu.o(i.mget_ms)
    mlMatrixVectorMult                       0x0800c43f   Thumb Code    50  ml_math_func.o(i.mlMatrixVectorMult)
    mpu_configure_fifo                       0x0800c471   Thumb Code    84  inv_mpu.o(i.mpu_configure_fifo)
    mpu_dmp_init                             0x0800c4c9   Thumb Code   342  inv_mpu.o(i.mpu_dmp_init)
    mpu_get_accel_fsr                        0x0800c62d   Thumb Code    54  inv_mpu.o(i.mpu_get_accel_fsr)
    mpu_get_accel_sens                       0x0800c669   Thumb Code    62  inv_mpu.o(i.mpu_get_accel_sens)
    mpu_get_compass_reg                      0x0800c6ad   Thumb Code   124  inv_mpu.o(i.mpu_get_compass_reg)
    mpu_get_gyro_fsr                         0x0800c72d   Thumb Code    48  inv_mpu.o(i.mpu_get_gyro_fsr)
    mpu_get_gyro_sens                        0x0800c761   Thumb Code    54  inv_mpu.o(i.mpu_get_gyro_sens)
    mpu_get_lpf                              0x0800c7ad   Thumb Code    52  inv_mpu.o(i.mpu_get_lpf)
    mpu_get_sample_rate                      0x0800c7e5   Thumb Code    22  inv_mpu.o(i.mpu_get_sample_rate)
    mpu_get_temperature                      0x0800c801   Thumb Code   112  inv_mpu.o(i.mpu_get_temperature)
    mpu_init                                 0x0800c87d   Thumb Code   212  inv_mpu.o(i.mpu_init)
    mpu_load_firmware                        0x0800c955   Thumb Code   158  inv_mpu.o(i.mpu_load_firmware)
    mpu_lp_accel_mode                        0x0800c9f9   Thumb Code   180  inv_mpu.o(i.mpu_lp_accel_mode)
    mpu_mpl_get_data                         0x0800cab1   Thumb Code   224  inv_mpu.o(i.mpu_mpl_get_data)
    mpu_read_fifo_stream                     0x0800cb99   Thumb Code   140  inv_mpu.o(i.mpu_read_fifo_stream)
    mpu_read_mem                             0x0800cc29   Thumb Code    80  inv_mpu.o(i.mpu_read_mem)
    mpu_reset_fifo                           0x0800cc7d   Thumb Code   344  inv_mpu.o(i.mpu_reset_fifo)
    mpu_run_6500_self_test                   0x0800cdd9   Thumb Code   348  inv_mpu.o(i.mpu_run_6500_self_test)
    mpu_set_accel_fsr                        0x0800d051   Thumb Code    98  inv_mpu.o(i.mpu_set_accel_fsr)
    mpu_set_bypass                           0x0800d0b9   Thumb Code   214  inv_mpu.o(i.mpu_set_bypass)
    mpu_set_compass_sample_rate              0x0800d195   Thumb Code    72  inv_mpu.o(i.mpu_set_compass_sample_rate)
    mpu_set_dmp_state                        0x0800d1e1   Thumb Code   114  inv_mpu.o(i.mpu_set_dmp_state)
    mpu_set_gyro_fsr                         0x0800d259   Thumb Code   104  inv_mpu.o(i.mpu_set_gyro_fsr)
    mpu_set_int_latched                      0x0800d2c5   Thumb Code    94  inv_mpu.o(i.mpu_set_int_latched)
    mpu_set_lpf                              0x0800d329   Thumb Code   102  inv_mpu.o(i.mpu_set_lpf)
    mpu_set_sample_rate                      0x0800d395   Thumb Code   130  inv_mpu.o(i.mpu_set_sample_rate)
    mpu_set_sensors                          0x0800d41d   Thumb Code   304  inv_mpu.o(i.mpu_set_sensors)
    mpu_write_mem                            0x0800d551   Thumb Code    80  inv_mpu.o(i.mpu_write_mem)
    run_self_test                            0x0800d5a5   Thumb Code   138  inv_mpu.o(i.run_self_test)
    sqrtf                                    0x0800d85d   Thumb Code    62  sqrtf.o(i.sqrtf)
    AHBPrescTable                            0x0800d89a   Data          16  system_stm32f4xx.o(.constdata)
    APBPrescTable                            0x0800d8aa   Data           8  system_stm32f4xx.o(.constdata)
    ml_ver                                   0x0800d8b2   Data          20  mpl.o(.constdata)
    reg                                      0x0800d8e1   Data          42  inv_mpu.o(.constdata)
    hw                                       0x0800d90c   Data          14  inv_mpu.o(.constdata)
    test                                     0x0800d91c   Data          48  inv_mpu.o(.constdata)
    __mathlib_zero                           0x0800e7b0   Data           8  qnan.o(.constdata)
    Region$$Table$$Base                      0x0800e918   Number         0  anon$$obj.o(Region$$Table)
    Region$$Table$$Limit                     0x0800e938   Number         0  anon$$obj.o(Region$$Table)
    uwTickFreq                               0x20000000   Data           1  stm32f4xx_hal.o(.data)
    uwTickPrio                               0x20000004   Data           4  stm32f4xx_hal.o(.data)
    uwTick                                   0x20000008   Data           4  stm32f4xx_hal.o(.data)
    SystemCoreClock                          0x2000000c   Data           4  system_stm32f4xx.o(.data)
    mpl_key                                  0x20000014   Data           4  inv_mpu.o(.data)
    __stdout                                 0x20000074   Data           4  stdout.o(.data)
    huart1                                   0x2000007c   Data          64  usart.o(.bss)
    htim7                                    0x200000bc   Data          60  tim.o(.bss)
    cb                                       0x20000740   Data         232  compass_vec_cal.o(.bss)
    cb_test                                  0x20000828   Data         232  compass_vec_cal.o(.bss)
    cb_sim                                   0x20000910   Data         232  compass_vec_cal.o(.bss)
    vc                                       0x200009f8   Data         424  compass_vec_cal.o(.bss)
    fnm                                      0x20000ba0   Data         608  fast_no_motion.o(.bss)
    s9axis                                   0x20000e40   Data         312  fusion_9axis.o(.bss)
    mag_disturb                              0x2000113c   Data         184  mag_disturb.o(.bss)
    __initial_sp                             0x20001b18   Data           0  startup_stm32f407xx.o(STACK)



==============================================================================

Memory Map of the image

  Image Entry point : 0x08000189

  Load Region LR_IROM1 (Base: 0x08000000, Size: 0x0000e9b4, Max: 0x00100000, ABSOLUTE)

    Execution Region ER_IROM1 (Base: 0x08000000, Size: 0x0000e938, Max: 0x00100000, ABSOLUTE)

    Base Addr    Size         Type   Attr      Idx    E Section Name        Object

    0x08000000   0x00000188   Data   RO            3    RESET               startup_stm32f407xx.o
    0x08000188   0x00000000   Code   RO         5316  * .ARM.Collect$$$$00000000  mc_w.l(entry.o)
    0x08000188   0x00000004   Code   RO         5674    .ARM.Collect$$$$00000001  mc_w.l(entry2.o)
    0x0800018c   0x00000004   Code   RO         5677    .ARM.Collect$$$$00000004  mc_w.l(entry5.o)
    0x08000190   0x00000000   Code   RO         5679    .ARM.Collect$$$$00000008  mc_w.l(entry7b.o)
    0x08000190   0x00000000   Code   RO         5681    .ARM.Collect$$$$0000000A  mc_w.l(entry8b.o)
    0x08000190   0x00000008   Code   RO         5682    .ARM.Collect$$$$0000000B  mc_w.l(entry9a.o)
    0x08000198   0x00000000   Code   RO         5684    .ARM.Collect$$$$0000000D  mc_w.l(entry10a.o)
    0x08000198   0x00000000   Code   RO         5686    .ARM.Collect$$$$0000000F  mc_w.l(entry11a.o)
    0x08000198   0x00000004   Code   RO         5675    .ARM.Collect$$$$00002712  mc_w.l(entry2.o)
    0x0800019c   0x00000024   Code   RO            4    .text               startup_stm32f407xx.o
    0x080001c0   0x000024f0   Code   RO         4876    .text               libmpllib.lib(compass_vec_cal.o)
    0x080026b0   0x00000a18   Code   RO         4966    .text               libmpllib.lib(fast_no_motion.o)
    0x080030c8   0x000006b0   Code   RO         4999    .text               libmpllib.lib(fusion_9axis.o)
    0x08003778   0x000004c4   Code   RO         5021    .text               libmpllib.lib(gyro_tc.o)
    0x08003c3c   0x000005c0   Code   RO         5039    .text               libmpllib.lib(mag_disturb.o)
    0x080041fc   0x00000994   Code   RO         5061    .text               libmpllib.lib(quaternion_supervisor.o)
    0x08004b90   0x00000c44   Code   RO         5079    .text               libmpllib.lib(accel_auto_cal.o)
    0x080057d4   0x00000062   Code   RO         5319    .text               mc_w.l(uldiv.o)
    0x08005836   0x00000062   Code   RO         5321    .text               mc_w.l(ldiv.o)
    0x08005898   0x0000001e   Code   RO         5323    .text               mc_w.l(llshl.o)
    0x080058b6   0x00000024   Code   RO         5325    .text               mc_w.l(llsshr.o)
    0x080058da   0x00000040   Code   RO         5329    .text               mc_w.l(memmovea.o)
    0x0800591a   0x00000024   Code   RO         5331    .text               mc_w.l(memseta.o)
    0x0800593e   0x0000001a   Code   RO         5333    .text               mc_w.l(memcmp.o)
    0x08005958   0x0000014e   Code   RO         5600    .text               mf_w.l(dadd.o)
    0x08005aa6   0x000000e4   Code   RO         5602    .text               mf_w.l(dmul.o)
    0x08005b8a   0x000000de   Code   RO         5604    .text               mf_w.l(ddiv.o)
    0x08005c68   0x0000002c   Code   RO         5606    .text               mf_w.l(ffltl.o)
    0x08005c94   0x00000022   Code   RO         5608    .text               mf_w.l(dflti.o)
    0x08005cb6   0x00000042   Code   RO         5610    .text               mf_w.l(ffixl.o)
    0x08005cf8   0x0000003e   Code   RO         5612    .text               mf_w.l(dfixi.o)
    0x08005d36   0x00000026   Code   RO         5614    .text               mf_w.l(f2d.o)
    0x08005d5c   0x00000030   Code   RO         5616    .text               mf_w.l(cdcmple.o)
    0x08005d8c   0x00000030   Code   RO         5618    .text               mf_w.l(cdrcmple.o)
    0x08005dbc   0x00000038   Code   RO         5620    .text               mf_w.l(d2f.o)
    0x08005df4   0x0000002c   Code   RO         5689    .text               mc_w.l(uidiv.o)
    0x08005e20   0x00000020   Code   RO         5691    .text               mc_w.l(llushr.o)
    0x08005e40   0x00000000   Code   RO         5700    .text               mc_w.l(iusefp.o)
    0x08005e40   0x0000006e   Code   RO         5701    .text               mf_w.l(fepilogue.o)
    0x08005eae   0x000000ba   Code   RO         5703    .text               mf_w.l(depilogue.o)
    0x08005f68   0x000000a2   Code   RO         5709    .text               mf_w.l(dsqrt.o)
    0x0800600a   0x00000030   Code   RO         5711    .text               mf_w.l(dfixul.o)
    0x0800603a   0x00000002   PAD
    0x0800603c   0x00000024   Code   RO         5713    .text               mc_w.l(init.o)
    0x08006060   0x0000001a   Code   RO         5715    .text               mf_w.l(dfltui.o)
    0x0800607a   0x00000002   Code   RO          182    i.BusFault_Handler  stm32f4xx_it.o
    0x0800607c   0x00000002   Code   RO          183    i.DebugMon_Handler  stm32f4xx_it.o
    0x0800607e   0x00000002   PAD
    0x08006080   0x00000024   Code   RO          682    i.HAL_Delay         stm32f4xx_hal.o
    0x080060a4   0x000001c0   Code   RO          903    i.HAL_GPIO_Init     stm32f4xx_hal_gpio.o
    0x08006264   0x0000000a   Code   RO          907    i.HAL_GPIO_WritePin  stm32f4xx_hal_gpio.o
    0x0800626e   0x00000002   PAD
    0x08006270   0x0000000c   Code   RO          688    i.HAL_GetTick       stm32f4xx_hal.o
    0x0800627c   0x00000010   Code   RO          692    i.HAL_IncTick       stm32f4xx_hal.o
    0x0800628c   0x00000034   Code   RO          693    i.HAL_Init          stm32f4xx_hal.o
    0x080062c0   0x00000040   Code   RO          694    i.HAL_InitTick      stm32f4xx_hal.o
    0x08006300   0x00000058   Code   RO           13    i.HAL_MspInit       stm32f4xx_hal_msp.o
    0x08006358   0x00000040   Code   RO         1216    i.HAL_NVIC_SetPriority  stm32f4xx_hal_cortex.o
    0x08006398   0x00000024   Code   RO         1217    i.HAL_NVIC_SetPriorityGrouping  stm32f4xx_hal_cortex.o
    0x080063bc   0x00000130   Code   RO         2654    i.HAL_RCC_ClockConfig  stm32f4xx_hal_rcc.o
    0x080064ec   0x0000000c   Code   RO         2659    i.HAL_RCC_GetHCLKFreq  stm32f4xx_hal_rcc.o
    0x080064f8   0x00000020   Code   RO         2661    i.HAL_RCC_GetPCLK1Freq  stm32f4xx_hal_rcc.o
    0x08006518   0x00000020   Code   RO         2662    i.HAL_RCC_GetPCLK2Freq  stm32f4xx_hal_rcc.o
    0x08006538   0x00000060   Code   RO         2663    i.HAL_RCC_GetSysClockFreq  stm32f4xx_hal_rcc.o
    0x08006598   0x00000314   Code   RO         2666    i.HAL_RCC_OscConfig  stm32f4xx_hal_rcc.o
    0x080068ac   0x00000018   Code   RO         1219    i.HAL_SYSTICK_CLKSourceConfig  stm32f4xx_hal_cortex.o
    0x080068c4   0x00000002   Code   RO         1220    i.HAL_SYSTICK_Callback  stm32f4xx_hal_cortex.o
    0x080068c6   0x00000028   Code   RO         1221    i.HAL_SYSTICK_Config  stm32f4xx_hal_cortex.o
    0x080068ee   0x00000008   Code   RO         1222    i.HAL_SYSTICK_IRQHandler  stm32f4xx_hal_cortex.o
    0x080068f6   0x00000050   Code   RO          983    i.HAL_TIMEx_MasterConfigSynchronization  stm32f4xx_hal_tim_ex.o
    0x08006946   0x00000036   Code   RO         1466    i.HAL_TIM_Base_Init  stm32f4xx_hal_tim.o
    0x0800697c   0x00000028   Code   RO          407    i.HAL_TIM_Base_MspInit  tim.o
    0x080069a4   0x0000001a   Code   RO         1469    i.HAL_TIM_Base_Start  stm32f4xx_hal_tim.o
    0x080069be   0x0000002c   Code   RO         1472    i.HAL_TIM_Base_Stop  stm32f4xx_hal_tim.o
    0x080069ea   0x00000062   Code   RO         2352    i.HAL_UART_Init     stm32f4xx_hal_uart.o
    0x08006a4c   0x0000004c   Code   RO          132    i.HAL_UART_MspInit  usart.o
    0x08006a98   0x000000ba   Code   RO         2360    i.HAL_UART_Transmit  stm32f4xx_hal_uart.o
    0x08006b52   0x00000002   Code   RO          184    i.HardFault_Handler  stm32f4xx_it.o
    0x08006b54   0x00000040   Code   RO          337    i.IIC_Ack           myiic.o
    0x08006b94   0x00000014   Code   RO          338    i.IIC_Init          myiic.o
    0x08006ba8   0x00000040   Code   RO          339    i.IIC_NAck          myiic.o
    0x08006be8   0x00000068   Code   RO          340    i.IIC_Read_Byte     myiic.o
    0x08006c50   0x00000060   Code   RO          341    i.IIC_Send_Byte     myiic.o
    0x08006cb0   0x00000040   Code   RO          342    i.IIC_Start         myiic.o
    0x08006cf0   0x00000044   Code   RO          343    i.IIC_Stop          myiic.o
    0x08006d34   0x00000054   Code   RO          344    i.IIC_Wait_Ack      myiic.o
    0x08006d88   0x00000032   Code   RO          461    i.MPU_Get_Accelerometer  mpu9250.o
    0x08006dba   0x00000032   Code   RO          462    i.MPU_Get_Gyroscope  mpu9250.o
    0x08006dec   0x0000004c   Code   RO          464    i.MPU_Get_Temperature  mpu9250.o
    0x08006e38   0x0000006a   Code   RO          466    i.MPU_Read_Len      mpu9250.o
    0x08006ea2   0x00000052   Code   RO          472    i.MPU_Write_Len     mpu9250.o
    0x08006ef4   0x00000064   Code   RO          257    i.MX_GPIO_Init      gpio.o
    0x08006f58   0x00000058   Code   RO          408    i.MX_TIM7_Init      tim.o
    0x08006fb0   0x0000004c   Code   RO          133    i.MX_USART1_UART_Init  usart.o
    0x08006ffc   0x00000002   Code   RO          185    i.MemManage_Handler  stm32f4xx_it.o
    0x08006ffe   0x00000002   Code   RO          186    i.NMI_Handler       stm32f4xx_it.o
    0x08007000   0x00000020   Code   RO         1223    i.NVIC_SetPriority  stm32f4xx_hal_cortex.o
    0x08007020   0x00000002   Code   RO          187    i.PendSV_Handler    stm32f4xx_it.o
    0x08007022   0x00000002   Code   RO          188    i.SVC_Handler       stm32f4xx_it.o
    0x08007024   0x0000000e   Code   RO          189    i.SysTick_Handler   stm32f4xx_it.o
    0x08007032   0x00000002   PAD
    0x08007034   0x0000009c   Code   RO          281    i.SystemClock_Config  main.o
    0x080070d0   0x00000054   Code   RO         2797    i.SystemInit        system_stm32f4xx.o
    0x08007124   0x000000c0   Code   RO         1550    i.TIM_Base_SetConfig  stm32f4xx_hal_tim.o
    0x080071e4   0x000002ac   Code   RO         2378    i.UART_SetConfig    stm32f4xx_hal_uart.o
    0x08007490   0x00000062   Code   RO         2380    i.UART_WaitOnFlagUntilTimeout  stm32f4xx_hal_uart.o
    0x080074f2   0x00000002   Code   RO          190    i.UsageFault_Handler  stm32f4xx_it.o
    0x080074f4   0x00000002   Code   RO          282    i._Error_Handler    main.o
    0x080074f6   0x00000096   Code   RO         4843    i._MLPrintLog       log_stm32.o
    0x0800758c   0x00000020   Code   RO         5572    i.__0printf         mc_w.l(printfa.o)
    0x080075ac   0x00000024   Code   RO         5578    i.__0vsprintf       mc_w.l(printfa.o)
    0x080075d0   0x00000030   Code   RO         5639    i.__ARM_fpclassify  m_wm.l(fpclassify.o)
    0x08007600   0x00000026   Code   RO         5641    i.__ARM_fpclassifyf  m_wm.l(fpclassifyf.o)
    0x08007626   0x00000002   PAD
    0x08007628   0x00000118   Code   RO         5122    i.__hardfp_acosf    m_wm.l(acosf.o)
    0x08007740   0x00000250   Code   RO         5186    i.__hardfp_atan2f   m_wm.l(atan2f.o)
    0x08007990   0x000000c8   Code   RO         5204    i.__hardfp_cos      m_wm.l(cos.o)
    0x08007a58   0x00000150   Code   RO         5216    i.__hardfp_cosf     m_wm.l(cosf.o)
    0x08007ba8   0x00000014   Code   RO         5228    i.__hardfp_fabs     m_wm.l(fabs.o)
    0x08007bbc   0x00000004   PAD
    0x08007bc0   0x000003c4   Code   RO         5240    i.__hardfp_log      m_wm.l(log.o)
    0x08007f84   0x00000190   Code   RO         5280    i.__hardfp_sinf     m_wm.l(sinf.o)
    0x08008114   0x0000007a   Code   RO         5292    i.__hardfp_sqrt     m_wm.l(sqrt.o)
    0x0800818e   0x0000003a   Code   RO         5304    i.__hardfp_sqrtf    m_wm.l(sqrtf.o)
    0x080081c8   0x00000438   Code   RO         5660    i.__ieee754_rem_pio2  m_wm.l(rred.o)
    0x08008600   0x00000170   Code   RO         5622    i.__kernel_cos      m_wm.l(cos_i.o)
    0x08008770   0x000000f8   Code   RO         5657    i.__kernel_poly     m_wm.l(poly.o)
    0x08008868   0x00000130   Code   RO         5668    i.__kernel_sin      m_wm.l(sin_i.o)
    0x08008998   0x00000030   Code   RO         5625    i.__mathlib_dbl_divzero  m_wm.l(dunder.o)
    0x080089c8   0x00000014   Code   RO         5626    i.__mathlib_dbl_infnan  m_wm.l(dunder.o)
    0x080089dc   0x00000004   PAD
    0x080089e0   0x00000020   Code   RO         5628    i.__mathlib_dbl_invalid  m_wm.l(dunder.o)
    0x08008a00   0x00000020   Code   RO         5631    i.__mathlib_dbl_underflow  m_wm.l(dunder.o)
    0x08008a20   0x00000006   Code   RO         5644    i.__mathlib_flt_infnan  m_wm.l(funder.o)
    0x08008a26   0x00000006   Code   RO         5645    i.__mathlib_flt_infnan2  m_wm.l(funder.o)
    0x08008a2c   0x00000010   Code   RO         5646    i.__mathlib_flt_invalid  m_wm.l(funder.o)
    0x08008a3c   0x00000010   Code   RO         5649    i.__mathlib_flt_underflow  m_wm.l(funder.o)
    0x08008a4c   0x00000154   Code   RO         5665    i.__mathlib_rredf2  m_wm.l(rredf.o)
    0x08008ba0   0x00000030   Code   RO         3883    i.__print_result_location  mpl.o
    0x08008bd0   0x0000000e   Code   RO         5719    i.__scatterload_copy  mc_w.l(handlers.o)
    0x08008bde   0x00000002   Code   RO         5720    i.__scatterload_null  mc_w.l(handlers.o)
    0x08008be0   0x0000000e   Code   RO         5721    i.__scatterload_zeroinit  mc_w.l(handlers.o)
    0x08008bee   0x00000002   PAD
    0x08008bf0   0x0000000c   Code   RO         5695    i.__set_errno       mc_w.l(errno.o)
    0x08008bfc   0x00000184   Code   RO         5579    i._fp_digits        mc_w.l(printfa.o)
    0x08008d80   0x000006dc   Code   RO         5580    i._printf_core      mc_w.l(printfa.o)
    0x0800945c   0x00000024   Code   RO         5581    i._printf_post_padding  mc_w.l(printfa.o)
    0x08009480   0x0000002e   Code   RO         5582    i._printf_pre_padding  mc_w.l(printfa.o)
    0x080094ae   0x0000000a   Code   RO         5584    i._sputc            mc_w.l(printfa.o)
    0x080094b8   0x000004b0   Code   RO         4229    i.accel_6500_self_test  inv_mpu.o
    0x08009968   0x00000118   Code   RO         4230    i.compass_self_test  inv_mpu.o
    0x08009a80   0x00000004   Code   RO          409    i.delay_ms          tim.o
    0x08009a84   0x00000034   Code   RO          410    i.delay_us          tim.o
    0x08009ab8   0x0000003a   Code   RO         4658    i.dmp_enable_6x_lp_quat  inv_mpu_dmp_motion_driver.o
    0x08009af2   0x00000002   PAD
    0x08009af4   0x000001dc   Code   RO         4659    i.dmp_enable_feature  inv_mpu_dmp_motion_driver.o
    0x08009cd0   0x00000038   Code   RO         4660    i.dmp_enable_gyro_cal  inv_mpu_dmp_motion_driver.o
    0x08009d08   0x0000003a   Code   RO         4661    i.dmp_enable_lp_quat  inv_mpu_dmp_motion_driver.o
    0x08009d42   0x00000002   PAD
    0x08009d44   0x00000014   Code   RO         4666    i.dmp_load_motion_driver_firmware  inv_mpu_dmp_motion_driver.o
    0x08009d58   0x0000014c   Code   RO         4667    i.dmp_read_fifo     inv_mpu_dmp_motion_driver.o
    0x08009ea4   0x000000d8   Code   RO         4670    i.dmp_set_accel_bias  inv_mpu_dmp_motion_driver.o
    0x08009f7c   0x00000064   Code   RO         4671    i.dmp_set_fifo_rate  inv_mpu_dmp_motion_driver.o
    0x08009fe0   0x000000cc   Code   RO         4672    i.dmp_set_gyro_bias  inv_mpu_dmp_motion_driver.o
    0x0800a0ac   0x0000010c   Code   RO         4674    i.dmp_set_orientation  inv_mpu_dmp_motion_driver.o
    0x0800a1b8   0x00000030   Code   RO         4677    i.dmp_set_shake_reject_thresh  inv_mpu_dmp_motion_driver.o
    0x0800a1e8   0x00000020   Code   RO         4678    i.dmp_set_shake_reject_time  inv_mpu_dmp_motion_driver.o
    0x0800a208   0x00000020   Code   RO         4679    i.dmp_set_shake_reject_timeout  inv_mpu_dmp_motion_driver.o
    0x0800a228   0x00000040   Code   RO         4680    i.dmp_set_tap_axes  inv_mpu_dmp_motion_driver.o
    0x0800a268   0x00000022   Code   RO         4681    i.dmp_set_tap_count  inv_mpu_dmp_motion_driver.o
    0x0800a28a   0x00000002   PAD
    0x0800a28c   0x00000160   Code   RO         4682    i.dmp_set_tap_thresh  inv_mpu_dmp_motion_driver.o
    0x0800a3ec   0x00000020   Code   RO         4683    i.dmp_set_tap_time  inv_mpu_dmp_motion_driver.o
    0x0800a40c   0x00000020   Code   RO         4684    i.dmp_set_tap_time_multi  inv_mpu_dmp_motion_driver.o
    0x0800a42c   0x00000018   Code   RO         5230    i.fabs              m_wm.l(fabs.o)
    0x0800a444   0x00000018   Code   RO          134    i.fputc             usart.o
    0x0800a45c   0x000004d8   Code   RO         4231    i.get_st_6500_biases  inv_mpu.o
    0x0800a934   0x0000046c   Code   RO         4233    i.gyro_6500_self_test  inv_mpu.o
    0x0800ada0   0x0000006a   Code   RO         2941    i.inv_apply_calibration  data_builder.o
    0x0800ae0a   0x00000002   PAD
    0x0800ae0c   0x00000068   Code   RO         2942    i.inv_build_accel   data_builder.o
    0x0800ae74   0x00000084   Code   RO         2943    i.inv_build_compass  data_builder.o
    0x0800aef8   0x00000030   Code   RO         2944    i.inv_build_gyro    data_builder.o
    0x0800af28   0x0000001c   Code   RO         2946    i.inv_build_temp    data_builder.o
    0x0800af44   0x000000ac   Code   RO         3530    i.inv_compass_angle  ml_math_func.o
    0x0800aff0   0x0000005a   Code   RO         3532    i.inv_convert_to_body_with_scale  ml_math_func.o
    0x0800b04a   0x00000002   PAD
    0x0800b04c   0x0000003c   Code   RO         2948    i.inv_db_load_func  data_builder.o
    0x0800b088   0x00000014   Code   RO         2949    i.inv_db_save_func  data_builder.o
    0x0800b09c   0x0000001c   Code   RO         2832    i.inv_enable_eMPL_outputs  empl_outputs.o
    0x0800b0b8   0x0000001c   Code   RO         3921    i.inv_enable_results_holder  results_holder.o
    0x0800b0d4   0x00000028   Code   RO         4156    i.inv_execute_mpl_start_notification  start_manager.o
    0x0800b0fc   0x00000080   Code   RO         2952    i.inv_execute_on_data  data_builder.o
    0x0800b17c   0x000000a8   Code   RO         2833    i.inv_generate_eMPL_outputs  empl_outputs.o
    0x0800b224   0x00000010   Code   RO         3922    i.inv_generate_results  results_holder.o
    0x0800b234   0x00000014   Code   RO         3923    i.inv_get_6axis_quaternion  results_holder.o
    0x0800b248   0x0000000c   Code   RO         3924    i.inv_get_acc_state  results_holder.o
    0x0800b254   0x0000000c   Code   RO         2953    i.inv_get_accel_accuracy  data_builder.o
    0x0800b260   0x00000010   Code   RO         2955    i.inv_get_accel_on  data_builder.o
    0x0800b270   0x00000028   Code   RO         2959    i.inv_get_accel_set  data_builder.o
    0x0800b298   0x00000014   Code   RO         2960    i.inv_get_compass_bias  data_builder.o
    0x0800b2ac   0x00000018   Code   RO         3928    i.inv_get_compass_correction  results_holder.o
    0x0800b2c4   0x00000010   Code   RO         2962    i.inv_get_compass_on  data_builder.o
    0x0800b2d4   0x0000001c   Code   RO         2969    i.inv_get_compass_soft_iron_output_data  data_builder.o
    0x0800b2f0   0x0000000c   Code   RO         3929    i.inv_get_compass_state  results_holder.o
    0x0800b2fc   0x00000054   Code   RO         3930    i.inv_get_gravity   results_holder.o
    0x0800b350   0x00000010   Code   RO         2970    i.inv_get_gyro      data_builder.o
    0x0800b360   0x0000000c   Code   RO         2971    i.inv_get_gyro_accuracy  data_builder.o
    0x0800b36c   0x00000024   Code   RO         2972    i.inv_get_gyro_bias  data_builder.o
    0x0800b390   0x00000018   Code   RO         2973    i.inv_get_gyro_bias_tc_set  data_builder.o
    0x0800b3a8   0x00000010   Code   RO         2974    i.inv_get_gyro_on   data_builder.o
    0x0800b3b8   0x00000018   Code   RO         3536    i.inv_get_gyro_sum_of_sqr  ml_math_func.o
    0x0800b3d0   0x0000000c   Code   RO         3933    i.inv_get_large_mag_field  results_holder.o
    0x0800b3dc   0x00000048   Code   RO         2980    i.inv_get_last_timestamp  data_builder.o
    0x0800b424   0x0000003a   Code   RO         3934    i.inv_get_linear_accel  results_holder.o
    0x0800b45e   0x00000002   PAD
    0x0800b460   0x00000044   Code   RO         3935    i.inv_get_linear_accel_float  results_holder.o
    0x0800b4a4   0x00000010   Code   RO         3936    i.inv_get_local_field  results_holder.o
    0x0800b4b4   0x0000001c   Code   RO         2981    i.inv_get_mag_accuracy  data_builder.o
    0x0800b4d0   0x00000010   Code   RO         3938    i.inv_get_motion_state  results_holder.o
    0x0800b4e0   0x00000034   Code   RO         3939    i.inv_get_quaternion  results_holder.o
    0x0800b514   0x00000038   Code   RO         3941    i.inv_get_quaternion_set  results_holder.o
    0x0800b54c   0x000001c0   Code   RO         2836    i.inv_get_sensor_type_euler  empl_outputs.o
    0x0800b70c   0x00000060   Code   RO         3400    i.inv_get_sensor_type_gravity  hal_outputs.o
    0x0800b76c   0x0000000c   Code   RO         3943    i.inv_got_compass_bias  results_holder.o
    0x0800b778   0x0000003c   Code   RO         2984    i.inv_init_data_builder  data_builder.o
    0x0800b7b4   0x00000078   Code   RO         3885    i.inv_init_mpl      mpl.o
    0x0800b82c   0x00000030   Code   RO         3944    i.inv_init_results_holder  results_holder.o
    0x0800b85c   0x00000014   Code   RO         4157    i.inv_init_start_manager  start_manager.o
    0x0800b870   0x00000018   Code   RO         4189    i.inv_init_storage_manager  storage_manager.o
    0x0800b888   0x00000022   Code   RO         3545    i.inv_orientation_matrix_to_scalar  ml_math_func.o
    0x0800b8aa   0x0000000c   Code   RO         3546    i.inv_q29_mult      ml_math_func.o
    0x0800b8b6   0x0000000c   Code   RO         3548    i.inv_q30_mult      ml_math_func.o
    0x0800b8c2   0x00000024   Code   RO         3550    i.inv_q_add         ml_math_func.o
    0x0800b8e6   0x00000042   Code   RO         3551    i.inv_q_addf        ml_math_func.o
    0x0800b928   0x00000018   Code   RO         3552    i.inv_q_invert      ml_math_func.o
    0x0800b940   0x0000002e   Code   RO         3553    i.inv_q_invertf     ml_math_func.o
    0x0800b96e   0x000000b0   Code   RO         3554    i.inv_q_mult        ml_math_func.o
    0x0800ba1e   0x000000d2   Code   RO         3555    i.inv_q_multf       ml_math_func.o
    0x0800baf0   0x00000084   Code   RO         3556    i.inv_q_norm4       ml_math_func.o
    0x0800bb74   0x000000b0   Code   RO         3558    i.inv_q_normalizef  ml_math_func.o
    0x0800bc24   0x00000040   Code   RO         3559    i.inv_q_rotate      ml_math_func.o
    0x0800bc64   0x000000da   Code   RO         3561    i.inv_quaternion_to_rotation  ml_math_func.o
    0x0800bd3e   0x00000002   PAD
    0x0800bd40   0x000000a8   Code   RO         2987    i.inv_register_data_cb  data_builder.o
    0x0800bde8   0x00000068   Code   RO         4191    i.inv_register_load_store  storage_manager.o
    0x0800be50   0x00000020   Code   RO         4158    i.inv_register_mpl_start_notification  start_manager.o
    0x0800be70   0x00000050   Code   RO         2988    i.inv_reset_compass_soft_iron_matrix  data_builder.o
    0x0800bec0   0x00000048   Code   RO         3563    i.inv_row_2_scale   ml_math_func.o
    0x0800bf08   0x0000001c   Code   RO         2989    i.inv_set_accel_accuracy  data_builder.o
    0x0800bf24   0x0000000c   Code   RO         3947    i.inv_set_accel_bias_found  results_holder.o
    0x0800bf30   0x00000050   Code   RO         2992    i.inv_set_accel_bias_mask  data_builder.o
    0x0800bf80   0x0000000c   Code   RO         2993    i.inv_set_accel_orientation_and_scale  data_builder.o
    0x0800bf8c   0x0000002c   Code   RO         2994    i.inv_set_accel_sample_rate  data_builder.o
    0x0800bfb8   0x00000048   Code   RO         2996    i.inv_set_compass_bias  data_builder.o
    0x0800c000   0x00000010   Code   RO         3948    i.inv_set_compass_bias_error  results_holder.o
    0x0800c010   0x0000000c   Code   RO         3949    i.inv_set_compass_bias_found  results_holder.o
    0x0800c01c   0x00000020   Code   RO         3950    i.inv_set_compass_correction  results_holder.o
    0x0800c03c   0x0000000c   Code   RO         2997    i.inv_set_compass_disturbance  data_builder.o
    0x0800c048   0x00000010   Code   RO         2998    i.inv_set_compass_orientation_and_scale  data_builder.o
    0x0800c058   0x0000002c   Code   RO         2999    i.inv_set_compass_sample_rate  data_builder.o
    0x0800c084   0x00000050   Code   RO         3000    i.inv_set_compass_soft_iron_input_data  data_builder.o
    0x0800c0d4   0x0000000c   Code   RO         3951    i.inv_set_compass_state  results_holder.o
    0x0800c0e0   0x00000080   Code   RO         3003    i.inv_set_contiguous  data_builder.o
    0x0800c160   0x0000005c   Code   RO         3005    i.inv_set_gyro_bias  data_builder.o
    0x0800c1bc   0x0000000c   Code   RO         3006    i.inv_set_gyro_orientation_and_scale  data_builder.o
    0x0800c1c8   0x00000028   Code   RO         3007    i.inv_set_gyro_sample_rate  data_builder.o
    0x0800c1f0   0x00000014   Code   RO         3505    i.inv_set_message   message_layer.o
    0x0800c204   0x00000034   Code   RO         3956    i.inv_set_motion_state  results_holder.o
    0x0800c238   0x00000010   Code   RO         2841    i.inv_start_eMPL_outputs  empl_outputs.o
    0x0800c248   0x0000003c   Code   RO         3886    i.inv_start_mpl     mpl.o
    0x0800c284   0x00000018   Code   RO         3957    i.inv_start_results_holder  results_holder.o
    0x0800c29c   0x00000020   Code   RO         3958    i.inv_store_gaming_quaternion  results_holder.o
    0x0800c2bc   0x0000004c   Code   RO         3010    i.inv_unregister_data_cb  data_builder.o
    0x0800c308   0x00000048   Code   RO         4159    i.inv_unregister_mpl_start_notification  start_manager.o
    0x0800c350   0x000000ec   Code   RO          283    i.main              main.o
    0x0800c43c   0x00000002   Code   RO         4235    i.mget_ms           inv_mpu.o
    0x0800c43e   0x00000032   Code   RO         3568    i.mlMatrixVectorMult  ml_math_func.o
    0x0800c470   0x00000058   Code   RO         4236    i.mpu_configure_fifo  inv_mpu.o
    0x0800c4c8   0x00000164   Code   RO         4238    i.mpu_dmp_init      inv_mpu.o
    0x0800c62c   0x0000003c   Code   RO         4239    i.mpu_get_accel_fsr  inv_mpu.o
    0x0800c668   0x00000044   Code   RO         4241    i.mpu_get_accel_sens  inv_mpu.o
    0x0800c6ac   0x00000080   Code   RO         4243    i.mpu_get_compass_reg  inv_mpu.o
    0x0800c72c   0x00000034   Code   RO         4247    i.mpu_get_gyro_fsr  inv_mpu.o
    0x0800c760   0x0000004c   Code   RO         4249    i.mpu_get_gyro_sens  inv_mpu.o
    0x0800c7ac   0x00000038   Code   RO         4251    i.mpu_get_lpf       inv_mpu.o
    0x0800c7e4   0x0000001c   Code   RO         4253    i.mpu_get_sample_rate  inv_mpu.o
    0x0800c800   0x0000007c   Code   RO         4254    i.mpu_get_temperature  inv_mpu.o
    0x0800c87c   0x000000d8   Code   RO         4255    i.mpu_init          inv_mpu.o
    0x0800c954   0x000000a4   Code   RO         4256    i.mpu_load_firmware  inv_mpu.o
    0x0800c9f8   0x000000b8   Code   RO         4257    i.mpu_lp_accel_mode  inv_mpu.o
    0x0800cab0   0x000000e8   Code   RO         4259    i.mpu_mpl_get_data  inv_mpu.o
    0x0800cb98   0x00000090   Code   RO         4264    i.mpu_read_fifo_stream  inv_mpu.o
    0x0800cc28   0x00000054   Code   RO         4265    i.mpu_read_mem      inv_mpu.o
    0x0800cc7c   0x0000015c   Code   RO         4268    i.mpu_reset_fifo    inv_mpu.o
    0x0800cdd8   0x00000278   Code   RO         4269    i.mpu_run_6500_self_test  inv_mpu.o
    0x0800d050   0x00000068   Code   RO         4273    i.mpu_set_accel_fsr  inv_mpu.o
    0x0800d0b8   0x000000dc   Code   RO         4274    i.mpu_set_bypass    inv_mpu.o
    0x0800d194   0x0000004c   Code   RO         4275    i.mpu_set_compass_sample_rate  inv_mpu.o
    0x0800d1e0   0x00000078   Code   RO         4276    i.mpu_set_dmp_state  inv_mpu.o
    0x0800d258   0x0000006c   Code   RO         4278    i.mpu_set_gyro_fsr  inv_mpu.o
    0x0800d2c4   0x00000064   Code   RO         4279    i.mpu_set_int_latched  inv_mpu.o
    0x0800d328   0x0000006c   Code   RO         4281    i.mpu_set_lpf       inv_mpu.o
    0x0800d394   0x00000088   Code   RO         4282    i.mpu_set_sample_rate  inv_mpu.o
    0x0800d41c   0x00000134   Code   RO         4283    i.mpu_set_sensors   inv_mpu.o
    0x0800d550   0x00000054   Code   RO         4284    i.mpu_write_mem     inv_mpu.o
    0x0800d5a4   0x0000008a   Code   RO         4285    i.run_self_test     inv_mpu.o
    0x0800d62e   0x00000002   PAD
    0x0800d630   0x00000054   Code   RO         4286    i.set_int_enable    inv_mpu.o
    0x0800d684   0x000001d8   Code   RO         4287    i.setup_compass     inv_mpu.o
    0x0800d85c   0x0000003e   Code   RO         5306    i.sqrtf             m_wm.l(sqrtf.o)
    0x0800d89a   0x00000010   Data   RO         2798    .constdata          system_stm32f4xx.o
    0x0800d8aa   0x00000008   Data   RO         2799    .constdata          system_stm32f4xx.o
    0x0800d8b2   0x0000002f   Data   RO         3887    .constdata          mpl.o
    0x0800d8e1   0x0000002a   Data   RO         4288    .constdata          inv_mpu.o
    0x0800d90b   0x00000001   PAD
    0x0800d90c   0x0000000e   Data   RO         4289    .constdata          inv_mpu.o
    0x0800d91a   0x00000002   PAD
    0x0800d91c   0x00000030   Data   RO         4290    .constdata          inv_mpu.o
    0x0800d94c   0x00000200   Data   RO         4291    .constdata          inv_mpu.o
    0x0800db4c   0x00000bf6   Data   RO         4686    .constdata          inv_mpu_dmp_motion_driver.o
    0x0800e742   0x00000006   PAD
    0x0800e748   0x00000038   Data   RO         5243    .constdata          m_wm.l(log.o)
    0x0800e780   0x00000030   Data   RO         5623    .constdata          m_wm.l(cos_i.o)
    0x0800e7b0   0x00000008   Data   RO         5659    .constdata          m_wm.l(qnan.o)
    0x0800e7b8   0x000000c8   Data   RO         5662    .constdata          m_wm.l(rred.o)
    0x0800e880   0x00000020   Data   RO         5666    .constdata          m_wm.l(rredf.o)
    0x0800e8a0   0x00000028   Data   RO         5669    .constdata          m_wm.l(sin_i.o)
    0x0800e8c8   0x00000044   Data   RO         3013    .conststring        data_builder.o
    0x0800e90c   0x00000009   Data   RO         4292    .conststring        inv_mpu.o
    0x0800e915   0x00000003   PAD
    0x0800e918   0x00000020   Data   RO         5717    Region$$Table       anon$$obj.o


    Execution Region RW_IRAM1 (Base: 0x20000000, Size: 0x00001b18, Max: 0x00020000, ABSOLUTE)

    Base Addr    Size         Type   Attr      Idx    E Section Name        Object

    0x20000000   0x0000000c   Data   RW          700    .data               stm32f4xx_hal.o
    0x2000000c   0x00000004   Data   RW         2800    .data               system_stm32f4xx.o
    0x20000010   0x00000004   Data   RW         3506    .data               message_layer.o
    0x20000014   0x00000004   Data   RW         4293    .data               inv_mpu.o
    0x20000018   0x0000004a   Data   RW         4294    .data               inv_mpu.o
    0x20000062   0x00000002   PAD
    0x20000064   0x00000010   Data   RW         4878    .data               libmpllib.lib(compass_vec_cal.o)
    0x20000074   0x00000004   Data   RW         5688    .data               mc_w.l(stdout.o)
    0x20000078   0x00000004   Data   RW         5696    .data               mc_w.l(errno.o)
    0x2000007c   0x00000040   Zero   RW          135    .bss                usart.o
    0x200000bc   0x0000003c   Zero   RW          411    .bss                tim.o
    0x200000f8   0x00000028   Zero   RW         2842    .bss                empl_outputs.o
    0x20000120   0x000002d8   Zero   RW         3012    .bss                data_builder.o
    0x200003f8   0x000000c4   Zero   RW         3410    .bss                hal_outputs.o
    0x200004bc   0x00000088   Zero   RW         3959    .bss                results_holder.o
    0x20000544   0x00000054   Zero   RW         4160    .bss                start_manager.o
    0x20000598   0x00000198   Zero   RW         4193    .bss                storage_manager.o
    0x20000730   0x00000010   Zero   RW         4685    .bss                inv_mpu_dmp_motion_driver.o
    0x20000740   0x00000460   Zero   RW         4877    .bss                libmpllib.lib(compass_vec_cal.o)
    0x20000ba0   0x000002a0   Zero   RW         4967    .bss                libmpllib.lib(fast_no_motion.o)
    0x20000e40   0x00000138   Zero   RW         5000    .bss                libmpllib.lib(fusion_9axis.o)
    0x20000f78   0x000001c4   Zero   RW         5022    .bss                libmpllib.lib(gyro_tc.o)
    0x2000113c   0x000000b8   Zero   RW         5040    .bss                libmpllib.lib(mag_disturb.o)
    0x200011f4   0x0000006c   Zero   RW         5062    .bss                libmpllib.lib(quaternion_supervisor.o)
    0x20001260   0x000004b8   Zero   RW         5080    .bss                libmpllib.lib(accel_auto_cal.o)
    0x20001718   0x00000400   Zero   RW            1    STACK               startup_stm32f407xx.o


==============================================================================

Image component sizes


      Code (inc. data)   RO Data    RW Data    ZI Data      Debug   Object Name

      2006        254         68          0        728      26052   data_builder.o
       660         54          0          0         40      11334   empl_outputs.o
       100          8          0          0          0        911   gpio.o
        96          8          0          0        196       2249   hal_outputs.o
      8952       1586        625         78          0      39758   inv_mpu.o
      2414        132       3062          0         16      20598   inv_mpu_dmp_motion_driver.o
       150         10          0          0          0       1062   log_stm32.o
       394         84          0          0          0       5961   main.o
        20          4          0          4          0       1170   message_layer.o
      1614         22          0          0          0      14225   ml_math_func.o
       228         78         47          0          0       5220   mpl.o
       364         16          0          0          0       4254   mpu9250.o
       564         68          0          0          0       4390   myiic.o
       726        120          0          0        136      15645   results_holder.o
       164         20          0          0         84       3344   start_manager.o
        36          8        392          0       1024        840   startup_stm32f407xx.o
       180         28          0         12          0       4625   stm32f4xx_hal.o
       206         14          0          0          0      31484   stm32f4xx_hal_cortex.o
       458         46          0          0          0       2560   stm32f4xx_hal_gpio.o
        88          0          0          0          0     679810   stm32f4xx_hal_msp.o
      1264         78          0          0          0       5800   stm32f4xx_hal_rcc.o
       316         44          0          0          0       4030   stm32f4xx_hal_tim.o
        80          0          0          0          0       1308   stm32f4xx_hal_tim_ex.o
      1066          8          0          0          0       4164   stm32f4xx_hal_uart.o
        30          0          0          0          0       4190   stm32f4xx_it.o
       128          8          0          0        408       2493   storage_manager.o
        84         18         24          4          0       1183   system_stm32f4xx.o
       184         40          0          0         60       2576   tim.o
       176         40          0          0         64       2254   usart.o

    ----------------------------------------------------------------------
     22770       2796       4262        100       2756     903490   Object Totals
         0          0         32          0          0          0   (incl. Generated)
        22          0         12          2          0          0   (incl. Padding)

    ----------------------------------------------------------------------

      Code (inc. data)   RO Data    RW Data    ZI Data      Debug   Library Member Name

      3140        190          0          0       1208       9672   accel_auto_cal.o
      9456        298          0         16       1120      19892   compass_vec_cal.o
      2584         42          0          0        672      13744   fast_no_motion.o
      1712         72          0          0        312       5636   fusion_9axis.o
      1220         32          0          0        452       5735   gyro_tc.o
      1472         48          0          0        184       7614   mag_disturb.o
      2452        130          0          0        108       5637   quaternion_supervisor.o
       280         46          0          0          0        176   acosf.o
       592         90          0          0          0        184   atan2f.o
       200         20          0          0          0        164   cos.o
       368         46         48          0          0        200   cos_i.o
       336         56          0          0          0        136   cosf.o
       132         36          0          0          0        496   dunder.o
        44          0          0          0          0        248   fabs.o
        48          0          0          0          0        124   fpclassify.o
        38          0          0          0          0        116   fpclassifyf.o
        44         12          0          0          0        464   funder.o
       964         92         56          0          0        316   log.o
       248          0          0          0          0        152   poly.o
         0          0          8          0          0          0   qnan.o
      1080        142        200          0          0        188   rred.o
       340         24         32          0          0        160   rredf.o
       304         24         40          0          0        208   sin_i.o
       400         56          0          0          0        212   sinf.o
       122          0          0          0          0        148   sqrt.o
       120          0          0          0          0        272   sqrtf.o
         0          0          0          0          0          0   entry.o
         0          0          0          0          0          0   entry10a.o
         0          0          0          0          0          0   entry11a.o
         8          4          0          0          0          0   entry2.o
         4          0          0          0          0          0   entry5.o
         0          0          0          0          0          0   entry7b.o
         0          0          0          0          0          0   entry8b.o
         8          4          0          0          0          0   entry9a.o
        12          6          0          4          0         68   errno.o
        30          0          0          0          0          0   handlers.o
        36          8          0          0          0         68   init.o
         0          0          0          0          0          0   iusefp.o
        98          0          0          0          0         84   ldiv.o
        30          0          0          0          0         68   llshl.o
        36          0          0          0          0         68   llsshr.o
        32          0          0          0          0         68   llushr.o
        26          0          0          0          0         80   memcmp.o
        64          0          0          0          0         76   memmovea.o
        36          0          0          0          0        108   memseta.o
      2304         96          0          0          0        600   printfa.o
         0          0          0          4          0          0   stdout.o
        44          0          0          0          0         80   uidiv.o
        98          0          0          0          0         92   uldiv.o
        48          0          0          0          0         68   cdcmple.o
        48          0          0          0          0         68   cdrcmple.o
        56          0          0          0          0         88   d2f.o
       334          0          0          0          0        148   dadd.o
       222          0          0          0          0        100   ddiv.o
       186          0          0          0          0        176   depilogue.o
        62          0          0          0          0         80   dfixi.o
        48          0          0          0          0         68   dfixul.o
        34          0          0          0          0         76   dflti.o
        26          0          0          0          0         76   dfltui.o
       228          0          0          0          0         96   dmul.o
       162          0          0          0          0        100   dsqrt.o
        38          0          0          0          0         68   f2d.o
       110          0          0          0          0        168   fepilogue.o
        66          0          0          0          0         76   ffixl.o
        44          0          0          0          0         92   ffltl.o

    ----------------------------------------------------------------------
     32288       1574        384         24       4056      74902   Library Totals
        14          0          0          0          0          0   (incl. Padding)

    ----------------------------------------------------------------------

      Code (inc. data)   RO Data    RW Data    ZI Data      Debug   Library Name

     22036        812          0         16       4056      67930   libmpllib.lib
      5660        644        384          0          0       3964   m_wm.l
      2866        118          0          8          0       1460   mc_w.l
      1712          0          0          0          0       1548   mf_w.l

    ----------------------------------------------------------------------
     32288       1574        384         24       4056      74902   Library Totals

    ----------------------------------------------------------------------

==============================================================================


      Code (inc. data)   RO Data    RW Data    ZI Data      Debug   

     55058       4370       4646        124       6812     951684   Grand Totals
     55058       4370       4646        124       6812     951684   ELF Image Totals
     55058       4370       4646        124          0          0   ROM Totals

==============================================================================

    Total RO  Size (Code + RO Data)                59704 (  58.30kB)
    Total RW  Size (RW Data + ZI Data)              6936 (   6.77kB)
    Total ROM Size (Code + RO Data + RW Data)      59828 (  58.43kB)

==============================================================================

