Component: ARM Compiler 5.06 update 3 (build 300) Tool: armlink [4d35c9]

==============================================================================

Section Cross References

    startup_stm32f407xx.o(RESET) refers to startup_stm32f407xx.o(STACK) for __initial_sp
    startup_stm32f407xx.o(RESET) refers to startup_stm32f407xx.o(.text) for Reset_Handler
    startup_stm32f407xx.o(RESET) refers to stm32f4xx_it.o(i.NMI_Handler) for NMI_Handler
    startup_stm32f407xx.o(RESET) refers to stm32f4xx_it.o(i.HardFault_Handler) for HardFault_Handler
    startup_stm32f407xx.o(RESET) refers to stm32f4xx_it.o(i.MemManage_Handler) for MemManage_Handler
    startup_stm32f407xx.o(RESET) refers to stm32f4xx_it.o(i.BusFault_Handler) for BusFault_Handler
    startup_stm32f407xx.o(RESET) refers to stm32f4xx_it.o(i.UsageFault_Handler) for UsageFault_Handler
    startup_stm32f407xx.o(RESET) refers to port.o(.emb_text) for SVC_Handler
    startup_stm32f407xx.o(RESET) refers to stm32f4xx_it.o(i.DebugMon_Handler) for DebugMon_Handler
    startup_stm32f407xx.o(RESET) refers to stm32f4xx_it.o(i.SysTick_Handler) for SysTick_Handler
    startup_stm32f407xx.o(RESET) refers to stm32f4xx_it.o(i.DMA1_Stream1_IRQHandler) for DMA1_Stream1_IRQHandler
    startup_stm32f407xx.o(RESET) refers to stm32f4xx_it.o(i.DMA1_Stream3_IRQHandler) for DMA1_Stream3_IRQHandler
    startup_stm32f407xx.o(RESET) refers to stm32f4xx_it.o(i.DMA1_Stream5_IRQHandler) for DMA1_Stream5_IRQHandler
    startup_stm32f407xx.o(RESET) refers to stm32f4xx_it.o(i.CAN1_TX_IRQHandler) for CAN1_TX_IRQHandler
    startup_stm32f407xx.o(RESET) refers to stm32f4xx_it.o(i.CAN1_RX0_IRQHandler) for CAN1_RX0_IRQHandler
    startup_stm32f407xx.o(RESET) refers to stm32f4xx_it.o(i.USART2_IRQHandler) for USART2_IRQHandler
    startup_stm32f407xx.o(RESET) refers to stm32f4xx_it.o(i.USART3_IRQHandler) for USART3_IRQHandler
    startup_stm32f407xx.o(RESET) refers to stm32f4xx_it.o(i.TIM5_IRQHandler) for TIM5_IRQHandler
    startup_stm32f407xx.o(RESET) refers to stm32f4xx_it.o(i.TIM6_DAC_IRQHandler) for TIM6_DAC_IRQHandler
    startup_stm32f407xx.o(RESET) refers to stm32f4xx_it.o(i.TIM7_IRQHandler) for TIM7_IRQHandler
    startup_stm32f407xx.o(RESET) refers to stm32f4xx_it.o(i.CAN2_TX_IRQHandler) for CAN2_TX_IRQHandler
    startup_stm32f407xx.o(RESET) refers to stm32f4xx_it.o(i.CAN2_RX0_IRQHandler) for CAN2_RX0_IRQHandler
    startup_stm32f407xx.o(.text) refers to system_stm32f4xx.o(i.SystemInit) for SystemInit
    startup_stm32f407xx.o(.text) refers to entry.o(.ARM.Collect$$$$00000000) for __main
    remote_control.o(i.Callback_RC_Handle) refers to bsp_can.o(.data) for RC_offline
    mainpp.o(i.HAL_UART_RxCpltCallback) refers to mainpp.o(i._ZN13STM32Hardware10reset_rbufEv) for STM32Hardware::reset_rbuf()
    mainpp.o(i.HAL_UART_RxCpltCallback) refers to mainpp.o(.bss) for .bss
    mainpp.o(i.HAL_UART_TxCpltCallback) refers to mainpp.o(i._ZN13STM32Hardware5flushEv) for STM32Hardware::flush()
    mainpp.o(i.HAL_UART_TxCpltCallback) refers to mainpp.o(.bss) for .bss
    mainpp.o(i._Z16command_callbackRKN13geometry_msgs5TwistE) refers to f2d.o(.text) for __aeabi_f2d
    mainpp.o(i._Z16command_callbackRKN13geometry_msgs5TwistE) refers to stm32f4xx_hal.o(i.HAL_GetTick) for HAL_GetTick
    mainpp.o(i._Z16command_callbackRKN13geometry_msgs5TwistE) refers to mainpp.o(.data) for .data
    mainpp.o(i._Z18gimbalctr_callbackRKN13skyguard_msgs6gimbalE) refers to motor_ctr.o(.data) for ref_angle0
    mainpp.o(i.__sti___10_mainpp_cpp_98d1a6d7) refers to kinematics.o(i._ZN10KinematicsC1Eifff) for Kinematics::Kinematics(int, float, float, float)
    mainpp.o(i.__sti___10_mainpp_cpp_98d1a6d7) refers to mainpp.o(t._ZN3ros11NodeHandle_I13STM32HardwareLi25ELi25ELi512ELi512EEC1Ev) for ros::NodeHandle_<STM32Hardware, (int)25, (int)25, (int)512, (int)512>::NodeHandle_()
    mainpp.o(i.__sti___10_mainpp_cpp_98d1a6d7) refers to mainpp.o(.bss) for .bss
    mainpp.o(i.__sti___10_mainpp_cpp_98d1a6d7) refers to mainpp.o(.constdata__ZTVN13skyguard_msgs13RawVelocitiesE) for vtable for skyguard_msgs::RawVelocities
    mainpp.o(i.__sti___10_mainpp_cpp_98d1a6d7) refers to mainpp.o(i._Z16command_callbackRKN13geometry_msgs5TwistE) for command_callback(const geometry_msgs::Twist&)
    mainpp.o(i.__sti___10_mainpp_cpp_98d1a6d7) refers to mainpp.o(.constdata__ZTVN3ros10SubscriberIN13geometry_msgs5TwistEEE) for vtable for ros::Subscriber<geometry_msgs::Twist>
    mainpp.o(i.__sti___10_mainpp_cpp_98d1a6d7) refers to mainpp.o(.constdata__ZTVN13geometry_msgs5TwistE) for vtable for geometry_msgs::Twist
    mainpp.o(i.__sti___10_mainpp_cpp_98d1a6d7) refers to mainpp.o(.constdata__ZTVN13geometry_msgs7Vector3E) for vtable for geometry_msgs::Vector3
    mainpp.o(i.__sti___10_mainpp_cpp_98d1a6d7) refers to mainpp.o(i._Z18gimbalctr_callbackRKN13skyguard_msgs6gimbalE) for gimbalctr_callback(const skyguard_msgs::gimbal&)
[...]
    i._ZN10KinematicsC1Eifff                 0x08004744   Section        0  kinematics.o(i._ZN10KinematicsC1Eifff)
    i._ZN13STM32Hardware10reset_rbufEv       0x08004790   Section        0  mainpp.o(i._ZN13STM32Hardware10reset_rbufEv)
    i._ZN13STM32Hardware5flushEv             0x080047a0   Section        0  mainpp.o(i._ZN13STM32Hardware5flushEv)
    i.__scatterload_copy                     0x080047f8   Section       14  handlers.o(i.__scatterload_copy)
    i.__scatterload_null                     0x08004806   Section        2  handlers.o(i.__scatterload_null)
    i.__scatterload_zeroinit                 0x08004808   Section       14  handlers.o(i.__scatterload_zeroinit)
    i.__sti___10_mainpp_cpp_98d1a6d7         0x08004818   Section        0  mainpp.o(i.__sti___10_mainpp_cpp_98d1a6d7)
    __sti___10_mainpp_cpp_98d1a6d7           0x08004819   Thumb Code   128  mainpp.o(i.__sti___10_mainpp_cpp_98d1a6d7)
    i.abs_limit                              0x080048ec   Section        0  pid.o(i.abs_limit)
    i.assert_failed                          0x08004916   Section        0  main.o(i.assert_failed)
    i.get_moto_measure                       0x08004918   Section        0  bsp_can.o(i.get_moto_measure)
    i.get_moto_offset                        0x0800496c   Section        0  bsp_can.o(i.get_moto_offset)
    i.inHandlerMode                          0x08004978   Section        0  cmsis_os.o(i.inHandlerMode)
    inHandlerMode                            0x08004979   Thumb Code    12  cmsis_os.o(i.inHandlerMode)
    i.main                                   0x08004984   Section        0  main.o(i.main)
    i.makeFreeRtosPriority                   0x080049be   Section        0  cmsis_os.o(i.makeFreeRtosPriority)
    makeFreeRtosPriority                     0x080049bf   Thumb Code    12  cmsis_os.o(i.makeFreeRtosPriority)
    i.moto_param_init                        0x080049cc   Section        0  motor_ctr.o(i.moto_param_init)
    i.my_can_filter_init_recv_all            0x08004bf0   Section        0  bsp_can.o(i.my_can_filter_init_recv_all)
    i.offline_chassis_detection_fcn          0x08004c50   Section        0  bsp_can.o(i.offline_chassis_detection_fcn)
    i.offline_upper_detection_fcn            0x08004c78   Section        0  bsp_can.o(i.offline_upper_detection_fcn)
    i.osKernelStart                          0x08004ca0   Section        0  cmsis_os.o(i.osKernelStart)
    i.osThreadCreate                         0x08004caa   Section        0  cmsis_os.o(i.osThreadCreate)
    i.osTimerCreate                          0x08004ce4   Section        0  cmsis_os.o(i.osTimerCreate)
    i.osTimerStart                           0x08004d08   Section        0  cmsis_os.o(i.osTimerStart)
    i.pid_calc                               0x08004d64   Section        0  pid.o(i.pid_calc)
    i.pid_chassis_fcn                        0x08004f28   Section        0  motor_ctr.o(i.pid_chassis_fcn)
    i.pid_control                            0x0800503c   Section        0  motor_ctr.o(i.pid_control)
    i.pid_lifting_fcn                        0x08005050   Section        0  motor_ctr.o(i.pid_lifting_fcn)
    i.pid_param_init                         0x08005128   Section        0  pid.o(i.pid_param_init)
    pid_param_init                           0x08005129   Thumb Code    14  pid.o(i.pid_param_init)
    i.pid_reset                              0x08005136   Section        0  pid.o(i.pid_reset)
    pid_reset                                0x08005137   Thumb Code     6  pid.o(i.pid_reset)
    i.pif_catching_fcn                       0x0800513c   Section        0  motor_ctr.o(i.pif_catching_fcn)
    i.prvAddCurrentTaskToDelayedList         0x08005228   Section        0  tasks.o(i.prvAddCurrentTaskToDelayedList)
    prvAddCurrentTaskToDelayedList           0x08005229   Thumb Code    48  tasks.o(i.prvAddCurrentTaskToDelayedList)
    i.prvCheckForValidListAndQueue           0x0800525c   Section        0  timers.o(i.prvCheckForValidListAndQueue)
    prvCheckForValidListAndQueue             0x0800525d   Thumb Code    78  timers.o(i.prvCheckForValidListAndQueue)
    i.prvCheckTasksWaitingTermination        0x080052bc   Section        0  tasks.o(i.prvCheckTasksWaitingTermination)
    prvCheckTasksWaitingTermination          0x080052bd   Thumb Code    76  tasks.o(i.prvCheckTasksWaitingTermination)
    i.prvCopyDataFromQueue                   0x08005310   Section        0  queue.o(i.prvCopyDataFromQueue)
    prvCopyDataFromQueue                     0x08005311   Thumb Code    38  queue.o(i.prvCopyDataFromQueue)
    i.prvCopyDataToQueue                     0x08005336   Section        0  queue.o(i.prvCopyDataToQueue)
    prvCopyDataToQueue                       0x08005337   Thumb Code   110  queue.o(i.prvCopyDataToQueue)
    i.prvHeapInit                            0x080053a4   Section        0  heap_4.o(i.prvHeapInit)
    prvHeapInit                              0x080053a5   Thumb Code    66  heap_4.o(i.prvHeapInit)
    i.prvIdleTask                            0x080053f0   Section        0  tasks.o(i.prvIdleTask)
    prvIdleTask                              0x080053f1   Thumb Code    30  tasks.o(i.prvIdleTask)
    i.prvInsertBlockIntoFreeList             0x08005418   Section        0  heap_4.o(i.prvInsertBlockIntoFreeList)
    prvInsertBlockIntoFreeList               0x08005419   Thumb Code    72  heap_4.o(i.prvInsertBlockIntoFreeList)
    i.prvInsertTimerInActiveList             0x08005464   Section        0  timers.o(i.prvInsertTimerInActiveList)
    prvInsertTimerInActiveList               0x08005465   Thumb Code    52  timers.o(i.prvInsertTimerInActiveList)
    i.prvProcessReceivedCommands             0x0800549c   Section        0  timers.o(i.prvProcessReceivedCommands)
    prvProcessReceivedCommands               0x0800549d   Thumb Code   182  timers.o(i.prvProcessReceivedCommands)
    i.prvProcessTimerOrBlockTask             0x08005558   Section        0  timers.o(i.prvProcessTimerOrBlockTask)
    prvProcessTimerOrBlockTask               0x08005559   Thumb Code   174  timers.o(i.prvProcessTimerOrBlockTask)
    i.prvResetNextTaskUnblockTime            0x08005610   Section        0  tasks.o(i.prvResetNextTaskUnblockTime)
    prvResetNextTaskUnblockTime              0x08005611   Thumb Code    26  tasks.o(i.prvResetNextTaskUnblockTime)
    i.prvSampleTimeNow                       0x08005630   Section        0  timers.o(i.prvSampleTimeNow)
    prvSampleTimeNow                         0x08005631   Thumb Code    36  timers.o(i.prvSampleTimeNow)
    i.prvSwitchTimerLists                    0x08005658   Section        0  timers.o(i.prvSwitchTimerLists)
    prvSwitchTimerLists                      0x08005659   Thumb Code   102  timers.o(i.prvSwitchTimerLists)
    i.prvTaskExitError                       0x080056c4   Section        0  port.o(i.prvTaskExitError)
    prvTaskExitError                         0x080056c5   Thumb Code    36  port.o(i.prvTaskExitError)
    i.prvTimerTask                           0x080056ec   Section        0  timers.o(i.prvTimerTask)
    prvTimerTask                             0x080056ed   Thumb Code    32  timers.o(i.prvTimerTask)
    i.prvUnlockQueue                         0x08005710   Section        0  queue.o(i.prvUnlockQueue)
    prvUnlockQueue                           0x08005711   Thumb Code   100  queue.o(i.prvUnlockQueue)
    i.pvPortMalloc                           0x08005774   Section        0  heap_4.o(i.pvPortMalloc)
    i.pvTaskIncrementMutexHeldCount          0x0800584c   Section        0  tasks.o(i.pvTaskIncrementMutexHeldCount)
    i.pxPortInitialiseStack                  0x08005864   Section        0  port.o(i.pxPortInitialiseStack)
    i.remote_task                            0x0800588c   Section        0  motor_ctr.o(i.remote_task)
    i.set_catch_moto_current                 0x0800597c   Section        0  motor_ctr.o(i.set_catch_moto_current)
    i.set_lift_moto_current                  0x080059ca   Section        0  motor_ctr.o(i.set_lift_moto_current)
    i.set_moto_current                       0x08005a18   Section        0  motor_ctr.o(i.set_moto_current)
    i.uxListRemove                           0x08005a66   Section        0  list.o(i.uxListRemove)
    i.vListInitialise                        0x08005a8a   Section        0  list.o(i.vListInitialise)
    i.vListInitialiseItem                    0x08005aa0   Section        0  list.o(i.vListInitialiseItem)
    i.vListInsert                            0x08005aa6   Section        0  list.o(i.vListInsert)
    i.vListInsertEnd                         0x08005ad6   Section        0  list.o(i.vListInsertEnd)
    i.vPortEnterCritical                     0x08005af0   Section        0  port.o(i.vPortEnterCritical)
    i.vPortExitCritical                      0x08005b30   Section        0  port.o(i.vPortExitCritical)
    i.vPortFree                              0x08005b58   Section        0  heap_4.o(i.vPortFree)
    i.vPortSetupTimerInterrupt               0x08005bb4   Section        0  port.o(i.vPortSetupTimerInterrupt)
    i.vPortValidateInterruptPriority         0x08005bd4   Section        0  port.o(i.vPortValidateInterruptPriority)
    i.vQueueAddToRegistry                    0x08005c28   Section        0  queue.o(i.vQueueAddToRegistry)
    i.vQueueWaitForMessageRestricted         0x08005c50   Section        0  queue.o(i.vQueueWaitForMessageRestricted)
    i.vTaskMissedYield                       0x08005c8c   Section        0  tasks.o(i.vTaskMissedYield)
    i.vTaskPlaceOnEventList                  0x08005c98   Section        0  tasks.o(i.vTaskPlaceOnEventList)
    i.vTaskPlaceOnEventListRestricted        0x08005cfc   Section        0  tasks.o(i.vTaskPlaceOnEventListRestricted)
    i.vTaskPriorityInherit                   0x08005d60   Section        0  tasks.o(i.vTaskPriorityInherit)
    i.vTaskSetTimeOutState                   0x08005de4   Section        0  tasks.o(i.vTaskSetTimeOutState)
    i.vTaskStartScheduler                    0x08005e08   Section        0  tasks.o(i.vTaskStartScheduler)
    i.vTaskSuspendAll                        0x08005e78   Section        0  tasks.o(i.vTaskSuspendAll)
    i.vTaskSwitchContext                     0x08005e88   Section        0  tasks.o(i.vTaskSwitchContext)
    i.xPortStartScheduler                    0x08005ee4   Section        0  port.o(i.xPortStartScheduler)
    i.xPortSysTickHandler                    0x08005fc4   Section        0  port.o(i.xPortSysTickHandler)
    i.xQueueGenericCreate                    0x08005ff0   Section        0  queue.o(i.xQueueGenericCreate)
    i.xQueueGenericReceive                   0x0800604c   Section        0  queue.o(i.xQueueGenericReceive)
    i.xQueueGenericReset                     0x080061b8   Section        0  queue.o(i.xQueueGenericReset)
    i.xQueueGenericSend                      0x0800623c   Section        0  queue.o(i.xQueueGenericSend)
    i.xQueueGenericSendFromISR               0x0800639c   Section        0  queue.o(i.xQueueGenericSendFromISR)
    i.xTaskCheckForTimeOut                   0x08006454   Section        0  tasks.o(i.xTaskCheckForTimeOut)
    i.xTaskGenericCreate                     0x080064c0   Section        0  tasks.o(i.xTaskGenericCreate)
    i.xTaskGetSchedulerState                 0x0800666c   Section        0  tasks.o(i.xTaskGetSchedulerState)
    i.xTaskGetTickCount                      0x08006688   Section        0  tasks.o(i.xTaskGetTickCount)
    i.xTaskIncrementTick                     0x08006694   Section        0  tasks.o(i.xTaskIncrementTick)
    i.xTaskPriorityDisinherit                0x08006760   Section        0  tasks.o(i.xTaskPriorityDisinherit)
    i.xTaskRemoveFromEventList               0x080067f8   Section        0  tasks.o(i.xTaskRemoveFromEventList)
    i.xTaskResumeAll                         0x0800686c   Section        0  tasks.o(i.xTaskResumeAll)
    i.xTimerCreate                           0x08006930   Section        0  timers.o(i.xTimerCreate)
    i.xTimerCreateTimerTask                  0x08006978   Section        0  timers.o(i.xTimerCreateTimerTask)
    i.xTimerGenericCommand                   0x080069c4   Section        0  timers.o(i.xTimerGenericCommand)
    t._ZN3ros11NodeHandle_I13STM32HardwareLi25ELi25ELi512ELi512EEC1Ev 0x08006a24   Section        0  mainpp.o(t._ZN3ros11NodeHandle_I13STM32HardwareLi25ELi25ELi512ELi512EEC1Ev)
    .constdata                               0x08006ab0   Section       28  freertos.o(.constdata)
    .constdata                               0x08006acc   Section       16  stm32f4xx_hal_rcc.o(.constdata)
    .constdata                               0x08006adc   Section        8  stm32f4xx_hal_dma.o(.constdata)
    flagBitshiftOffset                       0x08006adc   Data           8  stm32f4xx_hal_dma.o(.constdata)
    .constdata__ZTVN13geometry_msgs5TwistE   0x08006ae4   Section       24  mainpp.o(.constdata__ZTVN13geometry_msgs5TwistE)
    .constdata__ZTVN13geometry_msgs7Vector3E 0x08006afc   Section       24  mainpp.o(.constdata__ZTVN13geometry_msgs7Vector3E)
    .constdata__ZTVN13skyguard_msgs13RawVelocitiesE 0x08006b14   Section       24  mainpp.o(.constdata__ZTVN13skyguard_msgs13RawVelocitiesE)
    .constdata__ZTVN13skyguard_msgs6gimbalE  0x08006b2c   Section       24  mainpp.o(.constdata__ZTVN13skyguard_msgs6gimbalE)
    .constdata__ZTVN14rosserial_msgs20RequestParamResponseE 0x08006b44   Section       24  mainpp.o(.constdata__ZTVN14rosserial_msgs20RequestParamResponseE)
    .constdata__ZTVN3ros10SubscriberIN13geometry_msgs5TwistEEE 0x08006b5c   Section       24  mainpp.o(.constdata__ZTVN3ros10SubscriberIN13geometry_msgs5TwistEEE)
    .constdata__ZTVN3ros10SubscriberIN13skyguard_msgs6gimbalEEE 0x08006b74   Section       24  mainpp.o(.constdata__ZTVN3ros10SubscriberIN13skyguard_msgs6gimbalEEE)
    .constdata__ZTVN3ros11NodeHandle_I13STM32HardwareLi25ELi25ELi512ELi512EEE 0x08006b8c   Section       20  mainpp.o(.constdata__ZTVN3ros11NodeHandle_I13STM32HardwareLi25ELi25ELi512ELi512EEE)
    .conststring                             0x08006ba0   Section       12  freertos.o(.conststring)
    .init_array                              0x08006bcc   Section        4  mainpp.o(.init_array)
    .init_array                              0x08006bd0   Section        0  cpp_init.o(.init_array)
    .data                                    0x20000000   Section       32  mainpp.o(.data)
    .data                                    0x20000020   Section        4  can.o(.data)
    HAL_RCC_CAN1_CLK_ENABLED                 0x20000020   Data           4  can.o(.data)
    .data                                    0x20000024   Section       20  freertos.o(.data)
    .data                                    0x20000038   Section        4  system_stm32f4xx.o(.data)
    .data                                    0x2000003c   Section       16  bsp_can.o(.data)
    i                                        0x2000003c   Data           1  bsp_can.o(.data)
    .data                                    0x2000004c   Section     1696  motor_ctr.o(.data)
    .data                                    0x200006ec   Section        4  stm32f4xx_hal.o(.data)
    .data                                    0x200006f0   Section       24  heap_4.o(.data)
    pxEnd                                    0x200006f0   Data           4  heap_4.o(.data)
    xFreeBytesRemaining                      0x200006f4   Data           4  heap_4.o(.data)
    xMinimumEverFreeBytesRemaining           0x200006f8   Data           4  heap_4.o(.data)
    xBlockAllocatedBit                       0x200006fc   Data           4  heap_4.o(.data)
    xStart                                   0x20000700   Data           8  heap_4.o(.data)
    .data                                    0x20000708   Section       12  port.o(.data)
    ucMaxSysCallPriority                     0x20000708   Data           1  port.o(.data)
    uxCriticalNesting                        0x2000070c   Data           4  port.o(.data)
    ulMaxPRIGROUPValue                       0x20000710   Data           4  port.o(.data)
    .data                                    0x20000714   Section       56  tasks.o(.data)
    uxTasksDeleted                           0x20000718   Data           4  tasks.o(.data)
    uxCurrentNumberOfTasks                   0x2000071c   Data           4  tasks.o(.data)
    xTickCount                               0x20000720   Data           4  tasks.o(.data)
    uxTopReadyPriority                       0x20000724   Data           4  tasks.o(.data)
    xSchedulerRunning                        0x20000728   Data           4  tasks.o(.data)
    uxPendedTicks                            0x2000072c   Data           4  tasks.o(.data)
    xYieldPending                            0x20000730   Data           4  tasks.o(.data)
    xNumOfOverflows                          0x20000734   Data           4  tasks.o(.data)
    uxTaskNumber                             0x20000738   Data           4  tasks.o(.data)
    xNextTaskUnblockTime                     0x2000073c   Data           4  tasks.o(.data)
    uxSchedulerSuspended                     0x20000740   Data           4  tasks.o(.data)
    pxDelayedTaskList                        0x20000744   Data           4  tasks.o(.data)
    pxOverflowDelayedTaskList                0x20000748   Data           4  tasks.o(.data)
    .data                                    0x2000074c   Section       16  timers.o(.data)
    xTimerQueue                              0x2000074c   Data           4  timers.o(.data)
    xLastTime                                0x20000750   Data           4  timers.o(.data)
    pxCurrentTimerList                       0x20000754   Data           4  timers.o(.data)
    pxOverflowTimerList                      0x20000758   Data           4  timers.o(.data)
    .data__ZZN13STM32Hardware5flushEvE5mutex 0x2000075c   Section        1  mainpp.o(.data__ZZN13STM32Hardware5flushEvE5mutex)
    .bss                                     0x20000760   Section       20  remote_control.o(.bss)
    .bss                                     0x20000774   Section     2124  mainpp.o(.bss)
    .bss                                     0x20000fc0   Section      128  can.o(.bss)
    .bss                                     0x20001040   Section      180  tim.o(.bss)
    .bss                                     0x200010f4   Section      100  usart.o(.bss)
    .bss                                     0x20001158   Section      480  usart.o(.bss)
    .bss                                     0x20001338   Section       60  stm32f4xx_hal_timebase_tim.o(.bss)
    .bss                                     0x20001374   Section      944  bsp_can.o(.bss)
    Tx1Message                               0x20001674   Data          28  bsp_can.o(.bss)
    Rx1Message                               0x20001690   Data          36  bsp_can.o(.bss)
    Tx2Message                               0x200016b4   Data          28  bsp_can.o(.bss)
    Rx2Message                               0x200016d0   Data          36  bsp_can.o(.bss)
    .bss                                     0x20001724   Section     3456  motor_ctr.o(.bss)
    .bss                                     0x200024a4   Section    15360  heap_4.o(.bss)
    ucHeap                                   0x200024a4   Data       15360  heap_4.o(.bss)
    .bss                                     0x200060a4   Section       64  queue.o(.bss)
    .bss                                     0x200060e4   Section      240  tasks.o(.bss)
    pxReadyTasksLists                        0x200060e4   Data         140  tasks.o(.bss)
    xDelayedTaskList1                        0x20006170   Data          20  tasks.o(.bss)
    xDelayedTaskList2                        0x20006184   Data          20  tasks.o(.bss)
    xPendingReadyList                        0x20006198   Data          20  tasks.o(.bss)
    xTasksWaitingTermination                 0x200061ac   Data          20  tasks.o(.bss)
    xSuspendedTaskList                       0x200061c0   Data          20  tasks.o(.bss)
    .bss                                     0x200061d4   Section       40  timers.o(.bss)
    xActiveTimerList1                        0x200061d4   Data          20  timers.o(.bss)
    xActiveTimerList2                        0x200061e8   Data          20  timers.o(.bss)
    STACK                                    0x20006200   Section     1024  startup_stm32f407xx.o(STACK)

    Global Symbols

    Symbol Name                              Value     Ov Type        Size  Object(Section)

    BuildAttributes$$THM_ISAv4$E$P$D$K$B$S$7EM$VFPi3$EXTD16$VFPS$VFMA$PE$A:L22UL41UL21$X:L11$S22US41US21$IEEE1$IW$USESV6$~STKCKD$USESV7$~SHL$OTIME$ROPI$EBA8$UX$MICROLIB$REQ8$PRES8$EABIv2 0x00000000   Number         0  anon$$obj.o ABSOLUTE
    __ARM_use_no_argv                        0x00000000   Number         0  main.o ABSOLUTE
    __ARM::default_unexpected_handler()       - Undefined Weak Reference
    __ARM_exceptions_buffer_required          - Undefined Weak Reference
    __cxa_finalize                            - Undefined Weak Reference
    _clock_init                               - Undefined Weak Reference
    _microlib_exit                            - Undefined Weak Reference
    __Vectors_Size                           0x00000188   Number         0  startup_stm32f407xx.o ABSOLUTE
    __Vectors                                0x08000000   Data           4  startup_stm32f407xx.o(RESET)
    __Vectors_End                            0x08000188   Data           0  startup_stm32f407xx.o(RESET)
    __main                                   0x08000189   Thumb Code     0  entry.o(.ARM.Collect$$$$00000000)
    _main_stk                                0x08000189   Thumb Code     0  entry2.o(.ARM.Collect$$$$00000001)
    _main_scatterload                        0x0800018d   Thumb Code     0  entry5.o(.ARM.Collect$$$$00000004)
    __main_after_scatterload                 0x08000191   Thumb Code     0  entry5.o(.ARM.Collect$$$$00000004)
    _main_clock                              0x08000191   Thumb Code     0  entry7b.o(.ARM.Collect$$$$00000008)
    _main_cpp_init$empty                     0x08000191   Thumb Code     0  entry8a.o(.ARM.Collect$$$$00000009)
    _main_cpp_init                           0x08000195   Thumb Code     0  entry8b.o(.ARM.Collect$$$$0000000A)
    _main_init                               0x08000195   Thumb Code     0  entry9a.o(.ARM.Collect$$$$0000000B)
    __rt_final_cpp                           0x0800019d   Thumb Code     0  entry10a.o(.ARM.Collect$$$$0000000D)
    __rt_final_exit                          0x0800019d   Thumb Code     0  entry11a.o(.ARM.Collect$$$$0000000F)
    SVC_Handler                              0x080001a1   Thumb Code    28  port.o(.emb_text)
    __asm___6_port_c_39a90d8d__prvStartFirstTask 0x080001c1   Thumb Code    28  port.o(.emb_text)
    __asm___6_port_c_39a90d8d__prvEnableVFP  0x080001e1   Thumb Code    16  port.o(.emb_text)
    PendSV_Handler                           0x080001f5   Thumb Code    92  port.o(.emb_text)
    vPortGetIPSR                             0x08000255   Thumb Code     6  port.o(.emb_text)
    Reset_Handler                            0x0800025d   Thumb Code     8  startup_stm32f407xx.o(.text)
    ADC_IRQHandler                           0x08000277   Thumb Code     0  startup_stm32f407xx.o(.text)
    CAN1_RX1_IRQHandler                      0x08000277   Thumb Code     0  startup_stm32f407xx.o(.text)
    CAN1_SCE_IRQHandler                      0x08000277   Thumb Code     0  startup_stm32f407xx.o(.text)
    CAN2_RX1_IRQHandler                      0x08000277   Thumb Code     0  startup_stm32f407xx.o(.text)
    CAN2_SCE_IRQHandler                      0x08000277   Thumb Code     0  startup_stm32f407xx.o(.text)
    DCMI_IRQHandler                          0x08000277   Thumb Code     0  startup_stm32f407xx.o(.text)
    DMA1_Stream0_IRQHandler                  0x08000277   Thumb Code     0  startup_stm32f407xx.o(.text)
    DMA1_Stream2_IRQHandler                  0x08000277   Thumb Code     0  startup_stm32f407xx.o(.text)
    DMA1_Stream4_IRQHandler                  0x08000277   Thumb Code     0  startup_stm32f407xx.o(.text)
    DMA1_Stream6_IRQHandler                  0x08000277   Thumb Code     0  startup_stm32f407xx.o(.text)
    DMA1_Stream7_IRQHandler                  0x08000277   Thumb Code     0  startup_stm32f407xx.o(.text)
    DMA2_Stream0_IRQHandler                  0x08000277   Thumb Code     0  startup_stm32f407xx.o(.text)
    DMA2_Stream1_IRQHandler                  0x08000277   Thumb Code     0  startup_stm32f407xx.o(.text)
    DMA2_Stream2_IRQHandler                  0x08000277   Thumb Code     0  startup_stm32f407xx.o(.text)
    DMA2_Stream3_IRQHandler                  0x08000277   Thumb Code     0  startup_stm32f407xx.o(.text)
    DMA2_Stream4_IRQHandler                  0x08000277   Thumb Code     0  startup_stm32f407xx.o(.text)
    DMA2_Stream5_IRQHandler                  0x08000277   Thumb Code     0  startup_stm32f407xx.o(.text)
    DMA2_Stream6_IRQHandler                  0x08000277   Thumb Code     0  startup_stm32f407xx.o(.text)
    DMA2_Stream7_IRQHandler                  0x08000277   Thumb Code     0  startup_stm32f407xx.o(.text)
    ETH_IRQHandler                           0x08000277   Thumb Code     0  startup_stm32f407xx.o(.text)
    ETH_WKUP_IRQHandler                      0x08000277   Thumb Code     0  startup_stm32f407xx.o(.text)
    EXTI0_IRQHandler                         0x08000277   Thumb Code     0  startup_stm32f407xx.o(.text)
    EXTI15_10_IRQHandler                     0x08000277   Thumb Code     0  startup_stm32f407xx.o(.text)
    EXTI1_IRQHandler                         0x08000277   Thumb Code     0  startup_stm32f407xx.o(.text)
    EXTI2_IRQHandler                         0x08000277   Thumb Code     0  startup_stm32f407xx.o(.text)
    EXTI3_IRQHandler                         0x08000277   Thumb Code     0  startup_stm32f407xx.o(.text)
    EXTI4_IRQHandler                         0x08000277   Thumb Code     0  startup_stm32f407xx.o(.text)
    EXTI9_5_IRQHandler                       0x08000277   Thumb Code     0  startup_stm32f407xx.o(.text)
    FLASH_IRQHandler                         0x08000277   Thumb Code     0  startup_stm32f407xx.o(.text)
    FMC_IRQHandler                           0x08000277   Thumb Code     0  startup_stm32f407xx.o(.text)
    FPU_IRQHandler                           0x08000277   Thumb Code     0  startup_stm32f407xx.o(.text)
    HASH_RNG_IRQHandler                      0x08000277   Thumb Code     0  startup_stm32f407xx.o(.text)
    I2C1_ER_IRQHandler                       0x08000277   Thumb Code     0  startup_stm32f407xx.o(.text)
    I2C1_EV_IRQHandler                       0x08000277   Thumb Code     0  startup_stm32f407xx.o(.text)
    I2C2_ER_IRQHandler                       0x08000277   Thumb Code     0  startup_stm32f407xx.o(.text)
    I2C2_EV_IRQHandler                       0x08000277   Thumb Code     0  startup_stm32f407xx.o(.text)
    I2C3_ER_IRQHandler                       0x08000277   Thumb Code     0  startup_stm32f407xx.o(.text)
    I2C3_EV_IRQHandler                       0x08000277   Thumb Code     0  startup_stm32f407xx.o(.text)
    OTG_FS_IRQHandler                        0x08000277   Thumb Code     0  startup_stm32f407xx.o(.text)
    OTG_FS_WKUP_IRQHandler                   0x08000277   Thumb Code     0  startup_stm32f407xx.o(.text)
    OTG_HS_EP1_IN_IRQHandler                 0x08000277   Thumb Code     0  startup_stm32f407xx.o(.text)
    OTG_HS_EP1_OUT_IRQHandler                0x08000277   Thumb Code     0  startup_stm32f407xx.o(.text)
    OTG_HS_IRQHandler                        0x08000277   Thumb Code     0  startup_stm32f407xx.o(.text)
    OTG_HS_WKUP_IRQHandler                   0x08000277   Thumb Code     0  startup_stm32f407xx.o(.text)
    PVD_IRQHandler                           0x08000277   Thumb Code     0  startup_stm32f407xx.o(.text)
    RCC_IRQHandler                           0x08000277   Thumb Code     0  startup_stm32f407xx.o(.text)
    RTC_Alarm_IRQHandler                     0x08000277   Thumb Code     0  startup_stm32f407xx.o(.text)
    RTC_WKUP_IRQHandler                      0x08000277   Thumb Code     0  startup_stm32f407xx.o(.text)
    SDIO_IRQHandler                          0x08000277   Thumb Code     0  startup_stm32f407xx.o(.text)
    SPI1_IRQHandler                          0x08000277   Thumb Code     0  startup_stm32f407xx.o(.text)
    SPI2_IRQHandler                          0x08000277   Thumb Code     0  startup_stm32f407xx.o(.text)
    SPI3_IRQHandler                          0x08000277   Thumb Code     0  startup_stm32f407xx.o(.text)
    TAMP_STAMP_IRQHandler                    0x08000277   Thumb Code     0  startup_stm32f407xx.o(.text)
    TIM1_BRK_TIM9_IRQHandler                 0x08000277   Thumb Code     0  startup_stm32f407xx.o(.text)
    TIM1_CC_IRQHandler                       0x08000277   Thumb Code     0  startup_stm32f407xx.o(.text)
    TIM1_TRG_COM_TIM11_IRQHandler            0x08000277   Thumb Code     0  startup_stm32f407xx.o(.text)
    TIM1_UP_TIM10_IRQHandler                 0x08000277   Thumb Code     0  startup_stm32f407xx.o(.text)
    TIM2_IRQHandler                          0x08000277   Thumb Code     0  startup_stm32f407xx.o(.text)
    TIM3_IRQHandler                          0x08000277   Thumb Code     0  startup_stm32f407xx.o(.text)
    TIM4_IRQHandler                          0x08000277   Thumb Code     0  startup_stm32f407xx.o(.text)
    TIM8_BRK_TIM12_IRQHandler                0x08000277   Thumb Code     0  startup_stm32f407xx.o(.text)
    TIM8_CC_IRQHandler                       0x08000277   Thumb Code     0  startup_stm32f407xx.o(.text)
    TIM8_TRG_COM_TIM14_IRQHandler            0x08000277   Thumb Code     0  startup_stm32f407xx.o(.text)
    TIM8_UP_TIM13_IRQHandler                 0x08000277   Thumb Code     0  startup_stm32f407xx.o(.text)
    UART4_IRQHandler                         0x08000277   Thumb Code     0  startup_stm32f407xx.o(.text)
    UART5_IRQHandler                         0x08000277   Thumb Code     0  startup_stm32f407xx.o(.text)
    USART1_IRQHandler                        0x08000277   Thumb Code     0  startup_stm32f407xx.o(.text)
    USART6_IRQHandler                        0x08000277   Thumb Code     0  startup_stm32f407xx.o(.text)
    WWDG_IRQHandler                          0x08000277   Thumb Code     0  startup_stm32f407xx.o(.text)
    __aeabi_memcpy                           0x08000281   Thumb Code    36  memcpya.o(.text)
    __aeabi_memcpy4                          0x08000281   Thumb Code     0  memcpya.o(.text)
    __aeabi_memcpy8                          0x08000281   Thumb Code     0  memcpya.o(.text)
    __cpp_initialize__aeabi_                 0x080002a5   Thumb Code    22  cpp_init.o(.text)
    __aeabi_dmul                             0x080002c5   Thumb Code   228  dmul.o(.text)
    __aeabi_ddiv                             0x080003a9   Thumb Code   222  ddiv.o(.text)
    __aeabi_i2d                              0x08000487   Thumb Code    34  dflti.o(.text)
    __aeabi_f2d                              0x080004a9   Thumb Code    38  f2d.o(.text)
    __aeabi_d2f                              0x080004cf   Thumb Code    56  d2f.o(.text)
    __aeabi_llsr                             0x08000507   Thumb Code    32  llushr.o(.text)
    _ll_ushift_r                             0x08000507   Thumb Code     0  llushr.o(.text)
    __I$use$fp                               0x08000527   Thumb Code     0  iusefp.o(.text)
    _float_round                             0x08000527   Thumb Code    18  fepilogue.o(.text)
    _float_epilogue                          0x08000539   Thumb Code    92  fepilogue.o(.text)
    _double_round                            0x08000595   Thumb Code    30  depilogue.o(.text)
    _double_epilogue                         0x080005b3   Thumb Code   156  depilogue.o(.text)
    __scatterload                            0x08000651   Thumb Code    28  init.o(.text)
    __scatterload_rt2                        0x08000651   Thumb Code     0  init.o(.text)
    __aeabi_llsl                             0x08000675   Thumb Code    30  llshl.o(.text)
    _ll_shift_l                              0x08000675   Thumb Code     0  llshl.o(.text)
    __decompress                             0x08000693   Thumb Code     0  __dclz77c.o(.text)
    __decompress2                            0x08000693   Thumb Code    94  __dclz77c.o(.text)
    BusFault_Handler                         0x080006f1   Thumb Code     2  stm32f4xx_it.o(i.BusFault_Handler)
    CAN1_RX0_IRQHandler                      0x080006f5   Thumb Code     6  stm32f4xx_it.o(i.CAN1_RX0_IRQHandler)
    CAN1_TX_IRQHandler                       0x08000701   Thumb Code     6  stm32f4xx_it.o(i.CAN1_TX_IRQHandler)
    CAN2_RX0_IRQHandler                      0x0800070d   Thumb Code     6  stm32f4xx_it.o(i.CAN2_RX0_IRQHandler)
    CAN2_TX_IRQHandler                       0x08000719   Thumb Code     6  stm32f4xx_it.o(i.CAN2_TX_IRQHandler)
    Callback_RC_Handle                       0x080008b1   Thumb Code   124  remote_control.o(i.Callback_RC_Handle)
    DMA1_Stream1_IRQHandler                  0x08000931   Thumb Code     6  stm32f4xx_it.o(i.DMA1_Stream1_IRQHandler)
    DMA1_Stream3_IRQHandler                  0x0800093d   Thumb Code     6  stm32f4xx_it.o(i.DMA1_Stream3_IRQHandler)
    DMA1_Stream5_IRQHandler                  0x08000949   Thumb Code     6  stm32f4xx_it.o(i.DMA1_Stream5_IRQHandler)
    DebugMon_Handler                         0x080009f9   Thumb Code     2  stm32f4xx_it.o(i.DebugMon_Handler)
    HAL_CAN_ConfigFilter                     0x080009fd   Thumb Code   328  stm32f4xx_hal_can.o(i.HAL_CAN_ConfigFilter)
    HAL_CAN_ErrorCallback                    0x08000b85   Thumb Code    14  can.o(i.HAL_CAN_ErrorCallback)
    HAL_CAN_IRQHandler                       0x08000b99   Thumb Code   370  stm32f4xx_hal_can.o(i.HAL_CAN_IRQHandler)
    HAL_CAN_Init                             0x08000d19   Thumb Code   556  stm32f4xx_hal_can.o(i.HAL_CAN_Init)
    HAL_CAN_MspInit                          0x08000f85   Thumb Code   204  can.o(i.HAL_CAN_MspInit)
    HAL_CAN_Receive_IT                       0x08001069   Thumb Code   152  stm32f4xx_hal_can.o(i.HAL_CAN_Receive_IT)
    HAL_CAN_RxCpltCallback                   0x08001139   Thumb Code   178  bsp_can.o(i.HAL_CAN_RxCpltCallback)
    HAL_CAN_Transmit                         0x08001205   Thumb Code   466  stm32f4xx_hal_can.o(i.HAL_CAN_Transmit)
    HAL_CAN_TxCpltCallback                   0x0800141d   Thumb Code     2  stm32f4xx_hal_can.o(i.HAL_CAN_TxCpltCallback)
    HAL_DMA_Abort_IT                         0x0800141f   Thumb Code    36  stm32f4xx_hal_dma.o(i.HAL_DMA_Abort_IT)
    HAL_DMA_IRQHandler                       0x08001445   Thumb Code   414  stm32f4xx_hal_dma.o(i.HAL_DMA_IRQHandler)
    HAL_DMA_Init                             0x080015ed   Thumb Code   662  stm32f4xx_hal_dma.o(i.HAL_DMA_Init)
    HAL_DMA_Start                            0x080018c9   Thumb Code   106  stm32f4xx_hal_dma.o(i.HAL_DMA_Start)
    HAL_DMA_Start_IT                         0x0800196d   Thumb Code   152  stm32f4xx_hal_dma.o(i.HAL_DMA_Start_IT)
    HAL_GPIO_Init                            0x08001a3d   Thumb Code   642  stm32f4xx_hal_gpio.o(i.HAL_GPIO_Init)
    HAL_GetTick                              0x08001d45   Thumb Code     6  stm32f4xx_hal.o(i.HAL_GetTick)
    HAL_IncTick                              0x08001d51   Thumb Code    10  stm32f4xx_hal.o(i.HAL_IncTick)
    HAL_Init                                 0x08001d61   Thumb Code    48  stm32f4xx_hal.o(i.HAL_Init)
    HAL_InitTick                             0x08001d95   Thumb Code   100  stm32f4xx_hal_timebase_tim.o(i.HAL_InitTick)
    HAL_MspInit                              0x08001e09   Thumb Code    88  stm32f4xx_hal_msp.o(i.HAL_MspInit)
    HAL_NVIC_EnableIRQ                       0x08001e61   Thumb Code    36  stm32f4xx_hal_cortex.o(i.HAL_NVIC_EnableIRQ)
    HAL_NVIC_SetPriority                     0x08001ec1   Thumb Code    94  stm32f4xx_hal_cortex.o(i.HAL_NVIC_SetPriority)
    HAL_NVIC_SetPriorityGrouping             0x08001f61   Thumb Code    58  stm32f4xx_hal_cortex.o(i.HAL_NVIC_SetPriorityGrouping)
    HAL_RCC_ClockConfig                      0x08001fe1   Thumb Code   572  stm32f4xx_hal_rcc.o(i.HAL_RCC_ClockConfig)
    HAL_RCC_GetClockConfig                   0x08002265   Thumb Code    54  stm32f4xx_hal_rcc.o(i.HAL_RCC_GetClockConfig)
    HAL_RCC_GetHCLKFreq                      0x080022a5   Thumb Code     6  stm32f4xx_hal_rcc.o(i.HAL_RCC_GetHCLKFreq)
    HAL_RCC_GetPCLK1Freq                     0x080022b1   Thumb Code    34  stm32f4xx_hal_rcc.o(i.HAL_RCC_GetPCLK1Freq)
    HAL_RCC_GetPCLK2Freq                     0x080022e1   Thumb Code    34  stm32f4xx_hal_rcc.o(i.HAL_RCC_GetPCLK2Freq)
    HAL_RCC_GetSysClockFreq                  0x08002311   Thumb Code   104  stm32f4xx_hal_rcc.o(i.HAL_RCC_GetSysClockFreq)
    HAL_RCC_OscConfig                        0x08002381   Thumb Code   966  stm32f4xx_hal_rcc.o(i.HAL_RCC_OscConfig)
    HAL_SYSTICK_CLKSourceConfig              0x08002791   Thumb Code    40  stm32f4xx_hal_cortex.o(i.HAL_SYSTICK_CLKSourceConfig)
    HAL_SYSTICK_Config                       0x080027f5   Thumb Code    40  stm32f4xx_hal_cortex.o(i.HAL_SYSTICK_Config)
    HAL_TIMEx_BreakCallback                  0x0800281d   Thumb Code     2  stm32f4xx_hal_tim_ex.o(i.HAL_TIMEx_BreakCallback)
    HAL_TIMEx_CommutationCallback            0x0800281f   Thumb Code     2  stm32f4xx_hal_tim_ex.o(i.HAL_TIMEx_CommutationCallback)
    HAL_TIMEx_MasterConfigSynchronization    0x08002821   Thumb Code   214  stm32f4xx_hal_tim_ex.o(i.HAL_TIMEx_MasterConfigSynchronization)
    HAL_TIM_Base_Init                        0x08002959   Thumb Code   200  stm32f4xx_hal_tim.o(i.HAL_TIM_Base_Init)
    HAL_TIM_Base_MspInit                     0x08002a8d   Thumb Code   108  tim.o(i.HAL_TIM_Base_MspInit)
    HAL_TIM_Base_Start_IT                    0x08002b05   Thumb Code   124  stm32f4xx_hal_tim.o(i.HAL_TIM_Base_Start_IT)
    HAL_TIM_ConfigClockSource                0x08002bed   Thumb Code  1234  stm32f4xx_hal_tim.o(i.HAL_TIM_ConfigClockSource)
    HAL_TIM_IC_CaptureCallback               0x080030bf   Thumb Code     2  stm32f4xx_hal_tim.o(i.HAL_TIM_IC_CaptureCallback)
    HAL_TIM_IRQHandler                       0x080030c1   Thumb Code   358  stm32f4xx_hal_tim.o(i.HAL_TIM_IRQHandler)
    HAL_TIM_OC_DelayElapsedCallback          0x08003227   Thumb Code     2  stm32f4xx_hal_tim.o(i.HAL_TIM_OC_DelayElapsedCallback)
    HAL_TIM_PWM_PulseFinishedCallback        0x08003229   Thumb Code     2  stm32f4xx_hal_tim.o(i.HAL_TIM_PWM_PulseFinishedCallback)
    HAL_TIM_PeriodElapsedCallback            0x0800322d   Thumb Code    56  main.o(i.HAL_TIM_PeriodElapsedCallback)
    HAL_TIM_TriggerCallback                  0x08003271   Thumb Code     2  stm32f4xx_hal_tim.o(i.HAL_TIM_TriggerCallback)
    HAL_UART_ErrorCallback                   0x08003273   Thumb Code     2  stm32f4xx_hal_uart.o(i.HAL_UART_ErrorCallback)
    HAL_UART_IDLE_IRQHandler                 0x08003275   Thumb Code   210  usart.o(i.HAL_UART_IDLE_IRQHandler)
    HAL_UART_IRQHandler                      0x08003355   Thumb Code   266  stm32f4xx_hal_uart.o(i.HAL_UART_IRQHandler)
    HAL_UART_Init                            0x08003465   Thumb Code   242  stm32f4xx_hal_uart.o(i.HAL_UART_Init)
    HAL_UART_MspInit                         0x080035ad   Thumb Code   348  usart.o(i.HAL_UART_MspInit)
    HAL_UART_Receive_DMA                     0x08003739   Thumb Code   132  stm32f4xx_hal_uart.o(i.HAL_UART_Receive_DMA)
    HAL_UART_Receive_IT_IDLE                 0x080037c9   Thumb Code    18  usart.o(i.HAL_UART_Receive_IT_IDLE)
    HAL_UART_RxCpltCallback                  0x080037dd   Thumb Code     6  mainpp.o(i.HAL_UART_RxCpltCallback)
    HAL_UART_RxHalfCpltCallback              0x080037e9   Thumb Code     2  stm32f4xx_hal_uart.o(i.HAL_UART_RxHalfCpltCallback)
    HAL_UART_Transmit_DMA                    0x080037ed   Thumb Code   114  stm32f4xx_hal_uart.o(i.HAL_UART_Transmit_DMA)
    HAL_UART_TxCpltCallback                  0x0800386d   Thumb Code     6  mainpp.o(i.HAL_UART_TxCpltCallback)
    HAL_UART_TxHalfCpltCallback              0x08003879   Thumb Code     2  stm32f4xx_hal_uart.o(i.HAL_UART_TxHalfCpltCallback)
    HardFault_Handler                        0x0800387b   Thumb Code     2  stm32f4xx_it.o(i.HardFault_Handler)
    MX_CAN1_Init                             0x0800387d   Thumb Code    66  can.o(i.MX_CAN1_Init)
    MX_CAN2_Init                             0x080038d9   Thumb Code    66  can.o(i.MX_CAN2_Init)
    MX_DMA_Init                              0x08003935   Thumb Code    72  dma.o(i.MX_DMA_Init)
    MX_FREERTOS_Init                         0x08003981   Thumb Code    66  freertos.o(i.MX_FREERTOS_Init)
    MX_GPIO_Init                             0x080039cd   Thumb Code   274  gpio.o(i.MX_GPIO_Init)
    MX_TIM2_Init                             0x08003b01   Thumb Code    88  tim.o(i.MX_TIM2_Init)
    MX_TIM5_Init                             0x08003b6d   Thumb Code    92  tim.o(i.MX_TIM5_Init)
    MX_TIM7_Init                             0x08003be1   Thumb Code    64  tim.o(i.MX_TIM7_Init)
    MX_USART1_UART_Init                      0x08003c39   Thumb Code    52  usart.o(i.MX_USART1_UART_Init)
    MX_USART2_UART_Init                      0x08003c85   Thumb Code    54  usart.o(i.MX_USART2_UART_Init)
    MX_USART3_UART_Init                      0x08003cd9   Thumb Code    52  usart.o(i.MX_USART3_UART_Init)
    MemManage_Handler                        0x08003d25   Thumb Code     2  stm32f4xx_it.o(i.MemManage_Handler)
    NMI_Handler                              0x08003d27   Thumb Code     2  stm32f4xx_it.o(i.NMI_Handler)
    PID_struct_init                          0x08003d49   Thumb Code    16  pid.o(i.PID_struct_init)
    RC_offline_fcn                           0x08003d61   Thumb Code     8  bsp_can.o(i.RC_offline_fcn)
    RosDelayTimerCallback                    0x08003d6d   Thumb Code    10  freertos.o(i.RosDelayTimerCallback)
    Sin_down_y_calc                          0x08003d7d   Thumb Code   112  motor_ctr.o(i.Sin_down_y_calc)
    Sin_up_y_calc                            0x08003df1   Thumb Code   112  motor_ctr.o(i.Sin_up_y_calc)
    StartDefaultTask                         0x08003e65   Thumb Code    74  freertos.o(i.StartDefaultTask)
    SysTick_Handler                          0x08003ecd   Thumb Code    20  stm32f4xx_it.o(i.SysTick_Handler)
    SystemClock_Config                       0x08003ee1   Thumb Code   146  main.o(i.SystemClock_Config)
    SystemInit                               0x08003f7d   Thumb Code    66  system_stm32f4xx.o(i.SystemInit)
    TIM5_IRQHandler                          0x08003fd1   Thumb Code     6  stm32f4xx_it.o(i.TIM5_IRQHandler)
    TIM6_DAC_IRQHandler                      0x08003fdd   Thumb Code     6  stm32f4xx_it.o(i.TIM6_DAC_IRQHandler)
    TIM7_IRQHandler                          0x08003fe9   Thumb Code     6  stm32f4xx_it.o(i.TIM7_IRQHandler)
    TIM_Base_SetConfig                       0x08003ff5   Thumb Code   148  stm32f4xx_hal_tim.o(i.TIM_Base_SetConfig)
    UART_Receive_DMA_NoIT                    0x08004225   Thumb Code   120  usart.o(i.UART_Receive_DMA_NoIT)
    USART2_IRQHandler                        0x080046d1   Thumb Code     6  stm32f4xx_it.o(i.USART2_IRQHandler)
    USART3_IRQHandler                        0x080046dd   Thumb Code     6  stm32f4xx_it.o(i.USART3_IRQHandler)
    UsageFault_Handler                       0x080046e9   Thumb Code     2  stm32f4xx_it.o(i.UsageFault_Handler)
    Usart1TimerCallback                      0x080046ed   Thumb Code     8  freertos.o(i.Usart1TimerCallback)
    _Error_Handler                           0x080046f9   Thumb Code     2  main.o(i._Error_Handler)
    command_callback(const geometry_msgs::Twist&) 0x080046fd   Thumb Code    44  mainpp.o(i._Z16command_callbackRKN13geometry_msgs5TwistE)
    gimbalctr_callback(const skyguard_msgs::gimbal&) 0x0800472d   Thumb Code    14  mainpp.o(i._Z18gimbalctr_callbackRKN13skyguard_msgs6gimbalE)
    Kinematics::Kinematics(int, float, float, float) 0x08004745   Thumb Code    66  kinematics.o(i._ZN10KinematicsC1Eifff)
    Kinematics::Kinematics__sub_object(int, float, float, float) 0x08004745   Thumb Code     0  kinematics.o(i._ZN10KinematicsC1Eifff)
    STM32Hardware::reset_rbuf()              0x08004791   Thumb Code    14  mainpp.o(i._ZN13STM32Hardware10reset_rbufEv)
    STM32Hardware::flush()                   0x080047a1   Thumb Code    82  mainpp.o(i._ZN13STM32Hardware5flushEv)
    __scatterload_copy                       0x080047f9   Thumb Code    14  handlers.o(i.__scatterload_copy)
    __scatterload_null                       0x08004807   Thumb Code     2  handlers.o(i.__scatterload_null)
    __scatterload_zeroinit                   0x08004809   Thumb Code    14  handlers.o(i.__scatterload_zeroinit)
    abs_limit                                0x080048ed   Thumb Code    42  pid.o(i.abs_limit)
    assert_failed                            0x08004917   Thumb Code     2  main.o(i.assert_failed)
    get_moto_measure                         0x08004919   Thumb Code    84  bsp_can.o(i.get_moto_measure)
    get_moto_offset                          0x0800496d   Thumb Code    12  bsp_can.o(i.get_moto_offset)
    main                                     0x08004985   Thumb Code    58  main.o(i.main)
    moto_param_init                          0x080049cd   Thumb Code   506  motor_ctr.o(i.moto_param_init)
    my_can_filter_init_recv_all              0x08004bf1   Thumb Code    84  bsp_can.o(i.my_can_filter_init_recv_all)
    offline_chassis_detection_fcn            0x08004c51   Thumb Code    32  bsp_can.o(i.offline_chassis_detection_fcn)
    offline_upper_detection_fcn              0x08004c79   Thumb Code    32  bsp_can.o(i.offline_upper_detection_fcn)
    osKernelStart                            0x08004ca1   Thumb Code    10  cmsis_os.o(i.osKernelStart)
    osThreadCreate                           0x08004cab   Thumb Code    56  cmsis_os.o(i.osThreadCreate)
    osTimerCreate                            0x08004ce5   Thumb Code    30  cmsis_os.o(i.osTimerCreate)
    osTimerStart                             0x08004d09   Thumb Code    88  cmsis_os.o(i.osTimerStart)
    pid_calc                                 0x08004d65   Thumb Code   448  pid.o(i.pid_calc)
    pid_chassis_fcn                          0x08004f29   Thumb Code   246  motor_ctr.o(i.pid_chassis_fcn)
    pid_control                              0x0800503d   Thumb Code    18  motor_ctr.o(i.pid_control)
    pid_lifting_fcn                          0x08005051   Thumb Code   188  motor_ctr.o(i.pid_lifting_fcn)
    pif_catching_fcn                         0x0800513d   Thumb Code   206  motor_ctr.o(i.pif_catching_fcn)
    pvPortMalloc                             0x08005775   Thumb Code   210  heap_4.o(i.pvPortMalloc)
    pvTaskIncrementMutexHeldCount            0x0800584d   Thumb Code    18  tasks.o(i.pvTaskIncrementMutexHeldCount)
    pxPortInitialiseStack                    0x08005865   Thumb Code    36  port.o(i.pxPortInitialiseStack)
    remote_task                              0x0800588d   Thumb Code   224  motor_ctr.o(i.remote_task)
    set_catch_moto_current                   0x0800597d   Thumb Code    78  motor_ctr.o(i.set_catch_moto_current)
    set_lift_moto_current                    0x080059cb   Thumb Code    78  motor_ctr.o(i.set_lift_moto_current)
    set_moto_current                         0x08005a19   Thumb Code    78  motor_ctr.o(i.set_moto_current)
    uxListRemove                             0x08005a67   Thumb Code    36  list.o(i.uxListRemove)
    vListInitialise                          0x08005a8b   Thumb Code    22  list.o(i.vListInitialise)
    vListInitialiseItem                      0x08005aa1   Thumb Code     6  list.o(i.vListInitialiseItem)
    vListInsert                              0x08005aa7   Thumb Code    48  list.o(i.vListInsert)
    vListInsertEnd                           0x08005ad7   Thumb Code    24  list.o(i.vListInsertEnd)
    vPortEnterCritical                       0x08005af1   Thumb Code    54  port.o(i.vPortEnterCritical)
    vPortExitCritical                        0x08005b31   Thumb Code    34  port.o(i.vPortExitCritical)
    vPortFree                                0x08005b59   Thumb Code    88  heap_4.o(i.vPortFree)
    vPortSetupTimerInterrupt                 0x08005bb5   Thumb Code    26  port.o(i.vPortSetupTimerInterrupt)
    vPortValidateInterruptPriority           0x08005bd5   Thumb Code    74  port.o(i.vPortValidateInterruptPriority)
    vQueueAddToRegistry                      0x08005c29   Thumb Code    34  queue.o(i.vQueueAddToRegistry)
    vQueueWaitForMessageRestricted           0x08005c51   Thumb Code    60  queue.o(i.vQueueWaitForMessageRestricted)
    vTaskMissedYield                         0x08005c8d   Thumb Code     8  tasks.o(i.vTaskMissedYield)
    vTaskPlaceOnEventList                    0x08005c99   Thumb Code    90  tasks.o(i.vTaskPlaceOnEventList)
    vTaskPlaceOnEventListRestricted          0x08005cfd   Thumb Code    92  tasks.o(i.vTaskPlaceOnEventListRestricted)
    vTaskPriorityInherit                     0x08005d61   Thumb Code   124  tasks.o(i.vTaskPriorityInherit)
    vTaskSetTimeOutState                     0x08005de5   Thumb Code    30  tasks.o(i.vTaskSetTimeOutState)
    vTaskStartScheduler                      0x08005e09   Thumb Code    94  tasks.o(i.vTaskStartScheduler)
    vTaskSuspendAll                          0x08005e79   Thumb Code    10  tasks.o(i.vTaskSuspendAll)
    vTaskSwitchContext                       0x08005e89   Thumb Code    82  tasks.o(i.vTaskSwitchContext)
    xPortStartScheduler                      0x08005ee5   Thumb Code   202  port.o(i.xPortStartScheduler)
    xPortSysTickHandler                      0x08005fc5   Thumb Code    38  port.o(i.xPortSysTickHandler)
    xQueueGenericCreate                      0x08005ff1   Thumb Code    90  queue.o(i.xQueueGenericCreate)
    xQueueGenericReceive                     0x0800604d   Thumb Code   358  queue.o(i.xQueueGenericReceive)
    xQueueGenericReset                       0x080061b9   Thumb Code   126  queue.o(i.xQueueGenericReset)
    xQueueGenericSend                        0x0800623d   Thumb Code   348  queue.o(i.xQueueGenericSend)
    xQueueGenericSendFromISR                 0x0800639d   Thumb Code   182  queue.o(i.xQueueGenericSendFromISR)
    xTaskCheckForTimeOut                     0x08006455   Thumb Code   102  tasks.o(i.xTaskCheckForTimeOut)
    xTaskGenericCreate                       0x080064c1   Thumb Code   414  tasks.o(i.xTaskGenericCreate)
    xTaskGetSchedulerState                   0x0800666d   Thumb Code    22  tasks.o(i.xTaskGetSchedulerState)
    xTaskGetTickCount                        0x08006689   Thumb Code     6  tasks.o(i.xTaskGetTickCount)
    xTaskIncrementTick                       0x08006695   Thumb Code   194  tasks.o(i.xTaskIncrementTick)
    xTaskPriorityDisinherit                  0x08006761   Thumb Code   144  tasks.o(i.xTaskPriorityDisinherit)
    xTaskRemoveFromEventList                 0x080067f9   Thumb Code   108  tasks.o(i.xTaskRemoveFromEventList)
    xTaskResumeAll                           0x0800686d   Thumb Code   182  tasks.o(i.xTaskResumeAll)
    xTimerCreate                             0x08006931   Thumb Code    72  timers.o(i.xTimerCreate)
    xTimerCreateTimerTask                    0x08006979   Thumb Code    60  timers.o(i.xTimerCreateTimerTask)
    xTimerGenericCommand                     0x080069c5   Thumb Code    92  timers.o(i.xTimerGenericCommand)
    ros::NodeHandle_<STM32Hardware, (int)25, (int)25, (int)512, (int)512>::NodeHandle_() 0x08006a25   Thumb Code   124  mainpp.o(t._ZN3ros11NodeHandle_I13STM32HardwareLi25ELi25ELi512ELi512EEC1Ev)
    ros::NodeHandle_<STM32Hardware, (int)25, (int)25, (int)512, (int)512>::NodeHandle___sub_object() 0x08006a25   Thumb Code     0  mainpp.o(t._ZN3ros11NodeHandle_I13STM32HardwareLi25ELi25ELi512ELi512EEC1Ev)
    APBAHBPrescTable                         0x08006acc   Data          16  stm32f4xx_hal_rcc.o(.constdata)
    vtable for geometry_msgs::Twist          0x08006ae4   Data          24  mainpp.o(.constdata__ZTVN13geometry_msgs5TwistE)
    vtable for geometry_msgs::Vector3        0x08006afc   Data          24  mainpp.o(.constdata__ZTVN13geometry_msgs7Vector3E)
    vtable for skyguard_msgs::RawVelocities  0x08006b14   Data          24  mainpp.o(.constdata__ZTVN13skyguard_msgs13RawVelocitiesE)
    vtable for skyguard_msgs::gimbal         0x08006b2c   Data          24  mainpp.o(.constdata__ZTVN13skyguard_msgs6gimbalE)
    vtable for rosserial_msgs::RequestParamResponse 0x08006b44   Data          24  mainpp.o(.constdata__ZTVN14rosserial_msgs20RequestParamResponseE)
    vtable for ros::Subscriber<geometry_msgs::Twist> 0x08006b5c   Data          24  mainpp.o(.constdata__ZTVN3ros10SubscriberIN13geometry_msgs5TwistEEE)
    vtable for ros::Subscriber<skyguard_msgs::gimbal> 0x08006b74   Data          24  mainpp.o(.constdata__ZTVN3ros10SubscriberIN13skyguard_msgs6gimbalEEE)
    vtable for ros::NodeHandle_<STM32Hardware, (int)25, (int)25, (int)512, (int)512> 0x08006b8c   Data          20  mainpp.o(.constdata__ZTVN3ros11NodeHandle_I13STM32HardwareLi25ELi25ELi512ELi512EEE)
    Region$$Table$$Base                      0x08006bac   Number         0  anon$$obj.o(Region$$Table)
    Region$$Table$$Limit                     0x08006bcc   Number         0  anon$$obj.o(Region$$Table)
    SHT$$INIT_ARRAY$$Base                    0x08006bcc   Number         0  mainpp.o(.init_array)
    SHT$$INIT_ARRAY$$Limit                   0x08006bd0   Number         0  cpp_init.o(.init_array)
    previous_command_time                    0x20000000   Data           4  mainpp.o(.data)
    dodge_angular_vel                        0x20000004   Data           4  mainpp.o(.data)
    required_linear_x_vel                    0x20000008   Data           8  mainpp.o(.data)
    required_linear_y_vel                    0x20000010   Data           8  mainpp.o(.data)
    required_angular_vel                     0x20000018   Data           8  mainpp.o(.data)
    a                                        0x20000024   Data           4  freertos.o(.data)
    k                                        0x20000028   Data           4  freertos.o(.data)
    defaultTaskHandle                        0x2000002c   Data           4  freertos.o(.data)
    Usart1TimerHandle                        0x20000030   Data           4  freertos.o(.data)
    RosDelayTimerHandle                      0x20000034   Data           4  freertos.o(.data)
    SystemCoreClock                          0x20000038   Data           4  system_stm32f4xx.o(.data)
    offline_chassis_circulate                0x20000040   Data           4  bsp_can.o(.data)
    offline_upper_circulate                  0x20000044   Data           4  bsp_can.o(.data)
    RC_offline                               0x20000048   Data           4  bsp_can.o(.data)
    set_spd0                                 0x2000004c   Data           4  motor_ctr.o(.data)
    set_spd1                                 0x20000050   Data           4  motor_ctr.o(.data)
    set_spd2                                 0x20000054   Data           4  motor_ctr.o(.data)
    set_spd3                                 0x20000058   Data           4  motor_ctr.o(.data)
    set2_spd6                                0x2000005c   Data           4  motor_ctr.o(.data)
    test_angle0                              0x20000060   Data           4  motor_ctr.o(.data)
    Sin_point                                0x20000064   Data           4  motor_ctr.o(.data)
    Sin_control_time                         0x20000068   Data           4  motor_ctr.o(.data)
    ref_angle0                               0x2000006c   Data           4  motor_ctr.o(.data)
    ref_angle1                               0x20000070   Data           4  motor_ctr.o(.data)
    ref_angle2                               0x20000074   Data           4  motor_ctr.o(.data)
    ref_angle3                               0x20000078   Data           4  motor_ctr.o(.data)
    Sin_up_x                                 0x2000007c   Data           4  motor_ctr.o(.data)
    Sin_up_y                                 0x20000080   Data           4  motor_ctr.o(.data)
    Sin_up_count                             0x20000084   Data           4  motor_ctr.o(.data)
    Sin_down_x                               0x20000088   Data           4  motor_ctr.o(.data)
    Sin_down_y                               0x2000008c   Data           4  motor_ctr.o(.data)
    Sin_down_count                           0x20000090   Data           4  motor_ctr.o(.data)
    d                                        0x20000094   Data           4  motor_ctr.o(.data)
    catching_flag                            0x20000098   Data           4  motor_ctr.o(.data)
    Sin_up_table                             0x2000009c   Data         808  motor_ctr.o(.data)
    Sin_down_table                           0x200003c4   Data         808  motor_ctr.o(.data)
    uwTick                                   0x200006ec   Data           4  stm32f4xx_hal.o(.data)
    pxCurrentTCB                             0x20000714   Data           4  tasks.o(.data)
    STM32Hardware::flush()::mutex            0x2000075c   Data           1  mainpp.o(.data__ZZN13STM32Hardware5flushEvE5mutex)
    remote_control                           0x20000760   Data          20  remote_control.o(.bss)
    kinematics                               0x20000774   Data          20  mainpp.o(.bss)
    nh                                       0x20000788   Data        1980  mainpp.o(.bss)
    raw_vel_msg                              0x20000f44   Data          16  mainpp.o(.bss)
    raw_vel_pub                              0x20000f54   Data          20  mainpp.o(.bss)
    cmd_sub                                  0x20000f68   Data          56  mainpp.o(.bss)
    gimbalctr                                0x20000fa0   Data          32  mainpp.o(.bss)
    hcan1                                    0x20000fc0   Data          64  can.o(.bss)
    hcan2                                    0x20001000   Data          64  can.o(.bss)
    htim2                                    0x20001040   Data          60  tim.o(.bss)
    htim5                                    0x2000107c   Data          60  tim.o(.bss)
    htim7                                    0x200010b8   Data          60  tim.o(.bss)
    UART_Buffer                              0x200010f4   Data         100  usart.o(.bss)
    huart1                                   0x20001158   Data          64  usart.o(.bss)
    huart2                                   0x20001198   Data          64  usart.o(.bss)
    huart3                                   0x200011d8   Data          64  usart.o(.bss)
    hdma_usart2_rx                           0x20001218   Data          96  usart.o(.bss)
    hdma_usart3_rx                           0x20001278   Data          96  usart.o(.bss)
    hdma_usart3_tx                           0x200012d8   Data          96  usart.o(.bss)
    htim6                                    0x20001338   Data          60  stm32f4xx_hal_timebase_tim.o(.bss)
    moto_chassis                             0x20001374   Data         384  bsp_can.o(.bss)
    moto_upper                               0x200014f4   Data         384  bsp_can.o(.bss)
    moto_info                                0x200016f4   Data          48  bsp_can.o(.bss)
    pid_pos                                  0x20001724   Data         864  motor_ctr.o(.bss)
    pid_spd                                  0x20001a84   Data         864  motor_ctr.o(.bss)
    pid2_pos                                 0x20001de4   Data         864  motor_ctr.o(.bss)
    pid2_spd                                 0x20002144   Data         864  motor_ctr.o(.bss)
    xQueueRegistry                           0x200060a4   Data          64  queue.o(.bss)
    __initial_sp                             0x20006600   Data           0  startup_stm32f407xx.o(STACK)



==============================================================================

Memory Map of the image

  Image Entry point : 0x08000189

  Load Region LR_IROM1 (Base: 0x08000000, Size: 0x00007330, Max: 0x00100000, ABSOLUTE, COMPRESSED[0x00007118])

    Execution Region ER_IROM1 (Base: 0x08000000, Size: 0x00006bd0, Max: 0x00100000, ABSOLUTE)

    Base Addr    Size         Type   Attr      Idx    E Section Name        Object

    0x08000000   0x00000188   Data   RO            3    RESET               startup_stm32f407xx.o
    0x08000188   0x00000000   Code   RO         5386  * .ARM.Collect$$$$00000000  mc_w.l(entry.o)
    0x08000188   0x00000004   Code   RO         5443    .ARM.Collect$$$$00000001  mc_w.l(entry2.o)
    0x0800018c   0x00000004   Code   RO         5446    .ARM.Collect$$$$00000004  mc_w.l(entry5.o)
    0x08000190   0x00000000   Code   RO         5448    .ARM.Collect$$$$00000008  mc_w.l(entry7b.o)
    0x08000190   0x00000004   Code   RO         5449    .ARM.Collect$$$$00000009  mc_w.l(entry8a.o)
    0x08000194   0x00000000   Code   RO         5450    .ARM.Collect$$$$0000000A  mc_w.l(entry8b.o)
    0x08000194   0x00000008   Code   RO         5451    .ARM.Collect$$$$0000000B  mc_w.l(entry9a.o)
    0x0800019c   0x00000000   Code   RO         5453    .ARM.Collect$$$$0000000D  mc_w.l(entry10a.o)
    0x0800019c   0x00000000   Code   RO         5455    .ARM.Collect$$$$0000000F  mc_w.l(entry11a.o)
    0x0800019c   0x00000004   Code   RO         5444    .ARM.Collect$$$$00002712  mc_w.l(entry2.o)
    0x080001a0   0x000000ba   Code   RO         4263    .emb_text           port.o
    0x0800025a   0x00000002   PAD
    0x0800025c   0x00000024   Code   RO            4    .text               startup_stm32f407xx.o
    0x08000280   0x00000024   Code   RO         5389    .text               mc_w.l(memcpya.o)
    0x080002a4   0x00000020   Code   RO         5416    .text               mc_w.l(cpp_init.o)
    0x080002c4   0x000000e4   Code   RO         5418    .text               mf_w.l(dmul.o)
    0x080003a8   0x000000de   Code   RO         5420    .text               mf_w.l(ddiv.o)
    0x08000486   0x00000022   Code   RO         5422    .text               mf_w.l(dflti.o)
    0x080004a8   0x00000026   Code   RO         5426    .text               mf_w.l(f2d.o)
    0x080004ce   0x00000038   Code   RO         5428    .text               mf_w.l(d2f.o)
    0x08000506   0x00000020   Code   RO         5457    .text               mc_w.l(llushr.o)
    0x08000526   0x00000000   Code   RO         5461    .text               mc_w.l(iusefp.o)
    0x08000526   0x0000006e   Code   RO         5462    .text               mf_w.l(fepilogue.o)
    0x08000594   0x000000ba   Code   RO         5464    .text               mf_w.l(depilogue.o)
    0x0800064e   0x00000002   PAD
    0x08000650   0x00000024   Code   RO         5479    .text               mc_w.l(init.o)
    0x08000674   0x0000001e   Code   RO         5481    .text               mc_w.l(llshl.o)
    0x08000692   0x0000005e   Code   RO         5509    .text               mc_w.l(__dclz77c.o)
    0x080006f0   0x00000002   Code   RO         1355    i.BusFault_Handler  stm32f4xx_it.o
    0x080006f2   0x00000002   PAD
    0x080006f4   0x0000000c   Code   RO         1356    i.CAN1_RX0_IRQHandler  stm32f4xx_it.o
    0x08000700   0x0000000c   Code   RO         1357    i.CAN1_TX_IRQHandler  stm32f4xx_it.o
    0x0800070c   0x0000000c   Code   RO         1358    i.CAN2_RX0_IRQHandler  stm32f4xx_it.o
    0x08000718   0x0000000c   Code   RO         1359    i.CAN2_TX_IRQHandler  stm32f4xx_it.o
    0x08000724   0x0000012c   Code   RO         1938    i.CAN_Receive_IT    stm32f4xx_hal_can.o
    0x08000850   0x00000060   Code   RO         1939    i.CAN_Transmit_IT   stm32f4xx_hal_can.o
    0x080008b0   0x00000080   Code   RO           13    i.Callback_RC_Handle  remote_control.o
    0x08000930   0x0000000c   Code   RO         1360    i.DMA1_Stream1_IRQHandler  stm32f4xx_it.o
    0x0800093c   0x0000000c   Code   RO         1361    i.DMA1_Stream3_IRQHandler  stm32f4xx_it.o
    0x08000948   0x0000000c   Code   RO         1362    i.DMA1_Stream5_IRQHandler  stm32f4xx_it.o
    0x08000954   0x00000028   Code   RO         3649    i.DMA_CalcBaseAndBitshift  stm32f4xx_hal_dma.o
    0x0800097c   0x00000054   Code   RO         3650    i.DMA_CheckFifoParam  stm32f4xx_hal_dma.o
    0x080009d0   0x00000028   Code   RO         3651    i.DMA_SetConfig     stm32f4xx_hal_dma.o
    0x080009f8   0x00000002   Code   RO         1363    i.DebugMon_Handler  stm32f4xx_it.o
    0x080009fa   0x00000002   PAD
    0x080009fc   0x00000188   Code   RO         1940    i.HAL_CAN_ConfigFilter  stm32f4xx_hal_can.o
    0x08000b84   0x00000014   Code   RO         1064    i.HAL_CAN_ErrorCallback  can.o
    0x08000b98   0x00000180   Code   RO         1945    i.HAL_CAN_IRQHandler  stm32f4xx_hal_can.o
    0x08000d18   0x0000026c   Code   RO         1946    i.HAL_CAN_Init      stm32f4xx_hal_can.o
    0x08000f84   0x000000e4   Code   RO         1066    i.HAL_CAN_MspInit   can.o
    0x08001068   0x000000d0   Code   RO         1950    i.HAL_CAN_Receive_IT  stm32f4xx_hal_can.o
    0x08001138   0x000000cc   Code   RO         1592    i.HAL_CAN_RxCpltCallback  bsp_can.o
    0x08001204   0x00000218   Code   RO         1953    i.HAL_CAN_Transmit  stm32f4xx_hal_can.o
    0x0800141c   0x00000002   Code   RO         1955    i.HAL_CAN_TxCpltCallback  stm32f4xx_hal_can.o
    0x0800141e   0x00000024   Code   RO         3653    i.HAL_DMA_Abort_IT  stm32f4xx_hal_dma.o
    0x08001442   0x00000002   PAD
    0x08001444   0x000001a8   Code   RO         3657    i.HAL_DMA_IRQHandler  stm32f4xx_hal_dma.o
    0x080015ec   0x000002dc   Code   RO         3658    i.HAL_DMA_Init      stm32f4xx_hal_dma.o
    0x080018c8   0x000000a4   Code   RO         3661    i.HAL_DMA_Start     stm32f4xx_hal_dma.o
    0x0800196c   0x000000d0   Code   RO         3662    i.HAL_DMA_Start_IT  stm32f4xx_hal_dma.o
    0x08001a3c   0x00000308   Code   RO         3545    i.HAL_GPIO_Init     stm32f4xx_hal_gpio.o
    0x08001d44   0x0000000c   Code   RO         4065    i.HAL_GetTick       stm32f4xx_hal.o
    0x08001d50   0x00000010   Code   RO         4066    i.HAL_IncTick       stm32f4xx_hal.o
    0x08001d60   0x00000034   Code   RO         4067    i.HAL_Init          stm32f4xx_hal.o
    0x08001d94   0x00000074   Code   RO         1518    i.HAL_InitTick      stm32f4xx_hal_timebase_tim.o
    0x08001e08   0x00000058   Code   RO         1494    i.HAL_MspInit       stm32f4xx_hal_msp.o
    0x08001e60   0x00000060   Code   RO         3932    i.HAL_NVIC_EnableIRQ  stm32f4xx_hal_cortex.o
    0x08001ec0   0x000000a0   Code   RO         3938    i.HAL_NVIC_SetPriority  stm32f4xx_hal_cortex.o
    0x08001f60   0x00000080   Code   RO         3939    i.HAL_NVIC_SetPriorityGrouping  stm32f4xx_hal_cortex.o
    0x08001fe0   0x00000284   Code   RO         3191    i.HAL_RCC_ClockConfig  stm32f4xx_hal_rcc.o
    0x08002264   0x00000040   Code   RO         3195    i.HAL_RCC_GetClockConfig  stm32f4xx_hal_rcc.o
    0x080022a4   0x0000000c   Code   RO         3196    i.HAL_RCC_GetHCLKFreq  stm32f4xx_hal_rcc.o
    0x080022b0   0x00000030   Code   RO         3198    i.HAL_RCC_GetPCLK1Freq  stm32f4xx_hal_rcc.o
    0x080022e0   0x00000030   Code   RO         3199    i.HAL_RCC_GetPCLK2Freq  stm32f4xx_hal_rcc.o
    0x08002310   0x00000070   Code   RO         3200    i.HAL_RCC_GetSysClockFreq  stm32f4xx_hal_rcc.o
    0x08002380   0x00000410   Code   RO         3203    i.HAL_RCC_OscConfig  stm32f4xx_hal_rcc.o
    0x08002790   0x00000064   Code   RO         3941    i.HAL_SYSTICK_CLKSourceConfig  stm32f4xx_hal_cortex.o
    0x080027f4   0x00000028   Code   RO         3943    i.HAL_SYSTICK_Config  stm32f4xx_hal_cortex.o
    0x0800281c   0x00000002   Code   RO         2699    i.HAL_TIMEx_BreakCallback  stm32f4xx_hal_tim_ex.o
    0x0800281e   0x00000002   Code   RO         2700    i.HAL_TIMEx_CommutationCallback  stm32f4xx_hal_tim_ex.o
    0x08002820   0x00000138   Code   RO         2716    i.HAL_TIMEx_MasterConfigSynchronization  stm32f4xx_hal_tim_ex.o
    0x08002958   0x00000134   Code   RO         2070    i.HAL_TIM_Base_Init  stm32f4xx_hal_tim.o
    0x08002a8c   0x00000078   Code   RO         1223    i.HAL_TIM_Base_MspInit  tim.o
    0x08002b04   0x000000e8   Code   RO         2075    i.HAL_TIM_Base_Start_IT  stm32f4xx_hal_tim.o
    0x08002bec   0x000004d2   Code   RO         2079    i.HAL_TIM_ConfigClockSource  stm32f4xx_hal_tim.o
    0x080030be   0x00000002   Code   RO         2099    i.HAL_TIM_IC_CaptureCallback  stm32f4xx_hal_tim.o
    0x080030c0   0x00000166   Code   RO         2112    i.HAL_TIM_IRQHandler  stm32f4xx_hal_tim.o
    0x08003226   0x00000002   Code   RO         2115    i.HAL_TIM_OC_DelayElapsedCallback  stm32f4xx_hal_tim.o
    0x08003228   0x00000002   Code   RO         2142    i.HAL_TIM_PWM_PulseFinishedCallback  stm32f4xx_hal_tim.o
    0x0800322a   0x00000002   PAD
    0x0800322c   0x00000044   Code   RO          909    i.HAL_TIM_PeriodElapsedCallback  main.o
    0x08003270   0x00000002   Code   RO         2153    i.HAL_TIM_TriggerCallback  stm32f4xx_hal_tim.o
    0x08003272   0x00000002   Code   RO         2950    i.HAL_UART_ErrorCallback  stm32f4xx_hal_uart.o
    0x08003274   0x000000e0   Code   RO         1276    i.HAL_UART_IDLE_IRQHandler  usart.o
    0x08003354   0x00000110   Code   RO         2953    i.HAL_UART_IRQHandler  stm32f4xx_hal_uart.o
    0x08003464   0x00000148   Code   RO         2954    i.HAL_UART_Init     stm32f4xx_hal_uart.o
    0x080035ac   0x0000018c   Code   RO         1278    i.HAL_UART_MspInit  usart.o
    0x08003738   0x00000090   Code   RO         2958    i.HAL_UART_Receive_DMA  stm32f4xx_hal_uart.o
    0x080037c8   0x00000012   Code   RO         1279    i.HAL_UART_Receive_IT_IDLE  usart.o
    0x080037da   0x00000002   PAD
    0x080037dc   0x0000000c   Code   RO          165    i.HAL_UART_RxCpltCallback  mainpp.o
    0x080037e8   0x00000002   Code   RO         2961    i.HAL_UART_RxHalfCpltCallback  stm32f4xx_hal_uart.o
    0x080037ea   0x00000002   PAD
    0x080037ec   0x00000080   Code   RO         2963    i.HAL_UART_Transmit_DMA  stm32f4xx_hal_uart.o
    0x0800386c   0x0000000c   Code   RO          166    i.HAL_UART_TxCpltCallback  mainpp.o
    0x08003878   0x00000002   Code   RO         2966    i.HAL_UART_TxHalfCpltCallback  stm32f4xx_hal_uart.o
    0x0800387a   0x00000002   Code   RO         1364    i.HardFault_Handler  stm32f4xx_it.o
    0x0800387c   0x0000005c   Code   RO         1067    i.MX_CAN1_Init      can.o
    0x080038d8   0x0000005c   Code   RO         1068    i.MX_CAN2_Init      can.o
    0x08003934   0x0000004c   Code   RO         1119    i.MX_DMA_Init       dma.o
    0x08003980   0x0000004c   Code   RO         1142    i.MX_FREERTOS_Init  freertos.o
    0x080039cc   0x00000134   Code   RO         1036    i.MX_GPIO_Init      gpio.o
    0x08003b00   0x0000006c   Code   RO         1224    i.MX_TIM2_Init      tim.o
    0x08003b6c   0x00000074   Code   RO         1225    i.MX_TIM5_Init      tim.o
    0x08003be0   0x00000058   Code   RO         1226    i.MX_TIM7_Init      tim.o
    0x08003c38   0x0000004c   Code   RO         1280    i.MX_USART1_UART_Init  usart.o
    0x08003c84   0x00000054   Code   RO         1281    i.MX_USART2_UART_Init  usart.o
    0x08003cd8   0x0000004c   Code   RO         1282    i.MX_USART3_UART_Init  usart.o
    0x08003d24   0x00000002   Code   RO         1365    i.MemManage_Handler  stm32f4xx_it.o
    0x08003d26   0x00000002   Code   RO         1366    i.NMI_Handler       stm32f4xx_it.o
    0x08003d28   0x00000020   Code   RO         3945    i.NVIC_SetPriority  stm32f4xx_hal_cortex.o
    0x08003d48   0x00000018   Code   RO         1685    i.PID_struct_init   pid.o
    0x08003d60   0x0000000c   Code   RO         1593    i.RC_offline_fcn    bsp_can.o
    0x08003d6c   0x00000010   Code   RO         1143    i.RosDelayTimerCallback  freertos.o
    0x08003d7c   0x00000074   Code   RO         1746    i.Sin_down_y_calc   motor_ctr.o
    0x08003df0   0x00000074   Code   RO         1747    i.Sin_up_y_calc     motor_ctr.o
    0x08003e64   0x00000068   Code   RO         1144    i.StartDefaultTask  freertos.o
    0x08003ecc   0x00000014   Code   RO         1367    i.SysTick_Handler   stm32f4xx_it.o
    0x08003ee0   0x0000009c   Code   RO          910    i.SystemClock_Config  main.o
    0x08003f7c   0x00000054   Code   RO         1559    i.SystemInit        system_stm32f4xx.o
    0x08003fd0   0x0000000c   Code   RO         1368    i.TIM5_IRQHandler   stm32f4xx_it.o
    0x08003fdc   0x0000000c   Code   RO         1369    i.TIM6_DAC_IRQHandler  stm32f4xx_it.o
    0x08003fe8   0x0000000c   Code   RO         1370    i.TIM7_IRQHandler   stm32f4xx_it.o
    0x08003ff4   0x000000c0   Code   RO         2154    i.TIM_Base_SetConfig  stm32f4xx_hal_tim.o
    0x080040b4   0x00000014   Code   RO         2161    i.TIM_ETR_SetConfig  stm32f4xx_hal_tim.o
    0x080040c8   0x00000010   Code   RO         2162    i.TIM_ITRx_SetConfig  stm32f4xx_hal_tim.o
    0x080040d8   0x00000022   Code   RO         2168    i.TIM_TI1_ConfigInputStage  stm32f4xx_hal_tim.o
    0x080040fa   0x00000024   Code   RO         2170    i.TIM_TI2_ConfigInputStage  stm32f4xx_hal_tim.o
    0x0800411e   0x00000010   Code   RO         2967    i.UART_DMAAbortOnError  stm32f4xx_hal_uart.o
    0x0800412e   0x0000004a   Code   RO         2968    i.UART_DMAError     stm32f4xx_hal_uart.o
    0x08004178   0x0000003c   Code   RO         2969    i.UART_DMAReceiveCplt  stm32f4xx_hal_uart.o
    0x080041b4   0x0000000a   Code   RO         2970    i.UART_DMARxHalfCplt  stm32f4xx_hal_uart.o
    0x080041be   0x0000002e   Code   RO         2971    i.UART_DMATransmitCplt  stm32f4xx_hal_uart.o
    0x080041ec   0x0000000a   Code   RO         2972    i.UART_DMATxHalfCplt  stm32f4xx_hal_uart.o
    0x080041f6   0x0000001c   Code   RO         2973    i.UART_EndRxTransfer  stm32f4xx_hal_uart.o
    0x08004212   0x00000012   Code   RO         2974    i.UART_EndTxTransfer  stm32f4xx_hal_uart.o
    0x08004224   0x00000078   Code   RO         1283    i.UART_Receive_DMA_NoIT  usart.o
    0x0800429c   0x0000008c   Code   RO         2975    i.UART_Receive_IT   stm32f4xx_hal_uart.o
    0x08004328   0x00000344   Code   RO         2976    i.UART_SetConfig    stm32f4xx_hal_uart.o
    0x0800466c   0x00000062   Code   RO         2977    i.UART_Transmit_IT  stm32f4xx_hal_uart.o
    0x080046ce   0x00000002   PAD
    0x080046d0   0x0000000c   Code   RO         1371    i.USART2_IRQHandler  stm32f4xx_it.o
    0x080046dc   0x0000000c   Code   RO         1372    i.USART3_IRQHandler  stm32f4xx_it.o
    0x080046e8   0x00000002   Code   RO         1373    i.UsageFault_Handler  stm32f4xx_it.o
    0x080046ea   0x00000002   PAD
    0x080046ec   0x0000000c   Code   RO         1145    i.Usart1TimerCallback  freertos.o
    0x080046f8   0x00000002   Code   RO          911    i._Error_Handler    main.o
    0x080046fa   0x00000002   PAD
    0x080046fc   0x00000030   Code   RO          167    i._Z16command_callbackRKN13geometry_msgs5TwistE  mainpp.o
    0x0800472c   0x00000018   Code   RO          168    i._Z18gimbalctr_callbackRKN13skyguard_msgs6gimbalE  mainpp.o
    0x08004744   0x0000004c   Code   RO         1865    i._ZN10KinematicsC1Eifff  kinematics.o
    0x08004790   0x0000000e   Code   RO          317    i._ZN13STM32Hardware10reset_rbufEv  mainpp.o
    0x0800479e   0x00000002   PAD
    0x080047a0   0x00000058   Code   RO          274    i._ZN13STM32Hardware5flushEv  mainpp.o
    0x080047f8   0x0000000e   Code   RO         5503    i.__scatterload_copy  mc_w.l(handlers.o)
    0x08004806   0x00000002   Code   RO         5504    i.__scatterload_null  mc_w.l(handlers.o)
    0x08004808   0x0000000e   Code   RO         5505    i.__scatterload_zeroinit  mc_w.l(handlers.o)
    0x08004816   0x00000002   PAD
    0x08004818   0x000000d4   Code   RO          169    i.__sti___10_mainpp_cpp_98d1a6d7  mainpp.o
    0x080048ec   0x0000002a   Code   RO         1686    i.abs_limit         pid.o
    0x08004916   0x00000002   Code   RO          912    i.assert_failed     main.o
    0x08004918   0x00000054   Code   RO         1596    i.get_moto_measure  bsp_can.o
    0x0800496c   0x0000000c   Code   RO         1597    i.get_moto_offset   bsp_can.o
    0x08004978   0x0000000c   Code   RO         4938    i.inHandlerMode     cmsis_os.o
    0x08004984   0x0000003a   Code   RO          913    i.main              main.o
    0x080049be   0x0000000c   Code   RO         4940    i.makeFreeRtosPriority  cmsis_os.o
    0x080049ca   0x00000002   PAD
    0x080049cc   0x00000224   Code   RO         1748    i.moto_param_init   motor_ctr.o
    0x08004bf0   0x00000060   Code   RO         1599    i.my_can_filter_init_recv_all  bsp_can.o
    0x08004c50   0x00000028   Code   RO         1600    i.offline_chassis_detection_fcn  bsp_can.o
    0x08004c78   0x00000028   Code   RO         1601    i.offline_upper_detection_fcn  bsp_can.o
    0x08004ca0   0x0000000a   Code   RO         4944    i.osKernelStart     cmsis_os.o
    0x08004caa   0x00000038   Code   RO         4974    i.osThreadCreate    cmsis_os.o
    0x08004ce2   0x00000002   PAD
    0x08004ce4   0x00000024   Code   RO         4985    i.osTimerCreate     cmsis_os.o
    0x08004d08   0x0000005c   Code   RO         4987    i.osTimerStart      cmsis_os.o
    0x08004d64   0x000001c4   Code   RO         1687    i.pid_calc          pid.o
    0x08004f28   0x00000114   Code   RO         1749    i.pid_chassis_fcn   motor_ctr.o
    0x0800503c   0x00000012   Code   RO         1750    i.pid_control       motor_ctr.o
    0x0800504e   0x00000002   PAD
    0x08005050   0x000000d8   Code   RO         1751    i.pid_lifting_fcn   motor_ctr.o
    0x08005128   0x0000000e   Code   RO         1688    i.pid_param_init    pid.o
    0x08005136   0x00000006   Code   RO         1689    i.pid_reset         pid.o
    0x0800513c   0x000000ec   Code   RO         1752    i.pif_catching_fcn  motor_ctr.o
    0x08005228   0x00000034   Code   RO         4585    i.prvAddCurrentTaskToDelayedList  tasks.o
    0x0800525c   0x00000060   Code   RO         4851    i.prvCheckForValidListAndQueue  timers.o
    0x080052bc   0x00000054   Code   RO         4586    i.prvCheckTasksWaitingTermination  tasks.o
    0x08005310   0x00000026   Code   RO         4450    i.prvCopyDataFromQueue  queue.o
    0x08005336   0x0000006e   Code   RO         4451    i.prvCopyDataToQueue  queue.o
    0x080053a4   0x0000004c   Code   RO         4196    i.prvHeapInit       heap_4.o
    0x080053f0   0x00000028   Code   RO         4587    i.prvIdleTask       tasks.o
    0x08005418   0x0000004c   Code   RO         4197    i.prvInsertBlockIntoFreeList  heap_4.o
    0x08005464   0x00000038   Code   RO         4852    i.prvInsertTimerInActiveList  timers.o
    0x0800549c   0x000000bc   Code   RO         4853    i.prvProcessReceivedCommands  timers.o
    0x08005558   0x000000b8   Code   RO         4854    i.prvProcessTimerOrBlockTask  timers.o
    0x08005610   0x00000020   Code   RO         4588    i.prvResetNextTaskUnblockTime  tasks.o
    0x08005630   0x00000028   Code   RO         4855    i.prvSampleTimeNow  timers.o
    0x08005658   0x0000006c   Code   RO         4856    i.prvSwitchTimerLists  timers.o
    0x080056c4   0x00000028   Code   RO         4264    i.prvTaskExitError  port.o
    0x080056ec   0x00000024   Code   RO         4857    i.prvTimerTask      timers.o
    0x08005710   0x00000064   Code   RO         4452    i.prvUnlockQueue    queue.o
    0x08005774   0x000000d8   Code   RO         4198    i.pvPortMalloc      heap_4.o
    0x0800584c   0x00000018   Code   RO         4590    i.pvTaskIncrementMutexHeldCount  tasks.o
    0x08005864   0x00000028   Code   RO         4265    i.pxPortInitialiseStack  port.o
    0x0800588c   0x000000f0   Code   RO         1753    i.remote_task       motor_ctr.o
    0x0800597c   0x0000004e   Code   RO         1754    i.set_catch_moto_current  motor_ctr.o
    0x080059ca   0x0000004e   Code   RO         1755    i.set_lift_moto_current  motor_ctr.o
    0x08005a18   0x0000004e   Code   RO         1756    i.set_moto_current  motor_ctr.o
    0x08005a66   0x00000024   Code   RO         4414    i.uxListRemove      list.o
    0x08005a8a   0x00000016   Code   RO         4415    i.vListInitialise   list.o
    0x08005aa0   0x00000006   Code   RO         4416    i.vListInitialiseItem  list.o
    0x08005aa6   0x00000030   Code   RO         4417    i.vListInsert       list.o
    0x08005ad6   0x00000018   Code   RO         4418    i.vListInsertEnd    list.o
    0x08005aee   0x00000002   PAD
    0x08005af0   0x00000040   Code   RO         4267    i.vPortEnterCritical  port.o
    0x08005b30   0x00000028   Code   RO         4268    i.vPortExitCritical  port.o
    0x08005b58   0x0000005c   Code   RO         4199    i.vPortFree         heap_4.o
    0x08005bb4   0x00000020   Code   RO         4269    i.vPortSetupTimerInterrupt  port.o
    0x08005bd4   0x00000054   Code   RO         4270    i.vPortValidateInterruptPriority  port.o
    0x08005c28   0x00000028   Code   RO         4456    i.vQueueAddToRegistry  queue.o
    0x08005c50   0x0000003c   Code   RO         4459    i.vQueueWaitForMessageRestricted  queue.o
    0x08005c8c   0x0000000c   Code   RO         4599    i.vTaskMissedYield  tasks.o
    0x08005c98   0x00000064   Code   RO         4601    i.vTaskPlaceOnEventList  tasks.o
    0x08005cfc   0x00000064   Code   RO         4602    i.vTaskPlaceOnEventListRestricted  tasks.o
    0x08005d60   0x00000084   Code   RO         4604    i.vTaskPriorityInherit  tasks.o
    0x08005de4   0x00000024   Code   RO         4607    i.vTaskSetTimeOutState  tasks.o
    0x08005e08   0x00000070   Code   RO         4608    i.vTaskStartScheduler  tasks.o
    0x08005e78   0x00000010   Code   RO         4610    i.vTaskSuspendAll   tasks.o
    0x08005e88   0x0000005c   Code   RO         4611    i.vTaskSwitchContext  tasks.o
    0x08005ee4   0x000000e0   Code   RO         4271    i.xPortStartScheduler  port.o
    0x08005fc4   0x0000002c   Code   RO         4272    i.xPortSysTickHandler  port.o
    0x08005ff0   0x0000005a   Code   RO         4461    i.xQueueGenericCreate  queue.o
    0x0800604a   0x00000002   PAD
    0x0800604c   0x0000016c   Code   RO         4462    i.xQueueGenericReceive  queue.o
    0x080061b8   0x00000084   Code   RO         4463    i.xQueueGenericReset  queue.o
    0x0800623c   0x00000160   Code   RO         4464    i.xQueueGenericSend  queue.o
    0x0800639c   0x000000b6   Code   RO         4465    i.xQueueGenericSendFromISR  queue.o
    0x08006452   0x00000002   PAD
    0x08006454   0x0000006c   Code   RO         4612    i.xTaskCheckForTimeOut  tasks.o
    0x080064c0   0x000001ac   Code   RO         4613    i.xTaskGenericCreate  tasks.o
    0x0800666c   0x0000001c   Code   RO         4617    i.xTaskGetSchedulerState  tasks.o
    0x08006688   0x0000000c   Code   RO         4618    i.xTaskGetTickCount  tasks.o
    0x08006694   0x000000cc   Code   RO         4620    i.xTaskIncrementTick  tasks.o
    0x08006760   0x00000098   Code   RO         4623    i.xTaskPriorityDisinherit  tasks.o
    0x080067f8   0x00000074   Code   RO         4624    i.xTaskRemoveFromEventList  tasks.o
    0x0800686c   0x000000c4   Code   RO         4626    i.xTaskResumeAll    tasks.o
    0x08006930   0x00000048   Code   RO         4860    i.xTimerCreate      timers.o
    0x08006978   0x0000004c   Code   RO         4861    i.xTimerCreateTimerTask  timers.o
    0x080069c4   0x00000060   Code   RO         4862    i.xTimerGenericCommand  timers.o
    0x08006a24   0x0000008c   Code   RO          347    t._ZN3ros11NodeHandle_I13STM32HardwareLi25ELi25ELi512ELi512EEC1Ev  mainpp.o
    0x08006ab0   0x0000001c   Data   RO         1147    .constdata          freertos.o
    0x08006acc   0x00000010   Data   RO         3204    .constdata          stm32f4xx_hal_rcc.o
    0x08006adc   0x00000008   Data   RO         3664    .constdata          stm32f4xx_hal_dma.o
    0x08006ae4   0x00000018   Data   RO          366    .constdata__ZTVN13geometry_msgs5TwistE  mainpp.o
    0x08006afc   0x00000018   Data   RO          364    .constdata__ZTVN13geometry_msgs7Vector3E  mainpp.o
    0x08006b14   0x00000018   Data   RO          368    .constdata__ZTVN13skyguard_msgs13RawVelocitiesE  mainpp.o
    0x08006b2c   0x00000018   Data   RO          362    .constdata__ZTVN13skyguard_msgs6gimbalE  mainpp.o
    0x08006b44   0x00000018   Data   RO          360    .constdata__ZTVN14rosserial_msgs20RequestParamResponseE  mainpp.o
    0x08006b5c   0x00000018   Data   RO          372    .constdata__ZTVN3ros10SubscriberIN13geometry_msgs5TwistEEE  mainpp.o
    0x08006b74   0x00000018   Data   RO          374    .constdata__ZTVN3ros10SubscriberIN13skyguard_msgs6gimbalEEE  mainpp.o
    0x08006b8c   0x00000014   Data   RO          370    .constdata__ZTVN3ros11NodeHandle_I13STM32HardwareLi25ELi25ELi512ELi512EEE  mainpp.o
    0x08006ba0   0x0000000c   Data   RO         1148    .conststring        freertos.o
    0x08006bac   0x00000020   Data   RO         5501    Region$$Table       anon$$obj.o
    0x08006bcc   0x00000004   Data   RO          191    .init_array         mainpp.o
    0x08006bd0   0x00000000   Data   RO         5414    .init_array         mc_w.l(cpp_init.o)


    Execution Region RW_IRAM1 (Base: 0x20000000, Size: 0x00006600, Max: 0x00020000, ABSOLUTE, COMPRESSED[0x00000548])

    Base Addr    Size         Type   Attr      Idx    E Section Name        Object

    0x20000000   0x00000020   Data   RW          189    .data               mainpp.o
    0x20000020   0x00000004   Data   RW         1070    .data               can.o
    0x20000024   0x00000014   Data   RW         1149    .data               freertos.o
    0x20000038   0x00000004   Data   RW         1561    .data               system_stm32f4xx.o
    0x2000003c   0x00000010   Data   RW         1603    .data               bsp_can.o
    0x2000004c   0x000006a0   Data   RW         1758    .data               motor_ctr.o
    0x200006ec   0x00000004   Data   RW         4073    .data               stm32f4xx_hal.o
    0x200006f0   0x00000018   Data   RW         4204    .data               heap_4.o
    0x20000708   0x0000000c   Data   RW         4273    .data               port.o
    0x20000714   0x00000038   Data   RW         4629    .data               tasks.o
    0x2000074c   0x00000010   Data   RW         4865    .data               timers.o
    0x2000075c   0x00000001   Data   RW          375    .data__ZZN13STM32Hardware5flushEvE5mutex  mainpp.o
    0x2000075d   0x00000003   PAD
    0x20000760   0x00000014   Zero   RW           14    .bss                remote_control.o
    0x20000774   0x0000084c   Zero   RW          187    .bss                mainpp.o
    0x20000fc0   0x00000080   Zero   RW         1069    .bss                can.o
    0x20001040   0x000000b4   Zero   RW         1227    .bss                tim.o
    0x200010f4   0x00000064   Zero   RW         1285    .bss                usart.o
    0x20001158   0x000001e0   Zero   RW         1286    .bss                usart.o
    0x20001338   0x0000003c   Zero   RW         1521    .bss                stm32f4xx_hal_timebase_tim.o
    0x20001374   0x000003b0   Zero   RW         1602    .bss                bsp_can.o
    0x20001724   0x00000d80   Zero   RW         1757    .bss                motor_ctr.o
    0x200024a4   0x00003c00   Zero   RW         4203    .bss                heap_4.o
    0x200060a4   0x00000040   Zero   RW         4471    .bss                queue.o
    0x200060e4   0x000000f0   Zero   RW         4628    .bss                tasks.o
    0x200061d4   0x00000028   Zero   RW         4864    .bss                timers.o
    0x200061fc   0x00000004   PAD
    0x20006200   0x00000400   Zero   RW            1    STACK               startup_stm32f407xx.o


==============================================================================

Image component sizes


      Code (inc. data)   RO Data    RW Data    ZI Data      Debug   Object Name

       488         58          0         16        944       7596   bsp_can.o
       432         82          0          4        128       2966   can.o
       218         10          0          0          0      16266   cmsis_os.o
        76          4          0          0          0        810   dma.o
       208         50         40         20          0       3394   freertos.o
       308         34          0          0          0       1183   gpio.o
       460         24          0         24      15360      11443   heap_4.o
        76         10          0          0          0       1596   kinematics.o
       136          0          0          0          0       3666   list.o
       286         22          0          0          0      26463   main.o
       550        132        192         33       2124     266128   mainpp.o
      2000        154          0       1696       3456       9581   motor_ctr.o
       538         12          0          0          0       4609   pid.o
       754         84          0         12          0      17865   port.o
      1468         22          0          0         64      13205   queue.o
       128          4          0          0         20     324125   remote_control.o
        36          8        392          0       1024        844   startup_stm32f407xx.o
        80         16          0          4          0       3104   stm32f4xx_hal.o
      2538        268          0          0          0       7776   stm32f4xx_hal_can.o
       556        256          0          0          0      31357   stm32f4xx_hal_cortex.o
      1728        200          8          0          0       7802   stm32f4xx_hal_dma.o
       776        134          0          0          0       2000   stm32f4xx_hal_gpio.o
        88          0          0          0          0        542   stm32f4xx_hal_msp.o
      1968        198         16          0          0       6944   stm32f4xx_hal_rcc.o
      2438        368          0          0          0      10471   stm32f4xx_hal_tim.o
       316         98          0          0          0       2446   stm32f4xx_hal_tim_ex.o
       116         16          0          0         60       1512   stm32f4xx_hal_timebase_tim.o
      2214        192          0          0          0      13234   stm32f4xx_hal_uart.o
       176         72          0          0          0       9185   stm32f4xx_it.o
        84         18          0          4          0       1165   system_stm32f4xx.o
      2076        176          0         56        240      21737   tasks.o
       432         80          0          0        180       3036   tim.o
       952         82          0         16         40      11038   timers.o
       994        140          0          0        580       5723   usart.o

    ----------------------------------------------------------------------
     25728       3024        680       1888      24224     850812   Object Totals
         0          0         32          0          0          0   (incl. Generated)
        34          0          0          3          4          0   (incl. Padding)

    ----------------------------------------------------------------------

      Code (inc. data)   RO Data    RW Data    ZI Data      Debug   Library Member Name

        94          0          0          0          0          0   __dclz77c.o
        32         10          0          0          0         80   cpp_init.o
         0          0          0          0          0          0   entry.o
         0          0          0          0          0          0   entry10a.o
         0          0          0          0          0          0   entry11a.o
         8          4          0          0          0          0   entry2.o
         4          0          0          0          0          0   entry5.o
         0          0          0          0          0          0   entry7b.o
         4          0          0          0          0          0   entry8a.o
         0          0          0          0          0          0   entry8b.o
         8          4          0          0          0          0   entry9a.o
        30          0          0          0          0          0   handlers.o
        36          8          0          0          0         68   init.o
         0          0          0          0          0          0   iusefp.o
        30          0          0          0          0         68   llshl.o
        32          0          0          0          0         68   llushr.o
        36          0          0          0          0         68   memcpya.o
        56          0          0          0          0         88   d2f.o
       222          0          0          0          0        100   ddiv.o
       186          0          0          0          0        176   depilogue.o
        34          0          0          0          0         76   dflti.o
       228          0          0          0          0         96   dmul.o
        38          0          0          0          0         68   f2d.o
       110          0          0          0          0        168   fepilogue.o

    ----------------------------------------------------------------------
      1192         26          0          0          0       1124   Library Totals
         4          0          0          0          0          0   (incl. Padding)

    ----------------------------------------------------------------------

      Code (inc. data)   RO Data    RW Data    ZI Data      Debug   Library Name

       314         26          0          0          0        352   mc_w.l
       874          0          0          0          0        772   mf_w.l

    ----------------------------------------------------------------------
      1192         26          0          0          0       1124   Library Totals

    ----------------------------------------------------------------------

==============================================================================


      Code (inc. data)   RO Data    RW Data    ZI Data      Debug   

     26920       3050        680       1888      24224     831452   Grand Totals
     26920       3050        680       1352      24224     831452   ELF Image Totals (compressed)
     26920       3050        680       1352          0          0   ROM Totals

==============================================================================

    Total RO  Size (Code + RO Data)                27600 (  26.95kB)
    Total RW  Size (RW Data + ZI Data)             26112 (  25.50kB)
    Total ROM Size (Code + RO Data + RW Data)      28952 (  28.27kB)

==============================================================================

