Component: ARM Compiler 5.06 update 3 (build 300) Tool: armlink [4d35c9]

==============================================================================

Section Cross References

    startup_stm32f407xx.o(RESET) refers to startup_stm32f407xx.o(STACK) for __initial_sp
    startup_stm32f407xx.o(RESET) refers to startup_stm32f407xx.o(.text) for Reset_Handler
    startup_stm32f407xx.o(RESET) refers to stm32f4xx_it.o(i.NMI_Handler) for NMI_Handler
    startup_stm32f407xx.o(RESET) refers to stm32f4xx_it.o(i.HardFault_Handler) for HardFault_Handler
    startup_stm32f407xx.o(RESET) refers to stm32f4xx_it.o(i.MemManage_Handler) for MemManage_Handler
    startup_stm32f407xx.o(RESET) refers to stm32f4xx_it.o(i.BusFault_Handler) for BusFault_Handler
    startup_stm32f407xx.o(RESET) refers to stm32f4xx_it.o(i.UsageFault_Handler) for UsageFault_Handler
    startup_stm32f407xx.o(RESET) refers to stm32f4xx_it.o(i.SVC_Handler) for SVC_Handler
    startup_stm32f407xx.o(RESET) refers to stm32f4xx_it.o(i.DebugMon_Handler) for DebugMon_Handler
    startup_stm32f407xx.o(RESET) refers to stm32f4xx_it.o(i.PendSV_Handler) for PendSV_Handler
    startup_stm32f407xx.o(RESET) refers to stm32f4xx_it.o(i.SysTick_Handler) for SysTick_Handler
    startup_stm32f407xx.o(RESET) refers to stm32f4xx_it.o(i.DMA1_Stream1_IRQHandler) for DMA1_Stream1_IRQHandler
    startup_stm32f407xx.o(RESET) refers to stm32f4xx_it.o(i.DMA1_Stream2_IRQHandler) for DMA1_Stream2_IRQHandler
    startup_stm32f407xx.o(RESET) refers to stm32f4xx_it.o(i.DMA1_Stream3_IRQHandler) for DMA1_Stream3_IRQHandler
    startup_stm32f407xx.o(RESET) refers to stm32f4xx_it.o(i.DMA1_Stream4_IRQHandler) for DMA1_Stream4_IRQHandler
    startup_stm32f407xx.o(RESET) refers to stm32f4xx_it.o(i.DMA1_Stream5_IRQHandler) for DMA1_Stream5_IRQHandler
    startup_stm32f407xx.o(RESET) refers to stm32f4xx_it.o(i.CAN1_TX_IRQHandler) for CAN1_TX_IRQHandler
    startup_stm32f407xx.o(RESET) refers to stm32f4xx_it.o(i.CAN1_RX0_IRQHandler) for CAN1_RX0_IRQHandler
    startup_stm32f407xx.o(RESET) refers to stm32f4xx_it.o(i.TIM3_IRQHandler) for TIM3_IRQHandler
    startup_stm32f407xx.o(RESET) refers to stm32f4xx_it.o(i.USART1_IRQHandler) for USART1_IRQHandler
    startup_stm32f407xx.o(RESET) refers to stm32f4xx_it.o(i.USART2_IRQHandler) for USART2_IRQHandler
    startup_stm32f407xx.o(RESET) refers to stm32f4xx_it.o(i.USART3_IRQHandler) for USART3_IRQHandler
    startup_stm32f407xx.o(RESET) refers to stm32f4xx_it.o(i.TIM5_IRQHandler) for TIM5_IRQHandler
    startup_stm32f407xx.o(RESET) refers to stm32f4xx_it.o(i.UART4_IRQHandler) for UART4_IRQHandler
    startup_stm32f407xx.o(RESET) refers to stm32f4xx_it.o(i.TIM6_DAC_IRQHandler) for TIM6_DAC_IRQHandler
    startup_stm32f407xx.o(RESET) refers to stm32f4xx_it.o(i.TIM7_IRQHandler) for TIM7_IRQHandler
    startup_stm32f407xx.o(RESET) refers to stm32f4xx_it.o(i.DMA2_Stream2_IRQHandler) for DMA2_Stream2_IRQHandler
    startup_stm32f407xx.o(RESET) refers to stm32f4xx_it.o(i.CAN2_TX_IRQHandler) for CAN2_TX_IRQHandler
    startup_stm32f407xx.o(RESET) refers to stm32f4xx_it.o(i.CAN2_RX0_IRQHandler) for CAN2_RX0_IRQHandler
    startup_stm32f407xx.o(.text) refers to system_stm32f4xx_1.o(i.SystemInit) for SystemInit
    startup_stm32f407xx.o(.text) refers to entry.o(.ARM.Collect$$$$00000000) for __main
    mainpp.o(i.HAL_UART_RxCpltCallback) refers to mainpp.o(i._ZN13STM32Hardware10reset_rbufEv) for STM32Hardware::reset_rbuf()
    mainpp.o(i.HAL_UART_RxCpltCallback) refers to mainpp.o(.bss) for .bss
    mainpp.o(i.HAL_UART_TxCpltCallback) refers to mainpp.o(i._ZN13STM32Hardware5flushEv) for STM32Hardware::flush()
    mainpp.o(i.HAL_UART_TxCpltCallback) refers to mainpp.o(.bss) for .bss
    mainpp.o(i.Kinematics_displacement_move_fcn) refers to f2d.o(.text) for __aeabi_f2d
    mainpp.o(i.Kinematics_displacement_move_fcn) refers to dmul.o(.text) for __aeabi_dmul
    mainpp.o(i.Kinematics_displacement_move_fcn) refers to dadd.o(.text) for __aeabi_dsub
    mainpp.o(i.Kinematics_displacement_move_fcn) refers to dfixi.o(.text) for __aeabi_d2iz
    mainpp.o(i.Kinematics_displacement_move_fcn) refers to chassis.o(.data) for Kinematics_displacement_move_flag
    mainpp.o(i.Kinematics_displacement_move_fcn) refers to mainpp.o(.data) for .data
    mainpp.o(i.Kinematics_displacement_move_fcn) refers to bsp_can.o(.bss) for moto_chassis
    mainpp.o(i.RAMP_MAX_MIN_SELECT) refers to mainpp.o(.data) for .data
    mainpp.o(i.ROS_OFF) refers to mainpp.o(i._ZN3ros9Publisher7publishEPKNS_3MsgE) for ros::Publisher::publish(const ros::Msg*)
    mainpp.o(i.ROS_OFF) refers to chassis.o(.data) for ROS_ON_OFF
    mainpp.o(i.ROS_OFF) refers to mainpp.o(.data) for .data
    mainpp.o(i.ROS_OFF) refers to mainpp.o(.bss) for .bss
    mainpp.o(i.ROS_ON) refers to mainpp.o(i._ZN3ros9Publisher7publishEPKNS_3MsgE) for ros::Publisher::publish(const ros::Msg*)
    mainpp.o(i.ROS_ON) refers to chassis.o(.data) for ROS_ON_OFF
    mainpp.o(i.ROS_ON) refers to mainpp.o(.data) for .data
[...]
    __aeabi_memcpy8                          0x08000227   Thumb Code     0  memcpya.o(.text)
    __aeabi_memset                           0x0800024b   Thumb Code    14  memseta.o(.text)
    __aeabi_memset4                          0x0800024b   Thumb Code     0  memseta.o(.text)
    __aeabi_memset8                          0x0800024b   Thumb Code     0  memseta.o(.text)
    __aeabi_memclr                           0x08000259   Thumb Code     4  memseta.o(.text)
    __aeabi_memclr4                          0x08000259   Thumb Code     0  memseta.o(.text)
    __aeabi_memclr8                          0x08000259   Thumb Code     0  memseta.o(.text)
    _memset$wrapper                          0x0800025d   Thumb Code    18  memseta.o(.text)
    strlen                                   0x0800026f   Thumb Code    14  strlen.o(.text)
    __cpp_initialize__aeabi_                 0x0800027d   Thumb Code    22  cpp_init.o(.text)
    __aeabi_dadd                             0x0800029d   Thumb Code   322  dadd.o(.text)
    __aeabi_dsub                             0x080003df   Thumb Code     6  dadd.o(.text)
    __aeabi_drsub                            0x080003e5   Thumb Code     6  dadd.o(.text)
    __aeabi_dmul                             0x080003eb   Thumb Code   228  dmul.o(.text)
    __aeabi_ddiv                             0x080004cf   Thumb Code   222  ddiv.o(.text)
    __aeabi_i2d                              0x080005ad   Thumb Code    34  dflti.o(.text)
    __aeabi_d2iz                             0x080005cf   Thumb Code    62  dfixi.o(.text)
    __aeabi_f2d                              0x0800060d   Thumb Code    38  f2d.o(.text)
    __aeabi_d2f                              0x08000633   Thumb Code    56  d2f.o(.text)
    __aeabi_llsl                             0x0800066b   Thumb Code    30  llshl.o(.text)
    _ll_shift_l                              0x0800066b   Thumb Code     0  llshl.o(.text)
    __aeabi_llsr                             0x08000689   Thumb Code    32  llushr.o(.text)
    _ll_ushift_r                             0x08000689   Thumb Code     0  llushr.o(.text)
    __aeabi_lasr                             0x080006a9   Thumb Code    36  llsshr.o(.text)
    _ll_sshift_r                             0x080006a9   Thumb Code     0  llsshr.o(.text)
    __I$use$fp                               0x080006cd   Thumb Code     0  iusefp.o(.text)
    _float_round                             0x080006cd   Thumb Code    18  fepilogue.o(.text)
    _float_epilogue                          0x080006df   Thumb Code    92  fepilogue.o(.text)
    _double_round                            0x0800073b   Thumb Code    30  depilogue.o(.text)
    _double_epilogue                         0x08000759   Thumb Code   156  depilogue.o(.text)
    __scatterload                            0x080007f5   Thumb Code    28  init.o(.text)
    __scatterload_rt2                        0x080007f5   Thumb Code     0  init.o(.text)
    __decompress                             0x08000819   Thumb Code     0  __dclz77c.o(.text)
    __decompress2                            0x08000819   Thumb Code    94  __dclz77c.o(.text)
    BusFault_Handler                         0x08000877   Thumb Code     2  stm32f4xx_it.o(i.BusFault_Handler)
    CAN1_RX0_IRQHandler                      0x08000879   Thumb Code     6  stm32f4xx_it.o(i.CAN1_RX0_IRQHandler)
    CAN1_TX_IRQHandler                       0x08000885   Thumb Code     6  stm32f4xx_it.o(i.CAN1_TX_IRQHandler)
    CAN2_RX0_IRQHandler                      0x08000891   Thumb Code     6  stm32f4xx_it.o(i.CAN2_RX0_IRQHandler)
    CAN2_TX_IRQHandler                       0x0800089d   Thumb Code     6  stm32f4xx_it.o(i.CAN2_TX_IRQHandler)
    Callback_RC_Handle                       0x08000a35   Thumb Code   118  remote_control.o(i.Callback_RC_Handle)
    DMA1_Stream1_IRQHandler                  0x08000aad   Thumb Code     6  stm32f4xx_it.o(i.DMA1_Stream1_IRQHandler)
    DMA1_Stream2_IRQHandler                  0x08000ab9   Thumb Code     6  stm32f4xx_it.o(i.DMA1_Stream2_IRQHandler)
    DMA1_Stream3_IRQHandler                  0x08000ac5   Thumb Code     6  stm32f4xx_it.o(i.DMA1_Stream3_IRQHandler)
    DMA1_Stream4_IRQHandler                  0x08000ad1   Thumb Code     6  stm32f4xx_it.o(i.DMA1_Stream4_IRQHandler)
    DMA1_Stream5_IRQHandler                  0x08000add   Thumb Code     6  stm32f4xx_it.o(i.DMA1_Stream5_IRQHandler)
    DMA2_Stream2_IRQHandler                  0x08000ae9   Thumb Code     6  stm32f4xx_it.o(i.DMA2_Stream2_IRQHandler)
    DebugMon_Handler                         0x08000b99   Thumb Code     2  stm32f4xx_it.o(i.DebugMon_Handler)
    Error_Handler                            0x08000b9b   Thumb Code     2  main.o(i.Error_Handler)
    Float_to_Byte                            0x08000b9d   Thumb Code    20  judge_send.o(i.Float_to_Byte)
    Get_CRC16_Check_Sum                      0x08000bb1   Thumb Code    38  driver_judge.o(i.Get_CRC16_Check_Sum)
    Get_CRC8_Check_Sum                       0x08000bdd   Thumb Code    24  driver_judge.o(i.Get_CRC8_Check_Sum)
    HAL_CAN_ConfigFilter                     0x08000bf9   Thumb Code   328  stm32f4xx_hal_can.o(i.HAL_CAN_ConfigFilter)
    HAL_CAN_ErrorCallback                    0x08000d81   Thumb Code    28  can.o(i.HAL_CAN_ErrorCallback)
    HAL_CAN_IRQHandler                       0x08000da1   Thumb Code   370  stm32f4xx_hal_can.o(i.HAL_CAN_IRQHandler)
    HAL_CAN_Init                             0x08000f21   Thumb Code   556  stm32f4xx_hal_can.o(i.HAL_CAN_Init)
    HAL_CAN_MspInit                          0x0800118d   Thumb Code   222  can.o(i.HAL_CAN_MspInit)
    HAL_CAN_Receive_IT                       0x08001289   Thumb Code   152  stm32f4xx_hal_can.o(i.HAL_CAN_Receive_IT)
    HAL_CAN_RxCpltCallback                   0x08001359   Thumb Code   112  bsp_can.o(i.HAL_CAN_RxCpltCallback)
    HAL_CAN_Transmit                         0x080013dd   Thumb Code   466  stm32f4xx_hal_can.o(i.HAL_CAN_Transmit)
    HAL_CAN_TxCpltCallback                   0x080015f5   Thumb Code     2  stm32f4xx_hal_can.o(i.HAL_CAN_TxCpltCallback)
    HAL_DMA_Abort_IT                         0x080015f7   Thumb Code    36  stm32f4xx_hal_dma.o(i.HAL_DMA_Abort_IT)
    HAL_DMA_IRQHandler                       0x0800161d   Thumb Code   412  stm32f4xx_hal_dma.o(i.HAL_DMA_IRQHandler)
    HAL_DMA_Init                             0x080017bd   Thumb Code   666  stm32f4xx_hal_dma.o(i.HAL_DMA_Init)
    HAL_DMA_Start                            0x08001a9d   Thumb Code   106  stm32f4xx_hal_dma.o(i.HAL_DMA_Start)
    HAL_DMA_Start_IT                         0x08001b41   Thumb Code   152  stm32f4xx_hal_dma.o(i.HAL_DMA_Start_IT)
    HAL_GPIO_Init                            0x08001c11   Thumb Code   646  stm32f4xx_hal_gpio.o(i.HAL_GPIO_Init)
    HAL_GPIO_ReadPin                         0x08001f1d   Thumb Code    28  stm32f4xx_hal_gpio.o(i.HAL_GPIO_ReadPin)
    HAL_GPIO_WritePin                        0x08001f75   Thumb Code    46  stm32f4xx_hal_gpio.o(i.HAL_GPIO_WritePin)
    HAL_GetTick                              0x08001fe1   Thumb Code     6  stm32f4xx_hal.o(i.HAL_GetTick)
    HAL_IncTick                              0x08001fed   Thumb Code    12  stm32f4xx_hal.o(i.HAL_IncTick)
    HAL_Init                                 0x08001ffd   Thumb Code    48  stm32f4xx_hal.o(i.HAL_Init)
    HAL_InitTick                             0x08002031   Thumb Code   100  stm32f4xx_hal_timebase_tim.o(i.HAL_InitTick)
    HAL_MspInit                              0x080020a5   Thumb Code    42  stm32f4xx_hal_msp.o(i.HAL_MspInit)
    HAL_NVIC_EnableIRQ                       0x080020d5   Thumb Code    40  stm32f4xx_hal_cortex.o(i.HAL_NVIC_EnableIRQ)
    HAL_NVIC_SetPriority                     0x08002139   Thumb Code    94  stm32f4xx_hal_cortex.o(i.HAL_NVIC_SetPriority)
    HAL_NVIC_SetPriorityGrouping             0x080021d9   Thumb Code    58  stm32f4xx_hal_cortex.o(i.HAL_NVIC_SetPriorityGrouping)
    HAL_RCC_ClockConfig                      0x08002259   Thumb Code   510  stm32f4xx_hal_rcc.o(i.HAL_RCC_ClockConfig)
    HAL_RCC_GetClockConfig                   0x080024a1   Thumb Code    54  stm32f4xx_hal_rcc.o(i.HAL_RCC_GetClockConfig)
    HAL_RCC_GetPCLK1Freq                     0x080024e1   Thumb Code    20  stm32f4xx_hal_rcc.o(i.HAL_RCC_GetPCLK1Freq)
    HAL_RCC_GetPCLK2Freq                     0x08002501   Thumb Code    20  stm32f4xx_hal_rcc.o(i.HAL_RCC_GetPCLK2Freq)
    HAL_RCC_GetSysClockFreq                  0x08002521   Thumb Code    88  stm32f4xx_hal_rcc.o(i.HAL_RCC_GetSysClockFreq)
    HAL_RCC_OscConfig                        0x08002581   Thumb Code  1118  stm32f4xx_hal_rcc.o(i.HAL_RCC_OscConfig)
    HAL_TIMEx_BreakCallback                  0x080029df   Thumb Code     2  stm32f4xx_hal_tim_ex.o(i.HAL_TIMEx_BreakCallback)
    HAL_TIMEx_CommutCallback                 0x080029e1   Thumb Code     2  stm32f4xx_hal_tim_ex.o(i.HAL_TIMEx_CommutCallback)
    HAL_TIMEx_MasterConfigSynchronization    0x080029e5   Thumb Code   188  stm32f4xx_hal_tim_ex.o(i.HAL_TIMEx_MasterConfigSynchronization)
    HAL_TIM_Base_Init                        0x08002af9   Thumb Code   224  stm32f4xx_hal_tim.o(i.HAL_TIM_Base_Init)
    HAL_TIM_Base_MspInit                     0x08002c45   Thumb Code   144  tim.o(i.HAL_TIM_Base_MspInit)
    HAL_TIM_Base_Start                       0x08002ce5   Thumb Code   136  stm32f4xx_hal_tim.o(i.HAL_TIM_Base_Start)
    HAL_TIM_Base_Start_IT                    0x08002dd9   Thumb Code   134  stm32f4xx_hal_tim.o(i.HAL_TIM_Base_Start_IT)
    HAL_TIM_ConfigClockSource                0x08002ecd   Thumb Code   914  stm32f4xx_hal_tim.o(i.HAL_TIM_ConfigClockSource)
    HAL_TIM_IC_CaptureCallback               0x080032cd   Thumb Code     2  stm32f4xx_hal_tim.o(i.HAL_TIM_IC_CaptureCallback)
    HAL_TIM_IRQHandler                       0x080032cf   Thumb Code   358  stm32f4xx_hal_tim.o(i.HAL_TIM_IRQHandler)
    HAL_TIM_OC_DelayElapsedCallback          0x08003435   Thumb Code     2  stm32f4xx_hal_tim.o(i.HAL_TIM_OC_DelayElapsedCallback)
    HAL_TIM_PWM_PulseFinishedCallback        0x08003437   Thumb Code     2  stm32f4xx_hal_tim.o(i.HAL_TIM_PWM_PulseFinishedCallback)
    HAL_TIM_PeriodElapsedCallback            0x08003439   Thumb Code   100  main.o(i.HAL_TIM_PeriodElapsedCallback)
    HAL_TIM_TriggerCallback                  0x080034cd   Thumb Code     2  stm32f4xx_hal_tim.o(i.HAL_TIM_TriggerCallback)
    HAL_UART_ErrorCallback                   0x080034cf   Thumb Code     2  stm32f4xx_hal_uart.o(i.HAL_UART_ErrorCallback)
    HAL_UART_IDLE_IRQHandler                 0x080034d1   Thumb Code   210  usart.o(i.HAL_UART_IDLE_IRQHandler)
    HAL_UART_IRQHandler                      0x080035b1   Thumb Code   266  stm32f4xx_hal_uart.o(i.HAL_UART_IRQHandler)
    HAL_UART_Init                            0x080036c1   Thumb Code   246  stm32f4xx_hal_uart.o(i.HAL_UART_Init)
    HAL_UART_MspInit                         0x0800380d   Thumb Code   754  usart.o(i.HAL_UART_MspInit)
    HAL_UART_Receive_DMA                     0x08003b2d   Thumb Code   138  stm32f4xx_hal_uart.o(i.HAL_UART_Receive_DMA)
    HAL_UART_Receive_IT_IDLE                 0x08003bc5   Thumb Code    18  usart.o(i.HAL_UART_Receive_IT_IDLE)
    HAL_UART_RxCpltCallback                  0x08003bd9   Thumb Code     6  mainpp.o(i.HAL_UART_RxCpltCallback)
    HAL_UART_RxHalfCpltCallback              0x08003be5   Thumb Code     2  stm32f4xx_hal_uart.o(i.HAL_UART_RxHalfCpltCallback)
    HAL_UART_Transmit_DMA                    0x08003be9   Thumb Code   114  stm32f4xx_hal_uart.o(i.HAL_UART_Transmit_DMA)
    HAL_UART_TxCpltCallback                  0x08003c69   Thumb Code     6  mainpp.o(i.HAL_UART_TxCpltCallback)
    HAL_UART_TxHalfCpltCallback              0x08003c75   Thumb Code     2  stm32f4xx_hal_uart.o(i.HAL_UART_TxHalfCpltCallback)
    HardFault_Handler                        0x08003c77   Thumb Code     2  stm32f4xx_it.o(i.HardFault_Handler)
    Kinematics_displacement_move_fcn         0x08003c79   Thumb Code   308  mainpp.o(i.Kinematics_displacement_move_fcn)
    LED_OFF                                  0x08003dd9   Thumb Code    18  gpio.o(i.LED_OFF)
    LED_ON                                   0x08003df5   Thumb Code    18  gpio.o(i.LED_ON)
    MX_CAN1_Init                             0x08003e11   Thumb Code    62  can.o(i.MX_CAN1_Init)
    MX_CAN2_Init                             0x08003e59   Thumb Code    62  can.o(i.MX_CAN2_Init)
    MX_DMA_Init                              0x08003ea1   Thumb Code   136  dma.o(i.MX_DMA_Init)
    MX_GPIO_Init                             0x08003f2d   Thumb Code   370  gpio.o(i.MX_GPIO_Init)
    MX_TIM2_Init                             0x080040c1   Thumb Code    96  tim.o(i.MX_TIM2_Init)
    MX_TIM3_Init                             0x08004125   Thumb Code    96  tim.o(i.MX_TIM3_Init)
    MX_TIM5_Init                             0x0800418d   Thumb Code    94  tim.o(i.MX_TIM5_Init)
    MX_TIM7_Init                             0x080041f5   Thumb Code    62  tim.o(i.MX_TIM7_Init)
    MX_UART4_Init                            0x0800423d   Thumb Code    48  usart.o(i.MX_UART4_Init)
    MX_USART1_UART_Init                      0x08004275   Thumb Code    48  usart.o(i.MX_USART1_UART_Init)
    MX_USART2_UART_Init                      0x080042ad   Thumb Code    50  usart.o(i.MX_USART2_UART_Init)
    MX_USART3_UART_Init                      0x080042ed   Thumb Code    48  usart.o(i.MX_USART3_UART_Init)
    MemManage_Handler                        0x08004325   Thumb Code     2  stm32f4xx_it.o(i.MemManage_Handler)
    My_CAN1_FilterConfig                     0x08004329   Thumb Code    56  bsp_can.o(i.My_CAN1_FilterConfig)
    My_CAN2_FilterConfig                     0x08004365   Thumb Code    56  bsp_can.o(i.My_CAN2_FilterConfig)
    NMI_Handler                              0x080043a1   Thumb Code     2  stm32f4xx_it.o(i.NMI_Handler)
    PID_struct_init                          0x080043a5   Thumb Code    16  pid.o(i.PID_struct_init)
    PendSV_Handler                           0x080043bd   Thumb Code     2  stm32f4xx_it.o(i.PendSV_Handler)
    ROS_OFF                                  0x080043c1   Thumb Code    14  mainpp.o(i.ROS_OFF)
    ROS_ON                                   0x080043dd   Thumb Code    14  mainpp.o(i.ROS_ON)
    ROS_perspective_catch                    0x080043f9   Thumb Code    28  mainpp.o(i.ROS_perspective_catch)
    ROS_perspective_embrace                  0x0800441d   Thumb Code    30  mainpp.o(i.ROS_perspective_embrace)
    Relay_S                                  0x08004445   Thumb Code    28  relay_s.o(i.Relay_S)
    SVC_Handler                              0x08004469   Thumb Code     2  stm32f4xx_it.o(i.SVC_Handler)
    Sin_Up_or_Down_switch                    0x0800446d   Thumb Code    22  lifting.o(i.Sin_Up_or_Down_switch)
    Sin_down_y_calc                          0x08004489   Thumb Code   120  lifting.o(i.Sin_down_y_calc)
    Sin_down_y_calc_catch                    0x08004505   Thumb Code   112  catch.o(i.Sin_down_y_calc_catch)
    Sin_up_y_calc                            0x08004579   Thumb Code   120  lifting.o(i.Sin_up_y_calc)
    Sin_up_y_calc_catch                      0x080045f5   Thumb Code   112  catch.o(i.Sin_up_y_calc_catch)
    SysTick_Handler                          0x08004669   Thumb Code     2  stm32f4xx_it.o(i.SysTick_Handler)
    SystemClock_Config                       0x0800466d   Thumb Code   134  main.o(i.SystemClock_Config)
    SystemInit                               0x080046fd   Thumb Code    66  system_stm32f4xx_1.o(i.SystemInit)
    TIM3_IRQHandler                          0x08004751   Thumb Code     6  stm32f4xx_it.o(i.TIM3_IRQHandler)
    TIM5_IRQHandler                          0x0800475d   Thumb Code     6  stm32f4xx_it.o(i.TIM5_IRQHandler)
    TIM6_DAC_IRQHandler                      0x08004769   Thumb Code     6  stm32f4xx_it.o(i.TIM6_DAC_IRQHandler)
    TIM7_IRQHandler                          0x08004775   Thumb Code     6  stm32f4xx_it.o(i.TIM7_IRQHandler)
    TIM_Base_SetConfig                       0x08004781   Thumb Code   156  stm32f4xx_hal_tim.o(i.TIM_Base_SetConfig)
    TIM_ETR_SetConfig                        0x08004849   Thumb Code    20  stm32f4xx_hal_tim.o(i.TIM_ETR_SetConfig)
    UART4_IRQHandler                         0x080048b5   Thumb Code     6  stm32f4xx_it.o(i.UART4_IRQHandler)
    UART_Receive_DMA_NoIT                    0x080049c7   Thumb Code   120  usart.o(i.UART_Receive_DMA_NoIT)
    USART1_IRQHandler                        0x08004e7d   Thumb Code     6  stm32f4xx_it.o(i.USART1_IRQHandler)
    USART2_IRQHandler                        0x08004e89   Thumb Code     6  stm32f4xx_it.o(i.USART2_IRQHandler)
    USART3_IRQHandler                        0x08004e95   Thumb Code     6  stm32f4xx_it.o(i.USART3_IRQHandler)
    UsageFault_Handler                       0x08004ea1   Thumb Code     2  stm32f4xx_it.o(i.UsageFault_Handler)
    Verify_CRC8_Check_Sum                    0x08004ea3   Thumb Code    38  driver_judge.o(i.Verify_CRC8_Check_Sum)
    displacement_callback(const skyguard_msgs::displacement&) 0x08004ec9   Thumb Code    36  mainpp.o(i._Z21displacement_callbackRKN13skyguard_msgs12displacementE)
    Kinematics::Kinematics(int, float, float, float) 0x08004ef1   Thumb Code    66  kinematics.o(i._ZN10KinematicsC1Eifff)
    Kinematics::Kinematics__sub_object(int, float, float, float) 0x08004ef1   Thumb Code     0  kinematics.o(i._ZN10KinematicsC1Eifff)
    STM32Hardware::reset_rbuf()              0x08004f3d   Thumb Code    16  mainpp.o(i._ZN13STM32Hardware10reset_rbufEv)
    STM32Hardware::flush()                   0x08004f4d   Thumb Code    86  mainpp.o(i._ZN13STM32Hardware5flushEv)
    skyguard_msgs::ROS_ON_OFF::getMD5()      0x08004fa9   Thumb Code     4  mainpp.o(i._ZN13skyguard_msgs10ROS_ON_OFF6getMD5Ev)
    skyguard_msgs::ROS_ON_OFF::getType()     0x08004fb1   Thumb Code     4  mainpp.o(i._ZN13skyguard_msgs10ROS_ON_OFF7getTypeEv)
    skyguard_msgs::displacement::deserialize(unsigned char*) 0x08004fb9   Thumb Code   120  mainpp.o(i._ZN13skyguard_msgs12displacement11deserializeEPh)
    skyguard_msgs::displacement::getMD5()    0x08005031   Thumb Code     4  mainpp.o(i._ZN13skyguard_msgs12displacement6getMD5Ev)
    skyguard_msgs::displacement::getType()   0x08005039   Thumb Code     4  mainpp.o(i._ZN13skyguard_msgs12displacement7getTypeEv)
    skyguard_msgs::perspective_change::getMD5() 0x08005041   Thumb Code     4  mainpp.o(i._ZN13skyguard_msgs18perspective_change6getMD5Ev)
    skyguard_msgs::perspective_change::getType() 0x08005049   Thumb Code     4  mainpp.o(i._ZN13skyguard_msgs18perspective_change7getTypeEv)
    rosserial_msgs::RequestParamResponse::deserialize(unsigned char*) 0x08005051   Thumb Code   238  mainpp.o(i._ZN14rosserial_msgs20RequestParamResponse11deserializeEPh)
    rosserial_msgs::RequestParamResponse::getMD5() 0x08005141   Thumb Code     4  mainpp.o(i._ZN14rosserial_msgs20RequestParamResponse6getMD5Ev)
    rosserial_msgs::RequestParamResponse::getType() 0x08005149   Thumb Code     4  mainpp.o(i._ZN14rosserial_msgs20RequestParamResponse7getTypeEv)
    rosserial_msgs::Log::getMD5()            0x08005151   Thumb Code     4  mainpp.o(i._ZN14rosserial_msgs3Log6getMD5Ev)
    rosserial_msgs::Log::getType()           0x08005159   Thumb Code     4  mainpp.o(i._ZN14rosserial_msgs3Log7getTypeEv)
    rosserial_msgs::TopicInfo::getMD5()      0x08005161   Thumb Code     4  mainpp.o(i._ZN14rosserial_msgs9TopicInfo6getMD5Ev)
    rosserial_msgs::TopicInfo::getType()     0x08005169   Thumb Code     4  mainpp.o(i._ZN14rosserial_msgs9TopicInfo7getTypeEv)
    ros::normalizeSecNSec(unsigned long&, unsigned long&) 0x08005171   Thumb Code    28  time.o(i._ZN3ros16normalizeSecNSecERmS0_)
    ros::Publisher::publish(const ros::Msg*) 0x08005191   Thumb Code    12  mainpp.o(i._ZN3ros9Publisher7publishEPKNS_3MsgE)
    std_msgs::Time::deserialize(unsigned char*) 0x0800519d   Thumb Code    62  mainpp.o(i._ZN8std_msgs4Time11deserializeEPh)
    std_msgs::Time::getMD5()                 0x080051dd   Thumb Code     4  mainpp.o(i._ZN8std_msgs4Time6getMD5Ev)
    std_msgs::Time::getType()                0x080051e5   Thumb Code     4  mainpp.o(i._ZN8std_msgs4Time7getTypeEv)
    std_msgs::Time::Time()                   0x080051ed   Thumb Code    12  mainpp.o(i._ZN8std_msgs4TimeC1Ev)
    std_msgs::Time::Time__sub_object()       0x080051ed   Thumb Code     0  mainpp.o(i._ZN8std_msgs4TimeC1Ev)
    skyguard_msgs::ROS_ON_OFF::serialize(unsigned char*) const 0x080051fd   Thumb Code    20  mainpp.o(i._ZNK13skyguard_msgs10ROS_ON_OFF9serializeEPh)
    skyguard_msgs::displacement::serialize(unsigned char*) const 0x08005211   Thumb Code    90  mainpp.o(i._ZNK13skyguard_msgs12displacement9serializeEPh)
    skyguard_msgs::perspective_change::serialize(unsigned char*) const 0x0800526b   Thumb Code    20  mainpp.o(i._ZNK13skyguard_msgs18perspective_change9serializeEPh)
    rosserial_msgs::RequestParamResponse::serialize(unsigned char*) const 0x0800527f   Thumb Code   188  mainpp.o(i._ZNK14rosserial_msgs20RequestParamResponse9serializeEPh)
    rosserial_msgs::Log::serialize(unsigned char*) const 0x0800533b   Thumb Code    36  mainpp.o(i._ZNK14rosserial_msgs3Log9serializeEPh)
    rosserial_msgs::TopicInfo::serialize(unsigned char*) const 0x0800535f   Thumb Code   118  mainpp.o(i._ZNK14rosserial_msgs9TopicInfo9serializeEPh)
    std_msgs::Time::serialize(unsigned char*) const 0x080053d5   Thumb Code    50  mainpp.o(i._ZNK8std_msgs4Time9serializeEPh)
    __free$realloc                           0x08005429   Thumb Code    88  mallocr.o(i.__free$realloc)
    malloc                                   0x08005485   Thumb Code    64  mallocr.o(i.__malloc$realloc)
    __scatterload_copy                       0x080054d5   Thumb Code    14  handlers.o(i.__scatterload_copy)
    __scatterload_null                       0x080054e3   Thumb Code     2  handlers.o(i.__scatterload_null)
    __scatterload_zeroinit                   0x080054e5   Thumb Code    14  handlers.o(i.__scatterload_zeroinit)
    abs_limit                                0x080055d1   Thumb Code    42  pid.o(i.abs_limit)
    assert_failed                            0x080055fb   Thumb Code     2  main.o(i.assert_failed)
    catch_action                             0x080055fd   Thumb Code   168  catch.o(i.catch_action)
    chassis_mouse_keyboard                   0x080056cd   Thumb Code   416  chassis.o(i.chassis_mouse_keyboard)
    detection_Relay_S                        0x08005889   Thumb Code    32  judge_send.o(i.detection_Relay_S)
    detection_embrace_ps                     0x080058b5   Thumb Code    64  embrace.o(i.detection_embrace_ps)
    detection_ros_connected                  0x080058fd   Thumb Code    28  judge_send.o(i.detection_ros_connected)
    detection_stretch_catch                  0x08005921   Thumb Code    32  judge_send.o(i.detection_stretch_catch)
    display_select_change                    0x0800594d   Thumb Code    22  judge_send.o(i.display_select_change)
    get_moto_measure                         0x08005963   Thumb Code    84  bsp_can.o(i.get_moto_measure)
    get_moto_offset                          0x080059b7   Thumb Code    12  bsp_can.o(i.get_moto_offset)
    giveballet                               0x080059c5   Thumb Code    44  giveballet.o(i.giveballet)
    judge_send_display                       0x08005a4d   Thumb Code    24  judge_send.o(i.judge_send_display)
    judge_send_display_init                  0x08005a6d   Thumb Code   152  judge_send.o(i.judge_send_display_init)
    keyboard_remote_control_catching         0x08005b19   Thumb Code    14  catch.o(i.keyboard_remote_control_catching)
    keyboard_remote_control_lifting          0x08005b29   Thumb Code   220  lifting.o(i.keyboard_remote_control_lifting)
    keyboard_rescue                          0x08005c1d   Thumb Code    30  relay_s.o(i.keyboard_rescue)
    main                                     0x08005c45   Thumb Code   142  main.o(i.main)
    moto_param_init                          0x08005cf5   Thumb Code   930  motor_ctr.o(i.moto_param_init)
    mouse_rotate                             0x08006111   Thumb Code    18  chassis.o(i.mouse_rotate)
    pid_calc                                 0x0800612d   Thumb Code   448  pid.o(i.pid_calc)
    pid_calc_all_motor                       0x080062f1   Thumb Code    34  motor_ctr.o(i.pid_calc_all_motor)
    pid_catching_fcn                         0x08006315   Thumb Code   150  catch.o(i.pid_catching_fcn)
    pid_chassis_fcn                          0x080063c5   Thumb Code   502  chassis.o(i.pid_chassis_fcn)
    pid_chassis_setcurrent_fcn               0x080065e9   Thumb Code    86  chassis.o(i.pid_chassis_setcurrent_fcn)
    pid_control_output                       0x08006651   Thumb Code    22  motor_ctr.o(i.pid_control_output)
    pid_embrace_catch_setcurrent_fcn         0x08006669   Thumb Code    70  embrace.o(i.pid_embrace_catch_setcurrent_fcn)
    pid_embrace_fcn                          0x080066b9   Thumb Code   146  embrace.o(i.pid_embrace_fcn)
    pid_giveballet_fcn                       0x08006765   Thumb Code    74  giveballet.o(i.pid_giveballet_fcn)
    pid_lifting_fcn                          0x080067c5   Thumb Code   142  lifting.o(i.pid_lifting_fcn)
    pid_lifting_setcurrent_fcn               0x08006871   Thumb Code    58  lifting.o(i.pid_lifting_setcurrent_fcn)
    pid_perspective_fcn                      0x080068c5   Thumb Code    76  perspective.o(i.pid_perspective_fcn)
    pid_stretch_fcn                          0x0800692d   Thumb Code    80  stretch.o(i.pid_stretch_fcn)
    pid_stretch_setcurrent_fcn               0x08006991   Thumb Code    46  stretch.o(i.pid_stretch_setcurrent_fcn)
    press_shift_speed                        0x080069c9   Thumb Code    34  chassis.o(i.press_shift_speed)
    ramp_calc                                0x080069f9   Thumb Code    80  user_lib.o(i.ramp_calc)
    ramp_init                                0x08006a49   Thumb Code    26  user_lib.o(i.ramp_init)
    realloc                                  0x08006a65   Thumb Code   102  mallocr.o(i.realloc)
    remote_control_embrace                   0x08006ad1   Thumb Code    40  embrace.o(i.remote_control_embrace)
    remote_ros_switch                        0x08006b01   Thumb Code   134  chassis.o(i.remote_ros_switch)
    remote_task                              0x08006bd5   Thumb Code    48  motor_ctr.o(i.remote_task)
    ros_control_loop                         0x08006c09   Thumb Code    44  mainpp.o(i.ros_control_loop)
    set_embrace_catch_moto_current           0x08006c3d   Thumb Code    78  motor_ctr.o(i.set_embrace_catch_moto_current)
    set_lift_moto_current                    0x08006c8b   Thumb Code    78  motor_ctr.o(i.set_lift_moto_current)
    set_moto_current                         0x08006cd9   Thumb Code    78  motor_ctr.o(i.set_moto_current)
    set_stretch_moto_current                 0x08006d27   Thumb Code    78  motor_ctr.o(i.set_stretch_moto_current)
    setup                                    0x08006d75   Thumb Code    96  mainpp.o(i.setup)
    stretch                                  0x08006ddd   Thumb Code    68  stretch.o(i.stretch)
    ros::Subscriber<skyguard_msgs::displacement>::getMsgType() 0x08006e35   Thumb Code     4  mainpp.o(t._ZN3ros10SubscriberIN13skyguard_msgs12displacementEE10getMsgTypeEv)
    ros::Subscriber<skyguard_msgs::displacement>::getEndpointType() 0x08006e3d   Thumb Code     4  mainpp.o(t._ZN3ros10SubscriberIN13skyguard_msgs12displacementEE15getEndpointTypeEv)
    ros::Subscriber<skyguard_msgs::displacement>::callback(unsigned char*) 0x08006e41   Thumb Code    22  mainpp.o(t._ZN3ros10SubscriberIN13skyguard_msgs12displacementEE8callbackEPh)
    ros::Subscriber<skyguard_msgs::displacement>::getMsgMD5() 0x08006e59   Thumb Code     4  mainpp.o(t._ZN3ros10SubscriberIN13skyguard_msgs12displacementEE9getMsgMD5Ev)
    ros::NodeHandle_<STM32Hardware, (int)25, (int)25, (int)512, (int)512>::negotiateTopics() 0x08006e61   Thumb Code   184  mainpp.o(t._ZN3ros11NodeHandle_I13STM32HardwareLi25ELi25ELi512ELi512EE15negotiateTopicsEv)
    ros::NodeHandle_<STM32Hardware, (int)25, (int)25, (int)512, (int)512>::requestSyncTime() 0x08006f1d   Thumb Code    34  mainpp.o(t._ZN3ros11NodeHandle_I13STM32HardwareLi25ELi25ELi512ELi512EE15requestSyncTimeEv)
    ros::NodeHandle_<STM32Hardware, (int)25, (int)25, (int)512, (int)512>::publish(int, const ros::Msg*) 0x08006f41   Thumb Code   252  mainpp.o(t._ZN3ros11NodeHandle_I13STM32HardwareLi25ELi25ELi512ELi512EE7publishEiPKNS_3MsgE)
    ros::NodeHandle_<STM32Hardware, (int)25, (int)25, (int)512, (int)512>::spinOnce() 0x08007045   Thumb Code   642  mainpp.o(t._ZN3ros11NodeHandle_I13STM32HardwareLi25ELi25ELi512ELi512EE8spinOnceEv)
    ros::NodeHandle_<STM32Hardware, (int)25, (int)25, (int)512, (int)512>::advertise(ros::Publisher&) 0x080072d5   Thumb Code    42  mainpp.o(t._ZN3ros11NodeHandle_I13STM32HardwareLi25ELi25ELi512ELi512EE9advertiseERNS_9PublisherE)
    ros::NodeHandle_<STM32Hardware, (int)25, (int)25, (int)512, (int)512>::NodeHandle_() 0x08007301   Thumb Code   124  mainpp.o(t._ZN3ros11NodeHandle_I13STM32HardwareLi25ELi25ELi512ELi512EEC1Ev)
    ros::NodeHandle_<STM32Hardware, (int)25, (int)25, (int)512, (int)512>::NodeHandle___sub_object() 0x08007301   Thumb Code     0  mainpp.o(t._ZN3ros11NodeHandle_I13STM32HardwareLi25ELi25ELi512ELi512EEC1Ev)
    GPIO_PIN                                 0x080073a8   Data          18  gpio.o(.constdata)
    AHBPrescTable                            0x080073ba   Data          16  system_stm32f4xx_1.o(.constdata)
    APBPrescTable                            0x080073ca   Data           8  system_stm32f4xx_1.o(.constdata)
    CRC8_INIT                                0x080073d2   Data           1  driver_judge.o(.constdata)
    CRC8_TAB                                 0x080073d4   Data         256  driver_judge.o(.constdata)
    wCRC_Table                               0x080074d4   Data         512  driver_judge.o(.constdata)
    vtable for skyguard_msgs::ROS_ON_OFF     0x080076dc   Data          24  mainpp.o(.constdata__ZTVN13skyguard_msgs10ROS_ON_OFFE)
    vtable for skyguard_msgs::displacement   0x080076f4   Data          24  mainpp.o(.constdata__ZTVN13skyguard_msgs12displacementE)
    vtable for skyguard_msgs::perspective_change 0x0800770c   Data          24  mainpp.o(.constdata__ZTVN13skyguard_msgs18perspective_changeE)
    vtable for rosserial_msgs::RequestParamResponse 0x08007724   Data          24  mainpp.o(.constdata__ZTVN14rosserial_msgs20RequestParamResponseE)
    vtable for rosserial_msgs::Log           0x0800773c   Data          24  mainpp.o(.constdata__ZTVN14rosserial_msgs3LogE)
    vtable for rosserial_msgs::TopicInfo     0x08007754   Data          24  mainpp.o(.constdata__ZTVN14rosserial_msgs9TopicInfoE)
    vtable for ros::Subscriber<skyguard_msgs::displacement> 0x0800776c   Data          24  mainpp.o(.constdata__ZTVN3ros10SubscriberIN13skyguard_msgs12displacementEEE)
    vtable for ros::NodeHandle_<STM32Hardware, (int)25, (int)25, (int)512, (int)512> 0x08007784   Data          20  mainpp.o(.constdata__ZTVN3ros11NodeHandle_I13STM32HardwareLi25ELi25ELi512ELi512EEE)
    vtable for std_msgs::Time                0x08007798   Data          24  mainpp.o(.constdata__ZTVN8std_msgs4TimeE)
    skyguard_msgs::ROS_ON_OFF::getMD5()::string 0x080077b0   Data          33  mainpp.o(.constdata__ZZN13skyguard_msgs10ROS_ON_OFF6getMD5EvEs)
    skyguard_msgs::ROS_ON_OFF::getType()::string 0x080077d1   Data          25  mainpp.o(.constdata__ZZN13skyguard_msgs10ROS_ON_OFF7getTypeEvEs)
    skyguard_msgs::displacement::getMD5()::string 0x080077ea   Data          33  mainpp.o(.constdata__ZZN13skyguard_msgs12displacement6getMD5EvEs)
    skyguard_msgs::displacement::getType()::string 0x0800780b   Data          27  mainpp.o(.constdata__ZZN13skyguard_msgs12displacement7getTypeEvEs)
    skyguard_msgs::perspective_change::getMD5()::string 0x08007826   Data          33  mainpp.o(.constdata__ZZN13skyguard_msgs18perspective_change6getMD5EvEs)
    skyguard_msgs::perspective_change::getType()::string 0x08007847   Data          33  mainpp.o(.constdata__ZZN13skyguard_msgs18perspective_change7getTypeEvEs)
    rosserial_msgs::RequestParamResponse::getMD5()::string 0x08007868   Data          33  mainpp.o(.constdata__ZZN14rosserial_msgs20RequestParamResponse6getMD5EvEs)
    rosserial_msgs::Log::getMD5()::string    0x08007889   Data          33  mainpp.o(.constdata__ZZN14rosserial_msgs3Log6getMD5EvEs)
    rosserial_msgs::Log::getType()::string   0x080078aa   Data          19  mainpp.o(.constdata__ZZN14rosserial_msgs3Log7getTypeEvEs)
    rosserial_msgs::TopicInfo::getMD5()::string 0x080078bd   Data          33  mainpp.o(.constdata__ZZN14rosserial_msgs9TopicInfo6getMD5EvEs)
    rosserial_msgs::TopicInfo::getType()::string 0x080078de   Data          25  mainpp.o(.constdata__ZZN14rosserial_msgs9TopicInfo7getTypeEvEs)
    ros::NodeHandle_<STM32Hardware, (int)25, (int)25, (int)512, (int)512>::publish(int, const ros::Msg*)::string 0x080078f7   Data          57  mainpp.o(.constdata__ZZN3ros11NodeHandle_I13STM32HardwareLi25ELi25ELi512ELi512EE7publishEiPKNS_3MsgEEs)
    std_msgs::Time::getMD5()::string         0x08007930   Data          33  mainpp.o(.constdata__ZZN8std_msgs4Time6getMD5EvEs)
    std_msgs::Time::getType()::string        0x08007951   Data          14  mainpp.o(.constdata__ZZN8std_msgs4Time7getTypeEvEs)
    Region$$Table$$Base                      0x08007960   Number         0  anon$$obj.o(Region$$Table)
    Region$$Table$$Limit                     0x08007980   Number         0  anon$$obj.o(Region$$Table)
    SHT$$INIT_ARRAY$$Base                    0x08007980   Number         0  mainpp.o(.init_array)
    SHT$$INIT_ARRAY$$Limit                   0x08007984   Number         0  cpp_init.o(.init_array)
    perspective_embrace_publish_flag         0x20000000   Data           4  mainpp.o(.data)
    ROS_MOTOR_RAMP_CONTROL_TIME              0x20000004   Data           4  mainpp.o(.data)
    ros_connected                            0x20000008   Data           4  mainpp.o(.data)
    ramp_flag                                0x2000000c   Data           4  mainpp.o(.data)
    RAMP_MAX_MOTOR0                          0x20000010   Data           4  mainpp.o(.data)
    RAMP_MAX_MOTOR1                          0x20000014   Data           4  mainpp.o(.data)
    RAMP_MAX_MOTOR2                          0x20000018   Data           4  mainpp.o(.data)
    RAMP_MAX_MOTOR3                          0x2000001c   Data           4  mainpp.o(.data)
    RAMP_MIN_MOTOR0                          0x20000020   Data           4  mainpp.o(.data)
    RAMP_MIN_MOTOR1                          0x20000024   Data           4  mainpp.o(.data)
    RAMP_MIN_MOTOR2                          0x20000028   Data           4  mainpp.o(.data)
    RAMP_MIN_MOTOR3                          0x2000002c   Data           4  mainpp.o(.data)
    motor0_angle_displacement                0x20000030   Data           4  mainpp.o(.data)
    motor1_angle_displacement                0x20000034   Data           4  mainpp.o(.data)
    motor2_angle_displacement                0x20000038   Data           4  mainpp.o(.data)
    motor3_angle_displacement                0x2000003c   Data           4  mainpp.o(.data)
    motor0_angle_ramp                        0x20000040   Data           4  mainpp.o(.data)
    motor1_angle_ramp                        0x20000044   Data           4  mainpp.o(.data)
    motor2_angle_ramp                        0x20000048   Data           4  mainpp.o(.data)
    motor3_angle_ramp                        0x2000004c   Data           4  mainpp.o(.data)
    motor0_offset_angle                      0x20000050   Data           4  mainpp.o(.data)
    motor1_offset_angle                      0x20000054   Data           4  mainpp.o(.data)
    motor2_offset_angle                      0x20000058   Data           4  mainpp.o(.data)
    motor3_offset_angle                      0x2000005c   Data           4  mainpp.o(.data)
    displacementx                            0x20000060   Data           4  mainpp.o(.data)
    displacementy                            0x20000064   Data           4  mainpp.o(.data)
    displacementz                            0x20000068   Data           4  mainpp.o(.data)
    displacementcatch                        0x2000006c   Data           4  mainpp.o(.data)
    displacementstretch                      0x20000070   Data           4  mainpp.o(.data)
    ros_on_off_msg                           0x20000074   Data           8  mainpp.o(.data)
    perspective_change_msg                   0x2000007c   Data           8  mainpp.o(.data)
    TIM5_FLAG                                0x20000084   Data           4  main.o(.data)
    GPIO_PORT                                0x20000088   Data          36  gpio.o(.data)
    SystemCoreClock                          0x200000b0   Data           4  system_stm32f4xx_1.o(.data)
    set_spd0                                 0x200000b8   Data           4  motor_ctr.o(.data)
    set_spd1                                 0x200000bc   Data           4  motor_ctr.o(.data)
    set_spd2                                 0x200000c0   Data           4  motor_ctr.o(.data)
    set_spd3                                 0x200000c4   Data           4  motor_ctr.o(.data)
    ref_perspective_angle_back               0x200000c8   Data           4  perspective.o(.data)
    ref_perspective_angle_front              0x200000cc   Data           4  perspective.o(.data)
    ref_perspective_angle                    0x200000d0   Data           4  perspective.o(.data)
    ref_perspective_angle_jscope             0x200000d4   Data           4  perspective.o(.data)
    embrace_angle_acc                        0x200000d8   Data           4  embrace.o(.data)
    embrace_angle                            0x200000dc   Data           4  embrace.o(.data)
    Sin_point_embrace                        0x200000e0   Data           4  embrace.o(.data)
    Sin_control_time_embrace                 0x200000e4   Data           4  embrace.o(.data)
    Jscope_angle4                            0x200000e8   Data           4  embrace.o(.data)
    Jscope_angle5                            0x200000ec   Data           4  embrace.o(.data)
    ref_embrace_angle4                       0x200000f0   Data           4  embrace.o(.data)
    ref_embrace_angle5                       0x200000f4   Data           4  embrace.o(.data)
    Sin_up_x_embrace                         0x200000f8   Data           4  embrace.o(.data)
    Sin_up_y_embrace                         0x200000fc   Data           4  embrace.o(.data)
    Sin_up_count_embrace                     0x20000100   Data           4  embrace.o(.data)
    Sin_down_x_embrace                       0x20000104   Data           4  embrace.o(.data)
    Sin_down_y_embrace                       0x20000108   Data           4  embrace.o(.data)
    Sin_down_count_embrace                   0x2000010c   Data           4  embrace.o(.data)
    Sin_up_table_embrace                     0x20000110   Data         808  embrace.o(.data)
    Sin_down_table_embrace                   0x20000438   Data         808  embrace.o(.data)
    Z_count_time                             0x20000760   Data           2  lifting.o(.data)
    X_count_time                             0x20000762   Data           2  lifting.o(.data)
    C_count_time                             0x20000764   Data           2  lifting.o(.data)
    lifting_embrace_giveballet_count_time    0x20000768   Data           4  lifting.o(.data)
    lifting_angle_small                      0x2000076c   Data           4  lifting.o(.data)
    lifting_angle_embrace                    0x20000770   Data           4  lifting.o(.data)
    lifting_angle_catch                      0x20000774   Data           4  lifting.o(.data)
    lifting_angle_giveballet                 0x20000778   Data           4  lifting.o(.data)
    Sin_point                                0x2000077c   Data           4  lifting.o(.data)
    Sin_control_time_up                      0x20000780   Data           4  lifting.o(.data)
    Sin_control_time_down                    0x20000784   Data           4  lifting.o(.data)
    UP_OR_DOWN                               0x20000788   Data           4  lifting.o(.data)
    ref_angle2_lifting                       0x2000078c   Data           4  lifting.o(.data)
    ref_angle3_lifting                       0x20000790   Data           4  lifting.o(.data)
    Sin_up_x                                 0x20000794   Data           4  lifting.o(.data)
    Sin_up_y                                 0x20000798   Data           4  lifting.o(.data)
    Sin_up_count                             0x2000079c   Data           4  lifting.o(.data)
    Sin_down_x                               0x200007a0   Data           4  lifting.o(.data)
    Sin_down_y                               0x200007a4   Data           4  lifting.o(.data)
    Sin_down_count                           0x200007a8   Data           4  lifting.o(.data)
    lifting_angle                            0x200007ac   Data           4  lifting.o(.data)
    lifting_angle_difference                 0x200007b0   Data           4  lifting.o(.data)
    Sin_up_table                             0x200007b4   Data         808  lifting.o(.data)
    Sin_down_table                           0x20000adc   Data         808  lifting.o(.data)
    ref_angle_increase_lifting               0x20000e04   Data           4  lifting.o(.data)
    ref_angle2_press_lifting                 0x20000e08   Data           4  lifting.o(.data)
    ref_angle3_press_lifting                 0x20000e0c   Data           4  lifting.o(.data)
    CATCH_ON_OFF                             0x20000e10   Data           4  catch.o(.data)
    catching_time                            0x20000e14   Data           4  catch.o(.data)
    catch_angle                              0x20000e18   Data           4  catch.o(.data)
    Sin_point_catch                          0x20000e1c   Data           4  catch.o(.data)
    Sin_control_time_catch_up                0x20000e20   Data           4  catch.o(.data)
    Sin_control_time_catch_down              0x20000e24   Data           4  catch.o(.data)
    ref_angle0                               0x20000e28   Data           4  catch.o(.data)
    ref_angle1                               0x20000e2c   Data           4  catch.o(.data)
    jscope_ref_angle0                        0x20000e30   Data           4  catch.o(.data)
    jscope_ref_angle1                        0x20000e34   Data           4  catch.o(.data)
    Sin_up_x_catch                           0x20000e38   Data           4  catch.o(.data)
    Sin_up_y_catch                           0x20000e3c   Data           4  catch.o(.data)
    Sin_up_count_catch                       0x20000e40   Data           4  catch.o(.data)
    Sin_down_x_catch                         0x20000e44   Data           4  catch.o(.data)
    Sin_down_y_catch                         0x20000e48   Data           4  catch.o(.data)
    Sin_down_count_catch                     0x20000e4c   Data           4  catch.o(.data)
    Sin_up_table_catch                       0x20000e50   Data         808  catch.o(.data)
    Sin_down_table_catch                     0x20001178   Data         808  catch.o(.data)
    ROS_ON_FLAG                              0x200014a0   Data           4  chassis.o(.data)
    ROS_OFF_FLAG                             0x200014a4   Data           4  chassis.o(.data)
    set_spd_default                          0x200014a8   Data           4  chassis.o(.data)
    set_spd_shift                            0x200014ac   Data           4  chassis.o(.data)
    motor0_angle                             0x200014b0   Data           4  chassis.o(.data)
    motor1_angle                             0x200014b4   Data           4  chassis.o(.data)
    motor2_angle                             0x200014b8   Data           4  chassis.o(.data)
    motor3_angle                             0x200014bc   Data           4  chassis.o(.data)
    ROS_ON_OFF                               0x200014c0   Data           4  chassis.o(.data)
    Kinematics_displacement_move_flag        0x200014c4   Data           4  chassis.o(.data)
    set_spd_w                                0x200014c8   Data           4  chassis.o(.data)
    set_spd_a                                0x200014cc   Data           4  chassis.o(.data)
    set_spd_s                                0x200014d0   Data           4  chassis.o(.data)
    set_spd_d                                0x200014d4   Data           4  chassis.o(.data)
    set_spd_rotate                           0x200014d8   Data           4  chassis.o(.data)
    mouse_control_fb                         0x200014dc   Data           4  chassis.o(.data)
    mouse_control_lr                         0x200014e0   Data           4  chassis.o(.data)
    Jscope_chassis0_speed                    0x200014e4   Data           4  chassis.o(.data)
    Jscope_chassis1_speed                    0x200014e8   Data           4  chassis.o(.data)
    Jscope_chassis2_speed                    0x200014ec   Data           4  chassis.o(.data)
    Jscope_chassis3_speed                    0x200014f0   Data           4  chassis.o(.data)
    ref_giveballet_angle_open                0x200014f4   Data           4  giveballet.o(.data)
    ref_giveballet_angle_close               0x200014f8   Data           4  giveballet.o(.data)
    ref_giveballet_angle                     0x200014fc   Data           4  giveballet.o(.data)
    jscope_ref_giveballet_angle              0x20001500   Data           4  giveballet.o(.data)
    stretch_catch                            0x20001504   Data           4  stretch.o(.data)
    ref_stretch_angle                        0x20001508   Data           4  stretch.o(.data)
    stretch_time                             0x2000150c   Data           4  stretch.o(.data)
    jscope_ref_stretch_angle                 0x20001510   Data           4  stretch.o(.data)
    CRC_INIT                                 0x20001514   Data           2  driver_judge.o(.data)
    crc8                                     0x20001516   Data           1  judge_send.o(.data)
    crc8_check                               0x20001517   Data           1  judge_send.o(.data)
    wcrc                                     0x20001518   Data           2  judge_send.o(.data)
    Relay_S_ON_OFF                           0x2000151c   Data           4  relay_s.o(.data)
    Relay_S_count_time                       0x20001520   Data           4  relay_s.o(.data)
    uwTickFreq                               0x20001524   Data           1  stm32f4xx_hal.o(.data)
    uwTickPrio                               0x20001528   Data           4  stm32f4xx_hal.o(.data)
    uwTick                                   0x2000152c   Data           4  stm32f4xx_hal.o(.data)
    __microlib_freelist                      0x20001530   Data           4  mvars.o(.data)
    __microlib_freelist_initialised          0x20001534   Data           4  mvars.o(.data)
    STM32Hardware::flush()::mutex            0x20001538   Data           1  mainpp.o(.data__ZZN13STM32Hardware5flushEvE5mutex)
    remote_control                           0x2000153c   Data          20  remote_control.o(.bss)
    motor0_ramp                              0x20001550   Data          20  mainpp.o(.bss)
    motor1_ramp                              0x20001564   Data          20  mainpp.o(.bss)
    motor2_ramp                              0x20001578   Data          20  mainpp.o(.bss)
    motor3_ramp                              0x2000158c   Data          20  mainpp.o(.bss)
    kinematics                               0x200015a0   Data          20  mainpp.o(.bss)
    nh                                       0x200015b4   Data        2364  mainpp.o(.bss)
    displacement_move                        0x20001ef0   Data          44  mainpp.o(.bss)
    ros_on_off_pub                           0x20001f1c   Data          20  mainpp.o(.bss)
    perspective_change_pub                   0x20001f30   Data          20  mainpp.o(.bss)
    hcan1                                    0x20001f44   Data          64  can.o(.bss)
    hcan2                                    0x20001f84   Data          64  can.o(.bss)
    htim2                                    0x20001fc4   Data          64  tim.o(.bss)
    htim3                                    0x20002004   Data          64  tim.o(.bss)
    htim5                                    0x20002044   Data          64  tim.o(.bss)
    htim7                                    0x20002084   Data          64  tim.o(.bss)
    UART_Buffer                              0x200020c4   Data         100  usart.o(.bss)
    huart4                                   0x20002128   Data          64  usart.o(.bss)
    huart1                                   0x20002168   Data          64  usart.o(.bss)
    huart2                                   0x200021a8   Data          64  usart.o(.bss)
    huart3                                   0x200021e8   Data          64  usart.o(.bss)
    hdma_uart4_rx                            0x20002228   Data          96  usart.o(.bss)
    hdma_uart4_tx                            0x20002288   Data          96  usart.o(.bss)
    hdma_usart1_rx                           0x200022e8   Data          96  usart.o(.bss)
    hdma_usart2_rx                           0x20002348   Data          96  usart.o(.bss)
    hdma_usart3_rx                           0x200023a8   Data          96  usart.o(.bss)
    hdma_usart3_tx                           0x20002408   Data          96  usart.o(.bss)
    htim6                                    0x20002468   Data          64  stm32f4xx_hal_timebase_tim.o(.bss)
    moto_chassis                             0x200024a8   Data         384  bsp_can.o(.bss)
    moto_upper                               0x20002628   Data         384  bsp_can.o(.bss)
    pid_pos                                  0x20002828   Data         864  motor_ctr.o(.bss)
    pid_spd                                  0x20002b88   Data         864  motor_ctr.o(.bss)
    pid_pos_ros                              0x20002ee8   Data         432  motor_ctr.o(.bss)
    pid_spd_ros                              0x20003098   Data         432  motor_ctr.o(.bss)
    pid2_pos                                 0x20003248   Data         864  motor_ctr.o(.bss)
    pid2_spd                                 0x200035a8   Data         864  motor_ctr.o(.bss)
    set_spd_shift_ramp                       0x20003908   Data          20  chassis.o(.bss)
    set_spd_w_ramp                           0x2000391c   Data          20  chassis.o(.bss)
    set_spd_a_ramp                           0x20003930   Data          20  chassis.o(.bss)
    set_spd_s_ramp                           0x20003944   Data          20  chassis.o(.bss)
    set_spd_d_ramp                           0x20003958   Data          20  chassis.o(.bss)
    tx_buffer                                0x2000396c   Data          28  judge_send.o(.bss)
    client_custom_data                       0x20003988   Data          16  judge_send.o(.bss)
    __heap_base                              0x20003998   Data           0  startup_stm32f407xx.o(HEAP)
    __heap_limit                             0x20003b98   Data           0  startup_stm32f407xx.o(HEAP)
    __initial_sp                             0x20003f98   Data           0  startup_stm32f407xx.o(STACK)



==============================================================================

Memory Map of the image

  Image Entry point : 0x08000189

  Load Region LR_IROM1 (Base: 0x08000000, Size: 0x00008ec0, Max: 0x00100000, ABSOLUTE, COMPRESSED[0x00007f64])

    Execution Region ER_IROM1 (Base: 0x08000000, Size: 0x00007984, Max: 0x00100000, ABSOLUTE)

    Base Addr    Size         Type   Attr      Idx    E Section Name        Object

    0x08000000   0x00000188   Data   RO            3    RESET               startup_stm32f407xx.o
    0x08000188   0x00000000   Code   RO         5345  * .ARM.Collect$$$$00000000  mc_w.l(entry.o)
    0x08000188   0x00000004   Code   RO         5408    .ARM.Collect$$$$00000001  mc_w.l(entry2.o)
    0x0800018c   0x00000004   Code   RO         5411    .ARM.Collect$$$$00000004  mc_w.l(entry5.o)
    0x08000190   0x00000000   Code   RO         5413    .ARM.Collect$$$$00000008  mc_w.l(entry7b.o)
    0x08000190   0x00000004   Code   RO         5414    .ARM.Collect$$$$00000009  mc_w.l(entry8a.o)
    0x08000194   0x00000000   Code   RO         5415    .ARM.Collect$$$$0000000A  mc_w.l(entry8b.o)
    0x08000194   0x00000008   Code   RO         5416    .ARM.Collect$$$$0000000B  mc_w.l(entry9a.o)
    0x0800019c   0x00000000   Code   RO         5418    .ARM.Collect$$$$0000000D  mc_w.l(entry10a.o)
    0x0800019c   0x00000000   Code   RO         5420    .ARM.Collect$$$$0000000F  mc_w.l(entry11a.o)
    0x0800019c   0x00000004   Code   RO         5409    .ARM.Collect$$$$00002712  mc_w.l(entry2.o)
    0x080001a0   0x00000024   Code   RO            4    .text               startup_stm32f407xx.o
    0x080001c4   0x00000062   Code   RO         5348    .text               mc_w.l(uldiv.o)
    0x08000226   0x00000024   Code   RO         5350    .text               mc_w.l(memcpya.o)
    0x0800024a   0x00000024   Code   RO         5352    .text               mc_w.l(memseta.o)
    0x0800026e   0x0000000e   Code   RO         5354    .text               mc_w.l(strlen.o)
    0x0800027c   0x00000020   Code   RO         5379    .text               mc_w.l(cpp_init.o)
    0x0800029c   0x0000014e   Code   RO         5381    .text               mf_w.l(dadd.o)
    0x080003ea   0x000000e4   Code   RO         5383    .text               mf_w.l(dmul.o)
    0x080004ce   0x000000de   Code   RO         5385    .text               mf_w.l(ddiv.o)
    0x080005ac   0x00000022   Code   RO         5387    .text               mf_w.l(dflti.o)
    0x080005ce   0x0000003e   Code   RO         5389    .text               mf_w.l(dfixi.o)
    0x0800060c   0x00000026   Code   RO         5391    .text               mf_w.l(f2d.o)
    0x08000632   0x00000038   Code   RO         5393    .text               mf_w.l(d2f.o)
    0x0800066a   0x0000001e   Code   RO         5422    .text               mc_w.l(llshl.o)
    0x08000688   0x00000020   Code   RO         5424    .text               mc_w.l(llushr.o)
    0x080006a8   0x00000024   Code   RO         5426    .text               mc_w.l(llsshr.o)
    0x080006cc   0x00000000   Code   RO         5430    .text               mc_w.l(iusefp.o)
    0x080006cc   0x0000006e   Code   RO         5431    .text               mf_w.l(fepilogue.o)
    0x0800073a   0x000000ba   Code   RO         5433    .text               mf_w.l(depilogue.o)
    0x080007f4   0x00000024   Code   RO         5448    .text               mc_w.l(init.o)
    0x08000818   0x0000005e   Code   RO         5476    .text               mc_w.l(__dclz77c.o)
    0x08000876   0x00000002   Code   RO         1351    i.BusFault_Handler  stm32f4xx_it.o
    0x08000878   0x0000000c   Code   RO         1352    i.CAN1_RX0_IRQHandler  stm32f4xx_it.o
    0x08000884   0x0000000c   Code   RO         1353    i.CAN1_TX_IRQHandler  stm32f4xx_it.o
    0x08000890   0x0000000c   Code   RO         1354    i.CAN2_RX0_IRQHandler  stm32f4xx_it.o
    0x0800089c   0x0000000c   Code   RO         1355    i.CAN2_TX_IRQHandler  stm32f4xx_it.o
    0x080008a8   0x0000012c   Code   RO         2713    i.CAN_Receive_IT    stm32f4xx_hal_can.o
    0x080009d4   0x00000060   Code   RO         2714    i.CAN_Transmit_IT   stm32f4xx_hal_can.o
    0x08000a34   0x00000076   Code   RO           13    i.Callback_RC_Handle  remote_control.o
    0x08000aaa   0x00000002   PAD
    0x08000aac   0x0000000c   Code   RO         1356    i.DMA1_Stream1_IRQHandler  stm32f4xx_it.o
    0x08000ab8   0x0000000c   Code   RO         1357    i.DMA1_Stream2_IRQHandler  stm32f4xx_it.o
    0x08000ac4   0x0000000c   Code   RO         1358    i.DMA1_Stream3_IRQHandler  stm32f4xx_it.o
    0x08000ad0   0x0000000c   Code   RO         1359    i.DMA1_Stream4_IRQHandler  stm32f4xx_it.o
    0x08000adc   0x0000000c   Code   RO         1360    i.DMA1_Stream5_IRQHandler  stm32f4xx_it.o
    0x08000ae8   0x0000000c   Code   RO         1361    i.DMA2_Stream2_IRQHandler  stm32f4xx_it.o
    0x08000af4   0x00000028   Code   RO         4572    i.DMA_CalcBaseAndBitshift  stm32f4xx_hal_dma.o
    0x08000b1c   0x00000054   Code   RO         4573    i.DMA_CheckFifoParam  stm32f4xx_hal_dma.o
    0x08000b70   0x00000028   Code   RO         4574    i.DMA_SetConfig     stm32f4xx_hal_dma.o
    0x08000b98   0x00000002   Code   RO         1362    i.DebugMon_Handler  stm32f4xx_it.o
    0x08000b9a   0x00000002   Code   RO         1029    i.Error_Handler     main.o
    0x08000b9c   0x00000014   Code   RO         2469    i.Float_to_Byte     judge_send.o
    0x08000bb0   0x0000002c   Code   RO         2409    i.Get_CRC16_Check_Sum  driver_judge.o
    0x08000bdc   0x0000001c   Code   RO         2410    i.Get_CRC8_Check_Sum  driver_judge.o
    0x08000bf8   0x00000188   Code   RO         2715    i.HAL_CAN_ConfigFilter  stm32f4xx_hal_can.o
    0x08000d80   0x00000020   Code   RO         1127    i.HAL_CAN_ErrorCallback  can.o
    0x08000da0   0x00000180   Code   RO         2720    i.HAL_CAN_IRQHandler  stm32f4xx_hal_can.o
    0x08000f20   0x0000026c   Code   RO         2721    i.HAL_CAN_Init      stm32f4xx_hal_can.o
    0x0800118c   0x000000fc   Code   RO         1129    i.HAL_CAN_MspInit   can.o
    0x08001288   0x000000d0   Code   RO         2725    i.HAL_CAN_Receive_IT  stm32f4xx_hal_can.o
    0x08001358   0x00000084   Code   RO         1636    i.HAL_CAN_RxCpltCallback  bsp_can.o
    0x080013dc   0x00000218   Code   RO         2728    i.HAL_CAN_Transmit  stm32f4xx_hal_can.o
    0x080015f4   0x00000002   Code   RO         2730    i.HAL_CAN_TxCpltCallback  stm32f4xx_hal_can.o
    0x080015f6   0x00000024   Code   RO         4576    i.HAL_DMA_Abort_IT  stm32f4xx_hal_dma.o
    0x0800161a   0x00000002   PAD
    0x0800161c   0x000001a0   Code   RO         4580    i.HAL_DMA_IRQHandler  stm32f4xx_hal_dma.o
    0x080017bc   0x000002e0   Code   RO         4581    i.HAL_DMA_Init      stm32f4xx_hal_dma.o
    0x08001a9c   0x000000a4   Code   RO         4584    i.HAL_DMA_Start     stm32f4xx_hal_dma.o
    0x08001b40   0x000000d0   Code   RO         4585    i.HAL_DMA_Start_IT  stm32f4xx_hal_dma.o
    0x08001c10   0x0000030c   Code   RO         4468    i.HAL_GPIO_Init     stm32f4xx_hal_gpio.o
    0x08001f1c   0x00000058   Code   RO         4470    i.HAL_GPIO_ReadPin  stm32f4xx_hal_gpio.o
    0x08001f74   0x0000006c   Code   RO         4472    i.HAL_GPIO_WritePin  stm32f4xx_hal_gpio.o
    0x08001fe0   0x0000000c   Code   RO         5000    i.HAL_GetTick       stm32f4xx_hal.o
    0x08001fec   0x00000010   Code   RO         5006    i.HAL_IncTick       stm32f4xx_hal.o
    0x08001ffc   0x00000034   Code   RO         5007    i.HAL_Init          stm32f4xx_hal.o
    0x08002030   0x00000074   Code   RO         1559    i.HAL_InitTick      stm32f4xx_hal_timebase_tim.o
    0x080020a4   0x00000030   Code   RO         1535    i.HAL_MspInit       stm32f4xx_hal_msp.o
    0x080020d4   0x00000064   Code   RO         4857    i.HAL_NVIC_EnableIRQ  stm32f4xx_hal_cortex.o
    0x08002138   0x000000a0   Code   RO         4863    i.HAL_NVIC_SetPriority  stm32f4xx_hal_cortex.o
    0x080021d8   0x00000080   Code   RO         4864    i.HAL_NVIC_SetPriorityGrouping  stm32f4xx_hal_cortex.o
    0x08002258   0x00000248   Code   RO         4099    i.HAL_RCC_ClockConfig  stm32f4xx_hal_rcc.o
    0x080024a0   0x00000040   Code   RO         4103    i.HAL_RCC_GetClockConfig  stm32f4xx_hal_rcc.o
    0x080024e0   0x00000020   Code   RO         4106    i.HAL_RCC_GetPCLK1Freq  stm32f4xx_hal_rcc.o
    0x08002500   0x00000020   Code   RO         4107    i.HAL_RCC_GetPCLK2Freq  stm32f4xx_hal_rcc.o
    0x08002520   0x00000060   Code   RO         4108    i.HAL_RCC_GetSysClockFreq  stm32f4xx_hal_rcc.o
    0x08002580   0x0000045e   Code   RO         4111    i.HAL_RCC_OscConfig  stm32f4xx_hal_rcc.o
    0x080029de   0x00000002   Code   RO         3521    i.HAL_TIMEx_BreakCallback  stm32f4xx_hal_tim_ex.o
    0x080029e0   0x00000002   Code   RO         3522    i.HAL_TIMEx_CommutCallback  stm32f4xx_hal_tim_ex.o
    0x080029e2   0x00000002   PAD
    0x080029e4   0x00000114   Code   RO         3539    i.HAL_TIMEx_MasterConfigSynchronization  stm32f4xx_hal_tim_ex.o
    0x08002af8   0x0000014c   Code   RO         2845    i.HAL_TIM_Base_Init  stm32f4xx_hal_tim.o
    0x08002c44   0x000000a0   Code   RO         1207    i.HAL_TIM_Base_MspInit  tim.o
    0x08002ce4   0x000000f4   Code   RO         2848    i.HAL_TIM_Base_Start  stm32f4xx_hal_tim.o
    0x08002dd8   0x000000f4   Code   RO         2850    i.HAL_TIM_Base_Start_IT  stm32f4xx_hal_tim.o
    0x08002ecc   0x00000400   Code   RO         2854    i.HAL_TIM_ConfigClockSource  stm32f4xx_hal_tim.o
    0x080032cc   0x00000002   Code   RO         2874    i.HAL_TIM_IC_CaptureCallback  stm32f4xx_hal_tim.o
    0x080032ce   0x00000166   Code   RO         2888    i.HAL_TIM_IRQHandler  stm32f4xx_hal_tim.o
    0x08003434   0x00000002   Code   RO         2891    i.HAL_TIM_OC_DelayElapsedCallback  stm32f4xx_hal_tim.o
    0x08003436   0x00000002   Code   RO         2918    i.HAL_TIM_PWM_PulseFinishedCallback  stm32f4xx_hal_tim.o
    0x08003438   0x00000094   Code   RO         1030    i.HAL_TIM_PeriodElapsedCallback  main.o
    0x080034cc   0x00000002   Code   RO         2931    i.HAL_TIM_TriggerCallback  stm32f4xx_hal_tim.o
    0x080034ce   0x00000002   Code   RO         3793    i.HAL_UART_ErrorCallback  stm32f4xx_hal_uart.o
    0x080034d0   0x000000e0   Code   RO         1266    i.HAL_UART_IDLE_IRQHandler  usart.o
    0x080035b0   0x00000110   Code   RO         3796    i.HAL_UART_IRQHandler  stm32f4xx_hal_uart.o
    0x080036c0   0x0000014c   Code   RO         3797    i.HAL_UART_Init     stm32f4xx_hal_uart.o
    0x0800380c   0x00000320   Code   RO         1268    i.HAL_UART_MspInit  usart.o
    0x08003b2c   0x00000098   Code   RO         3801    i.HAL_UART_Receive_DMA  stm32f4xx_hal_uart.o
    0x08003bc4   0x00000012   Code   RO         1269    i.HAL_UART_Receive_IT_IDLE  usart.o
    0x08003bd6   0x00000002   PAD
    0x08003bd8   0x0000000c   Code   RO          251    i.HAL_UART_RxCpltCallback  mainpp.o
    0x08003be4   0x00000002   Code   RO         3804    i.HAL_UART_RxHalfCpltCallback  stm32f4xx_hal_uart.o
    0x08003be6   0x00000002   PAD
    0x08003be8   0x00000080   Code   RO         3806    i.HAL_UART_Transmit_DMA  stm32f4xx_hal_uart.o
    0x08003c68   0x0000000c   Code   RO          252    i.HAL_UART_TxCpltCallback  mainpp.o
    0x08003c74   0x00000002   Code   RO         3809    i.HAL_UART_TxHalfCpltCallback  stm32f4xx_hal_uart.o
    0x08003c76   0x00000002   Code   RO         1363    i.HardFault_Handler  stm32f4xx_it.o
    0x08003c78   0x00000160   Code   RO          253    i.Kinematics_displacement_move_fcn  mainpp.o
    0x08003dd8   0x0000001c   Code   RO         1087    i.LED_OFF           gpio.o
    0x08003df4   0x0000001c   Code   RO         1088    i.LED_ON            gpio.o
    0x08003e10   0x00000048   Code   RO         1130    i.MX_CAN1_Init      can.o
    0x08003e58   0x00000048   Code   RO         1131    i.MX_CAN2_Init      can.o
    0x08003ea0   0x0000008c   Code   RO         1182    i.MX_DMA_Init       dma.o
    0x08003f2c   0x00000194   Code   RO         1089    i.MX_GPIO_Init      gpio.o
    0x080040c0   0x00000064   Code   RO         1208    i.MX_TIM2_Init      tim.o
    0x08004124   0x00000068   Code   RO         1209    i.MX_TIM3_Init      tim.o
    0x0800418c   0x00000068   Code   RO         1210    i.MX_TIM5_Init      tim.o
    0x080041f4   0x00000048   Code   RO         1211    i.MX_TIM7_Init      tim.o
    0x0800423c   0x00000038   Code   RO         1270    i.MX_UART4_Init     usart.o
    0x08004274   0x00000038   Code   RO         1271    i.MX_USART1_UART_Init  usart.o
    0x080042ac   0x00000040   Code   RO         1272    i.MX_USART2_UART_Init  usart.o
    0x080042ec   0x00000038   Code   RO         1273    i.MX_USART3_UART_Init  usart.o
    0x08004324   0x00000002   Code   RO         1364    i.MemManage_Handler  stm32f4xx_it.o
    0x08004326   0x00000002   PAD
    0x08004328   0x0000003c   Code   RO         1637    i.My_CAN1_FilterConfig  bsp_can.o
    0x08004364   0x0000003c   Code   RO         1638    i.My_CAN2_FilterConfig  bsp_can.o
    0x080043a0   0x00000002   Code   RO         1365    i.NMI_Handler       stm32f4xx_it.o
    0x080043a2   0x00000002   PAD
    0x080043a4   0x00000018   Code   RO         1699    i.PID_struct_init   pid.o
    0x080043bc   0x00000002   Code   RO         1366    i.PendSV_Handler    stm32f4xx_it.o
    0x080043be   0x00000002   PAD
    0x080043c0   0x0000001c   Code   RO          255    i.ROS_OFF           mainpp.o
    0x080043dc   0x0000001c   Code   RO          256    i.ROS_ON            mainpp.o
    0x080043f8   0x00000024   Code   RO          257    i.ROS_perspective_catch  mainpp.o
    0x0800441c   0x00000028   Code   RO          258    i.ROS_perspective_embrace  mainpp.o
    0x08004444   0x00000024   Code   RO         2534    i.Relay_S           relay_s.o
    0x08004468   0x00000002   Code   RO         1367    i.SVC_Handler       stm32f4xx_it.o
    0x0800446a   0x00000002   PAD
    0x0800446c   0x0000001c   Code   RO         2127    i.Sin_Up_or_Down_switch  lifting.o
    0x08004488   0x0000007c   Code   RO         2128    i.Sin_down_y_calc   lifting.o
    0x08004504   0x00000074   Code   RO         2196    i.Sin_down_y_calc_catch  catch.o
    0x08004578   0x0000007c   Code   RO         2129    i.Sin_up_y_calc     lifting.o
    0x080045f4   0x00000074   Code   RO         2197    i.Sin_up_y_calc_catch  catch.o
    0x08004668   0x00000002   Code   RO         1368    i.SysTick_Handler   stm32f4xx_it.o
    0x0800466a   0x00000002   PAD
    0x0800466c   0x00000090   Code   RO         1031    i.SystemClock_Config  main.o
    0x080046fc   0x00000054   Code   RO         1599    i.SystemInit        system_stm32f4xx_1.o
    0x08004750   0x0000000c   Code   RO         1369    i.TIM3_IRQHandler   stm32f4xx_it.o
    0x0800475c   0x0000000c   Code   RO         1370    i.TIM5_IRQHandler   stm32f4xx_it.o
    0x08004768   0x0000000c   Code   RO         1371    i.TIM6_DAC_IRQHandler  stm32f4xx_it.o
    0x08004774   0x0000000c   Code   RO         1372    i.TIM7_IRQHandler   stm32f4xx_it.o
    0x08004780   0x000000c8   Code   RO         2933    i.TIM_Base_SetConfig  stm32f4xx_hal_tim.o
    0x08004848   0x00000014   Code   RO         2944    i.TIM_ETR_SetConfig  stm32f4xx_hal_tim.o
    0x0800485c   0x00000010   Code   RO         2945    i.TIM_ITRx_SetConfig  stm32f4xx_hal_tim.o
    0x0800486c   0x00000022   Code   RO         2951    i.TIM_TI1_ConfigInputStage  stm32f4xx_hal_tim.o
    0x0800488e   0x00000024   Code   RO         2953    i.TIM_TI2_ConfigInputStage  stm32f4xx_hal_tim.o
    0x080048b2   0x00000002   PAD
    0x080048b4   0x0000000c   Code   RO         1373    i.UART4_IRQHandler  stm32f4xx_it.o
    0x080048c0   0x00000010   Code   RO         3810    i.UART_DMAAbortOnError  stm32f4xx_hal_uart.o
    0x080048d0   0x0000004a   Code   RO         3811    i.UART_DMAError     stm32f4xx_hal_uart.o
    0x0800491a   0x0000003c   Code   RO         3812    i.UART_DMAReceiveCplt  stm32f4xx_hal_uart.o
    0x08004956   0x0000000a   Code   RO         3814    i.UART_DMARxHalfCplt  stm32f4xx_hal_uart.o
    0x08004960   0x0000002e   Code   RO         3816    i.UART_DMATransmitCplt  stm32f4xx_hal_uart.o
    0x0800498e   0x0000000a   Code   RO         3818    i.UART_DMATxHalfCplt  stm32f4xx_hal_uart.o
    0x08004998   0x0000001c   Code   RO         3820    i.UART_EndRxTransfer  stm32f4xx_hal_uart.o
    0x080049b4   0x00000012   Code   RO         3821    i.UART_EndTxTransfer  stm32f4xx_hal_uart.o
    0x080049c6   0x00000078   Code   RO         1274    i.UART_Receive_DMA_NoIT  usart.o
    0x08004a3e   0x00000096   Code   RO         3822    i.UART_Receive_IT   stm32f4xx_hal_uart.o
    0x08004ad4   0x00000344   Code   RO         3823    i.UART_SetConfig    stm32f4xx_hal_uart.o
    0x08004e18   0x00000062   Code   RO         3824    i.UART_Transmit_IT  stm32f4xx_hal_uart.o
    0x08004e7a   0x00000002   PAD
    0x08004e7c   0x0000000c   Code   RO         1374    i.USART1_IRQHandler  stm32f4xx_it.o
    0x08004e88   0x0000000c   Code   RO         1375    i.USART2_IRQHandler  stm32f4xx_it.o
    0x08004e94   0x0000000c   Code   RO         1376    i.USART3_IRQHandler  stm32f4xx_it.o
    0x08004ea0   0x00000002   Code   RO         1377    i.UsageFault_Handler  stm32f4xx_it.o
    0x08004ea2   0x00000026   Code   RO         2412    i.Verify_CRC8_Check_Sum  driver_judge.o
    0x08004ec8   0x00000028   Code   RO          259    i._Z21displacement_callbackRKN13skyguard_msgs12displacementE  mainpp.o
    0x08004ef0   0x0000004c   Code   RO         1907    i._ZN10KinematicsC1Eifff  kinematics.o
    0x08004f3c   0x00000010   Code   RO          408    i._ZN13STM32Hardware10reset_rbufEv  mainpp.o
    0x08004f4c   0x0000005c   Code   RO          377    i._ZN13STM32Hardware5flushEv  mainpp.o
    0x08004fa8   0x00000008   Code   RO          622    i._ZN13skyguard_msgs10ROS_ON_OFF6getMD5Ev  mainpp.o
    0x08004fb0   0x00000008   Code   RO          616    i._ZN13skyguard_msgs10ROS_ON_OFF7getTypeEv  mainpp.o
    0x08004fb8   0x00000078   Code   RO          402    i._ZN13skyguard_msgs12displacement11deserializeEPh  mainpp.o
    0x08005030   0x00000008   Code   RO          520    i._ZN13skyguard_msgs12displacement6getMD5Ev  mainpp.o
    0x08005038   0x00000008   Code   RO          508    i._ZN13skyguard_msgs12displacement7getTypeEv  mainpp.o
    0x08005040   0x00000008   Code   RO          646    i._ZN13skyguard_msgs18perspective_change6getMD5Ev  mainpp.o
    0x08005048   0x00000008   Code   RO          640    i._ZN13skyguard_msgs18perspective_change7getTypeEv  mainpp.o
    0x08005050   0x000000ee   Code   RO          383    i._ZN14rosserial_msgs20RequestParamResponse11deserializeEPh  mainpp.o
    0x0800513e   0x00000002   PAD
    0x08005140   0x00000008   Code   RO          592    i._ZN14rosserial_msgs20RequestParamResponse6getMD5Ev  mainpp.o
    0x08005148   0x00000008   Code   RO          586    i._ZN14rosserial_msgs20RequestParamResponse7getTypeEv  mainpp.o
    0x08005150   0x00000008   Code   RO          674    i._ZN14rosserial_msgs3Log6getMD5Ev  mainpp.o
    0x08005158   0x00000008   Code   RO          668    i._ZN14rosserial_msgs3Log7getTypeEv  mainpp.o
    0x08005160   0x00000008   Code   RO          574    i._ZN14rosserial_msgs9TopicInfo6getMD5Ev  mainpp.o
    0x08005168   0x00000008   Code   RO          568    i._ZN14rosserial_msgs9TopicInfo7getTypeEv  mainpp.o
    0x08005170   0x00000020   Code   RO         2567    i._ZN3ros16normalizeSecNSecERmS0_  time.o
    0x08005190   0x0000000c   Code   RO          437    i._ZN3ros9Publisher7publishEPKNS_3MsgE  mainpp.o
    0x0800519c   0x0000003e   Code   RO          389    i._ZN8std_msgs4Time11deserializeEPh  mainpp.o
    0x080051da   0x00000002   PAD
    0x080051dc   0x00000008   Code   RO          550    i._ZN8std_msgs4Time6getMD5Ev  mainpp.o
    0x080051e4   0x00000008   Code   RO          544    i._ZN8std_msgs4Time7getTypeEv  mainpp.o
    0x080051ec   0x00000010   Code   RO          420    i._ZN8std_msgs4TimeC1Ev  mainpp.o
    0x080051fc   0x00000014   Code   RO          604    i._ZNK13skyguard_msgs10ROS_ON_OFF9serializeEPh  mainpp.o
    0x08005210   0x0000005a   Code   RO          598    i._ZNK13skyguard_msgs12displacement9serializeEPh  mainpp.o
    0x0800526a   0x00000014   Code   RO          628    i._ZNK13skyguard_msgs18perspective_change9serializeEPh  mainpp.o
    0x0800527e   0x000000bc   Code   RO          580    i._ZNK14rosserial_msgs20RequestParamResponse9serializeEPh  mainpp.o
    0x0800533a   0x00000024   Code   RO          656    i._ZNK14rosserial_msgs3Log9serializeEPh  mainpp.o
    0x0800535e   0x00000076   Code   RO          556    i._ZNK14rosserial_msgs9TopicInfo9serializeEPh  mainpp.o
    0x080053d4   0x00000032   Code   RO          538    i._ZNK8std_msgs4Time9serializeEPh  mainpp.o
    0x08005406   0x00000020   Code   RO         4870    i.__NVIC_SetPriority  stm32f4xx_hal_cortex.o
    0x08005426   0x00000002   PAD
    0x08005428   0x0000005c   Code   RO         5358    i.__free$realloc    mc_w.l(mallocr.o)
    0x08005484   0x00000050   Code   RO         5359    i.__malloc$realloc  mc_w.l(mallocr.o)
    0x080054d4   0x0000000e   Code   RO         5470    i.__scatterload_copy  mc_w.l(handlers.o)
    0x080054e2   0x00000002   Code   RO         5471    i.__scatterload_null  mc_w.l(handlers.o)
    0x080054e4   0x0000000e   Code   RO         5472    i.__scatterload_zeroinit  mc_w.l(handlers.o)
    0x080054f2   0x00000002   PAD
    0x080054f4   0x000000dc   Code   RO          260    i.__sti___10_mainpp_cpp_4e833c1f  mainpp.o
    0x080055d0   0x0000002a   Code   RO         1700    i.abs_limit         pid.o
    0x080055fa   0x00000002   Code   RO         1032    i.assert_failed     main.o
    0x080055fc   0x000000d0   Code   RO         2199    i.catch_action      catch.o
    0x080056cc   0x000001bc   Code   RO         2264    i.chassis_mouse_keyboard  chassis.o
    0x08005888   0x0000002c   Code   RO         2470    i.detection_Relay_S  judge_send.o
    0x080058b4   0x00000048   Code   RO         2051    i.detection_embrace_ps  embrace.o
    0x080058fc   0x00000024   Code   RO         2471    i.detection_ros_connected  judge_send.o
    0x08005920   0x0000002c   Code   RO         2472    i.detection_stretch_catch  judge_send.o
    0x0800594c   0x00000016   Code   RO         2473    i.display_select_change  judge_send.o
    0x08005962   0x00000054   Code   RO         1639    i.get_moto_measure  bsp_can.o
    0x080059b6   0x0000000c   Code   RO         1640    i.get_moto_offset   bsp_can.o
    0x080059c2   0x00000002   PAD
    0x080059c4   0x00000038   Code   RO         2327    i.giveballet        giveballet.o
    0x080059fc   0x00000050   Code   RO         5360    i.internal_alloc    mc_w.l(mallocr.o)
    0x08005a4c   0x00000020   Code   RO         2474    i.judge_send_display  judge_send.o
    0x08005a6c   0x000000ac   Code   RO         2475    i.judge_send_display_init  judge_send.o
    0x08005b18   0x0000000e   Code   RO         2200    i.keyboard_remote_control_catching  catch.o
    0x08005b26   0x00000002   PAD
    0x08005b28   0x000000f4   Code   RO         2130    i.keyboard_remote_control_lifting  lifting.o
    0x08005c1c   0x00000028   Code   RO         2535    i.keyboard_rescue   relay_s.o
    0x08005c44   0x000000b0   Code   RO         1033    i.main              main.o
    0x08005cf4   0x0000041c   Code   RO         1763    i.moto_param_init   motor_ctr.o
    0x08006110   0x0000001c   Code   RO         2265    i.mouse_rotate      chassis.o
    0x0800612c   0x000001c4   Code   RO         1701    i.pid_calc          pid.o
    0x080062f0   0x00000022   Code   RO         1764    i.pid_calc_all_motor  motor_ctr.o
    0x08006312   0x00000002   PAD
    0x08006314   0x000000b0   Code   RO         2201    i.pid_catching_fcn  catch.o
    0x080063c4   0x00000224   Code   RO         2266    i.pid_chassis_fcn   chassis.o
    0x080065e8   0x00000068   Code   RO         2267    i.pid_chassis_setcurrent_fcn  chassis.o
    0x08006650   0x00000016   Code   RO         1765    i.pid_control_output  motor_ctr.o
    0x08006666   0x00000002   PAD
    0x08006668   0x00000050   Code   RO         2053    i.pid_embrace_catch_setcurrent_fcn  embrace.o
    0x080066b8   0x000000ac   Code   RO         2054    i.pid_embrace_fcn   embrace.o
    0x08006764   0x00000060   Code   RO         2328    i.pid_giveballet_fcn  giveballet.o
    0x080067c4   0x000000ac   Code   RO         2131    i.pid_lifting_fcn   lifting.o
    0x08006870   0x00000044   Code   RO         2132    i.pid_lifting_setcurrent_fcn  lifting.o
    0x080068b4   0x0000000e   Code   RO         1702    i.pid_param_init    pid.o
    0x080068c2   0x00000002   PAD
    0x080068c4   0x00000060   Code   RO         2017    i.pid_perspective_fcn  perspective.o
    0x08006924   0x00000006   Code   RO         1703    i.pid_reset         pid.o
    0x0800692a   0x00000002   PAD
    0x0800692c   0x00000064   Code   RO         2364    i.pid_stretch_fcn   stretch.o
    0x08006990   0x00000038   Code   RO         2365    i.pid_stretch_setcurrent_fcn  stretch.o
    0x080069c8   0x00000030   Code   RO         2268    i.press_shift_speed  chassis.o
    0x080069f8   0x00000050   Code   RO         2615    i.ramp_calc         user_lib.o
    0x08006a48   0x0000001a   Code   RO         2617    i.ramp_init         user_lib.o
    0x08006a62   0x00000002   PAD
    0x08006a64   0x0000006c   Code   RO         5361    i.realloc           mc_w.l(mallocr.o)
    0x08006ad0   0x00000030   Code   RO         2055    i.remote_control_embrace  embrace.o
    0x08006b00   0x000000d4   Code   RO         2269    i.remote_ros_switch  chassis.o
    0x08006bd4   0x00000034   Code   RO         1766    i.remote_task       motor_ctr.o
    0x08006c08   0x00000034   Code   RO          262    i.ros_control_loop  mainpp.o
    0x08006c3c   0x0000004e   Code   RO         1767    i.set_embrace_catch_moto_current  motor_ctr.o
    0x08006c8a   0x0000004e   Code   RO         1768    i.set_lift_moto_current  motor_ctr.o
    0x08006cd8   0x0000004e   Code   RO         1769    i.set_moto_current  motor_ctr.o
    0x08006d26   0x0000004e   Code   RO         1770    i.set_stretch_moto_current  motor_ctr.o
    0x08006d74   0x00000068   Code   RO          263    i.setup             mainpp.o
    0x08006ddc   0x00000058   Code   RO         2366    i.stretch           stretch.o
    0x08006e34   0x00000008   Code   RO          514    t._ZN3ros10SubscriberIN13skyguard_msgs12displacementEE10getMsgTypeEv  mainpp.o
    0x08006e3c   0x00000004   Code   RO          532    t._ZN3ros10SubscriberIN13skyguard_msgs12displacementEE15getEndpointTypeEv  mainpp.o
    0x08006e40   0x00000016   Code   RO          502    t._ZN3ros10SubscriberIN13skyguard_msgs12displacementEE8callbackEPh  mainpp.o
    0x08006e56   0x00000002   PAD
    0x08006e58   0x00000008   Code   RO          526    t._ZN3ros10SubscriberIN13skyguard_msgs12displacementEE9getMsgMD5Ev  mainpp.o
    0x08006e60   0x000000bc   Code   RO          430    t._ZN3ros11NodeHandle_I13STM32HardwareLi25ELi25ELi512ELi512EE15negotiateTopicsEv  mainpp.o
    0x08006f1c   0x00000022   Code   RO          423    t._ZN3ros11NodeHandle_I13STM32HardwareLi25ELi25ELi512ELi512EE15requestSyncTimeEv  mainpp.o
    0x08006f3e   0x00000002   PAD
    0x08006f40   0x00000104   Code   RO          495    t._ZN3ros11NodeHandle_I13STM32HardwareLi25ELi25ELi512ELi512EE7publishEiPKNS_3MsgE  mainpp.o
    0x08007044   0x00000290   Code   RO          395    t._ZN3ros11NodeHandle_I13STM32HardwareLi25ELi25ELi512ELi512EE8spinOnceEv  mainpp.o
    0x080072d4   0x0000002a   Code   RO          414    t._ZN3ros11NodeHandle_I13STM32HardwareLi25ELi25ELi512ELi512EE9advertiseERNS_9PublisherE  mainpp.o
    0x080072fe   0x00000002   PAD
    0x08007300   0x0000008c   Code   RO          444    t._ZN3ros11NodeHandle_I13STM32HardwareLi25ELi25ELi512ELi512EEC1Ev  mainpp.o
    0x0800738c   0x0000001c   Data   RO          278    .constdata          mainpp.o
    0x080073a8   0x00000012   Data   RO         1090    .constdata          gpio.o
    0x080073ba   0x00000010   Data   RO         1600    .constdata          system_stm32f4xx_1.o
    0x080073ca   0x00000008   Data   RO         1601    .constdata          system_stm32f4xx_1.o
    0x080073d2   0x00000001   Data   RO         2414    .constdata          driver_judge.o
    0x080073d3   0x00000001   PAD
    0x080073d4   0x00000300   Data   RO         2415    .constdata          driver_judge.o
    0x080076d4   0x00000008   Data   RO         4587    .constdata          stm32f4xx_hal_dma.o
    0x080076dc   0x00000018   Data   RO          459    .constdata__ZTVN13skyguard_msgs10ROS_ON_OFFE  mainpp.o
    0x080076f4   0x00000018   Data   RO          457    .constdata__ZTVN13skyguard_msgs12displacementE  mainpp.o
    0x0800770c   0x00000018   Data   RO          461    .constdata__ZTVN13skyguard_msgs18perspective_changeE  mainpp.o
    0x08007724   0x00000018   Data   RO          455    .constdata__ZTVN14rosserial_msgs20RequestParamResponseE  mainpp.o
    0x0800773c   0x00000018   Data   RO          653    .constdata__ZTVN14rosserial_msgs3LogE  mainpp.o
    0x08007754   0x00000018   Data   RO          453    .constdata__ZTVN14rosserial_msgs9TopicInfoE  mainpp.o
    0x0800776c   0x00000018   Data   RO          465    .constdata__ZTVN3ros10SubscriberIN13skyguard_msgs12displacementEEE  mainpp.o
    0x08007784   0x00000014   Data   RO          463    .constdata__ZTVN3ros11NodeHandle_I13STM32HardwareLi25ELi25ELi512ELi512EEE  mainpp.o
    0x08007798   0x00000018   Data   RO          451    .constdata__ZTVN8std_msgs4TimeE  mainpp.o
    0x080077b0   0x00000021   Data   RO          373    .constdata__ZZN13skyguard_msgs10ROS_ON_OFF6getMD5EvEs  mainpp.o
    0x080077d1   0x00000019   Data   RO          372    .constdata__ZZN13skyguard_msgs10ROS_ON_OFF7getTypeEvEs  mainpp.o
    0x080077ea   0x00000021   Data   RO          371    .constdata__ZZN13skyguard_msgs12displacement6getMD5EvEs  mainpp.o
    0x0800780b   0x0000001b   Data   RO          370    .constdata__ZZN13skyguard_msgs12displacement7getTypeEvEs  mainpp.o
    0x08007826   0x00000021   Data   RO          375    .constdata__ZZN13skyguard_msgs18perspective_change6getMD5EvEs  mainpp.o
    0x08007847   0x00000021   Data   RO          374    .constdata__ZZN13skyguard_msgs18perspective_change7getTypeEvEs  mainpp.o
    0x08007868   0x00000021   Data   RO          369    .constdata__ZZN14rosserial_msgs20RequestParamResponse6getMD5EvEs  mainpp.o
    0x08007889   0x00000021   Data   RO          368    .constdata__ZZN14rosserial_msgs3Log6getMD5EvEs  mainpp.o
    0x080078aa   0x00000013   Data   RO          367    .constdata__ZZN14rosserial_msgs3Log7getTypeEvEs  mainpp.o
    0x080078bd   0x00000021   Data   RO          366    .constdata__ZZN14rosserial_msgs9TopicInfo6getMD5EvEs  mainpp.o
    0x080078de   0x00000019   Data   RO          365    .constdata__ZZN14rosserial_msgs9TopicInfo7getTypeEvEs  mainpp.o
    0x080078f7   0x00000039   Data   RO          376    .constdata__ZZN3ros11NodeHandle_I13STM32HardwareLi25ELi25ELi512ELi512EE7publishEiPKNS_3MsgEEs  mainpp.o
    0x08007930   0x00000021   Data   RO          364    .constdata__ZZN8std_msgs4Time6getMD5EvEs  mainpp.o
    0x08007951   0x0000000e   Data   RO          363    .constdata__ZZN8std_msgs4Time7getTypeEvEs  mainpp.o
    0x0800795f   0x00000001   PAD
    0x08007960   0x00000020   Data   RO         5468    Region$$Table       anon$$obj.o
    0x08007980   0x00000004   Data   RO          287    .init_array         mainpp.o
    0x08007984   0x00000000   Data   RO         5377    .init_array         mc_w.l(cpp_init.o)


    Execution Region RW_IRAM1 (Base: 0x20000000, Size: 0x00003f98, Max: 0x00020000, ABSOLUTE, COMPRESSED[0x000005e0])

    Base Addr    Size         Type   Attr      Idx    E Section Name        Object

    0x20000000   0x00000084   Data   RW          279    .data               mainpp.o
    0x20000084   0x00000004   Data   RW         1034    .data               main.o
    0x20000088   0x00000024   Data   RW         1091    .data               gpio.o
    0x200000ac   0x00000004   Data   RW         1133    .data               can.o
    0x200000b0   0x00000004   Data   RW         1602    .data               system_stm32f4xx_1.o
    0x200000b4   0x00000001   Data   RW         1644    .data               bsp_can.o
    0x200000b5   0x00000003   PAD
    0x200000b8   0x00000004   Data   RW         1772    .data               motor_ctr.o
    0x200000bc   0x00000004   Data   RW         1773    .data               motor_ctr.o
    0x200000c0   0x00000004   Data   RW         1774    .data               motor_ctr.o
    0x200000c4   0x00000004   Data   RW         1775    .data               motor_ctr.o
    0x200000c8   0x00000004   Data   RW         2018    .data               perspective.o
    0x200000cc   0x00000004   Data   RW         2019    .data               perspective.o
    0x200000d0   0x00000008   Data   RW         2020    .data               perspective.o
    0x200000d8   0x00000688   Data   RW         2056    .data               embrace.o
    0x20000760   0x000006a4   Data   RW         2133    .data               lifting.o
    0x20000e04   0x00000004   Data   RW         2134    .data               lifting.o
    0x20000e08   0x00000004   Data   RW         2135    .data               lifting.o
    0x20000e0c   0x00000004   Data   RW         2136    .data               lifting.o
    0x20000e10   0x00000690   Data   RW         2202    .data               catch.o
    0x200014a0   0x00000054   Data   RW         2271    .data               chassis.o
    0x200014f4   0x00000010   Data   RW         2329    .data               giveballet.o
    0x20001504   0x00000010   Data   RW         2367    .data               stretch.o
    0x20001514   0x00000002   Data   RW         2416    .data               driver_judge.o
    0x20001516   0x00000004   Data   RW         2478    .data               judge_send.o
    0x2000151a   0x00000002   PAD
    0x2000151c   0x00000008   Data   RW         2536    .data               relay_s.o
    0x20001524   0x0000000c   Data   RW         5014    .data               stm32f4xx_hal.o
    0x20001530   0x00000004   Data   RW         5428    .data               mc_w.l(mvars.o)
    0x20001534   0x00000004   Data   RW         5429    .data               mc_w.l(mvars.o)
    0x20001538   0x00000001   Data   RW          466    .data__ZZN13STM32Hardware5flushEvE5mutex  mainpp.o
    0x20001539   0x00000003   PAD
    0x2000153c   0x00000014   Zero   RW           14    .bss                remote_control.o
    0x20001550   0x000009f4   Zero   RW          277    .bss                mainpp.o
    0x20001f44   0x00000080   Zero   RW         1132    .bss                can.o
    0x20001fc4   0x00000100   Zero   RW         1212    .bss                tim.o
    0x200020c4   0x00000064   Zero   RW         1276    .bss                usart.o
    0x20002128   0x00000340   Zero   RW         1277    .bss                usart.o
    0x20002468   0x00000040   Zero   RW         1562    .bss                stm32f4xx_hal_timebase_tim.o
    0x200024a8   0x00000380   Zero   RW         1642    .bss                bsp_can.o
    0x20002828   0x000010e0   Zero   RW         1771    .bss                motor_ctr.o
    0x20003908   0x00000064   Zero   RW         2270    .bss                chassis.o
    0x2000396c   0x0000002c   Zero   RW         2476    .bss                judge_send.o
    0x20003998   0x00000200   Zero   RW            2    HEAP                startup_stm32f407xx.o
    0x20003b98   0x00000400   Zero   RW            1    STACK               startup_stm32f407xx.o


==============================================================================

Image component sizes


      Code (inc. data)   RO Data    RW Data    ZI Data      Debug   Object Name

       348         28          0          1        896       5544   bsp_can.o
       428         54          0          4        128       3042   can.o
       630         74          0       1680          0       4676   catch.o
      1384        194          0         84        100       4962   chassis.o
       140          4          0          0          0        882   dma.o
       110         10        769          2          0       4014   driver_judge.o
       372         52          0       1672          0       4008   embrace.o
       152         34          0         16          0       1506   giveballet.o
       460         54         18         36          0       2507   gpio.o
       370         60          0          4         44       5173   judge_send.o
        76         10          0          0          0       1612   kinematics.o
       760         78          0       1712          0       5630   lifting.o
       472         92          0          4          0       3602   main.o
      3476        338        675        133       2548     672802   mainpp.o
      1472        126          0         16       4320       6641   motor_ctr.o
        96         20          0         16          0        998   perspective.o
       538         12          0          0          0       5481   pid.o
        76         18          0          8          0       1276   relay_s.o
       118          0          0          0         20     704108   remote_control.o
        36          8        392          0       1536        848   startup_stm32f407xx.o
        80         14          0         12          0       3378   stm32f4xx_hal.o
      2538        268          0          0          0       7832   stm32f4xx_hal_can.o
       420        196          0          0          0      33438   stm32f4xx_hal_cortex.o
      1724        194          8          0          0       7830   stm32f4xx_hal_dma.o
       976        256          0          0          0       3415   stm32f4xx_hal_gpio.o
        48          6          0          0          0        882   stm32f4xx_hal_msp.o
      1926        198          0          0          0       6181   stm32f4xx_hal_rcc.o
      2516        480          0          0          0      11396   stm32f4xx_hal_tim.o
       280         88          0          0          0       2593   stm32f4xx_hal_tim_ex.o
       116         16          0          0         64       1475   stm32f4xx_hal_timebase_tim.o
      2236        194          0          0          0      13406   stm32f4xx_hal_uart.o
       234        108          0          0          0      13151   stm32f4xx_it.o
       244         50          0         16          0       1990   stretch.o
        84         18         24          4          0       1239   system_stm32f4xx_1.o
       540         48          0          0        256       3825   tim.o
        32          4          0          0          0       1007   time.o
      1394         98          0          0        932       6901   usart.o
       106          0          0          0          0       2042   user_lib.o

    ----------------------------------------------------------------------
     27058       3502       1920       5428      10844    1561293   Object Totals
         0          0         32          0          0          0   (incl. Generated)
        50          0          2          8          0          0   (incl. Padding)

    ----------------------------------------------------------------------

      Code (inc. data)   RO Data    RW Data    ZI Data      Debug   Library Member Name

        94          0          0          0          0          0   __dclz77c.o
        32         10          0          0          0         80   cpp_init.o
         0          0          0          0          0          0   entry.o
         0          0          0          0          0          0   entry10a.o
         0          0          0          0          0          0   entry11a.o
         8          4          0          0          0          0   entry2.o
         4          0          0          0          0          0   entry5.o
         0          0          0          0          0          0   entry7b.o
         4          0          0          0          0          0   entry8a.o
         0          0          0          0          0          0   entry8b.o
         8          4          0          0          0          0   entry9a.o
        30          0          0          0          0          0   handlers.o
        36          8          0          0          0         68   init.o
         0          0          0          0          0          0   iusefp.o
        30          0          0          0          0         68   llshl.o
        36          0          0          0          0         68   llsshr.o
        32          0          0          0          0         68   llushr.o
       360         30          0          0          0        356   mallocr.o
        36          0          0          0          0         68   memcpya.o
        36          0          0          0          0        108   memseta.o
         0          0          0          8          0          0   mvars.o
        14          0          0          0          0         68   strlen.o
        98          0          0          0          0         92   uldiv.o
        56          0          0          0          0         88   d2f.o
       334          0          0          0          0        148   dadd.o
       222          0          0          0          0        100   ddiv.o
       186          0          0          0          0        176   depilogue.o
        62          0          0          0          0         80   dfixi.o
        34          0          0          0          0         76   dflti.o
       228          0          0          0          0         96   dmul.o
        38          0          0          0          0         68   f2d.o
       110          0          0          0          0        168   fepilogue.o

    ----------------------------------------------------------------------
      2130         56          0          8          0       2044   Library Totals
         2          0          0          0          0          0   (incl. Padding)

    ----------------------------------------------------------------------

      Code (inc. data)   RO Data    RW Data    ZI Data      Debug   Library Name

       858         56          0          8          0       1044   mc_w.l
      1270          0          0          0          0       1000   mf_w.l

    ----------------------------------------------------------------------
      2130         56          0          8          0       2044   Library Totals

    ----------------------------------------------------------------------

==============================================================================


      Code (inc. data)   RO Data    RW Data    ZI Data      Debug   

     29188       3558       1920       5436      10844    1540733   Grand Totals
     29188       3558       1920       1504      10844    1540733   ELF Image Totals (compressed)
     29188       3558       1920       1504          0          0   ROM Totals

==============================================================================

    Total RO  Size (Code + RO Data)                31108 (  30.38kB)
    Total RW  Size (RW Data + ZI Data)             16280 (  15.90kB)
    Total ROM Size (Code + RO Data + RW Data)      32612 (  31.85kB)

==============================================================================

